DATE_UTC=2026-02-06 22:19:24Z
DEVICE=emulator-5554
APP_PID=6090
PROBE_REQUEST=/api/v1/system/info
PROBE_RESPONSE_BEGIN
HTTP/1.1 200 OK

Content-Length: 45

Content-Type: application/json

Connection: close



{"platform":"android","timeMs":1770416363386}
PROBE_RESPONSE_END
LOGCAT_PID_TAIL_BEGIN
--------- beginning of main
02-06 17:18:50.975  6090  6090 I Zygote  : Process 6090 created for com.netninja
02-06 17:18:50.975  6090  6090 I com.netninja: Late-enabling -Xcheck:jni
02-06 17:18:51.321  6090  6090 I com.netninja: Using CollectorTypeCMC GC.
02-06 17:18:51.325  6090  6090 W com.netninja: Unexpected CPU variant for x86: x86_64.
02-06 17:18:51.325  6090  6090 W com.netninja: Known variants: atom, sandybridge, silvermont, goldmont, goldmont-plus, goldmont-without-sha-xsaves, tremont, kabylake, alderlake, default
02-06 17:18:51.461  6090  6090 D nativeloader: Load libframework-connectivity-tiramisu-jni.so using APEX ns com_android_tethering for caller /apex/com.android.tethering/javalib/framework-connectivity-t.jar: ok
02-06 17:18:51.732  6090  6090 D CompatChangeReporter: Compat change id reported: 242716250; UID 10227; state: ENABLED
02-06 17:18:52.286  6090  6090 D nativeloader: Configuring clns-9 for other apk /data/app/~~0t1PXGxB_HlISLgB_PEwfA==/com.netninja-vcxTvyJLVQ73b_6CF0MpCQ==/base.apk. target_sdk_version=34, uses_libraries=, library_path=/data/app/~~0t1PXGxB_HlISLgB_PEwfA==/com.netninja-vcxTvyJLVQ73b_6CF0MpCQ==/lib/x86_64, permitted_path=/data:/mnt/expand:/data/user/0/com.netninja
02-06 17:18:52.354  6090  6090 V GraphicsEnvironment: Currently set values for:
02-06 17:18:52.355  6090  6090 V GraphicsEnvironment:   angle_gl_driver_selection_pkgs=[]
02-06 17:18:52.355  6090  6090 V GraphicsEnvironment:   angle_gl_driver_selection_values=[]
02-06 17:18:52.355  6090  6090 V GraphicsEnvironment: com.netninja is not listed in per-application setting
02-06 17:18:52.358  6090  6090 V GraphicsEnvironment: ANGLE allowlist from config: com.dreamgames.royalmatch com.dts.freefiremax com.dxx.firenow com.gramgames.mergedragons com.ludo.king com.mojang.minecraftpe com.my.defense com.nintendo.zaka com.os.airforce com.playrix.fishdomdd.gplay io.teslatech.callbreak jp.konami.prospia net.peakgames.toonblast
02-06 17:18:52.358  6090  6090 V GraphicsEnvironment: No special selections for ANGLE, returning default driver choice
02-06 17:18:52.359  6090  6090 V GraphicsEnvironment: Neither updatable production driver nor prerelease driver is supported.
--------- beginning of system
02-06 17:18:52.609  6090  6147 I DisplayManager: Choreographer implicitly registered for the refresh rate.
02-06 17:18:52.731  6090  6090 D DesktopExperienceFlags: Toggle override initialized to: false
02-06 17:18:52.811  6090  6090 D AppCompatDelegate: Checking for metadata for AppLocalesMetadataHolderService : Service not found
02-06 17:18:52.837  6090  6147 I GFXSTREAM: [eglDisplay.cpp(297)] Opening libGLESv1_CM_emulation.so
02-06 17:18:52.838  6090  6147 I GFXSTREAM: [eglDisplay.cpp(297)] Opening libGLESv2_emulation.so
02-06 17:18:52.855  6090  6090 E ashmem  : Pinning is deprecated since Android Q. Please use trim or other methods.
02-06 17:18:52.857  6090  6147 W HWUI    : Failed to initialize 101010-2 format, error = EGL_SUCCESS
02-06 17:18:53.246  6090  6090 I WebViewFactory: Loading com.google.android.webview version 134.0.6998.135 (code 699813538)
02-06 17:18:53.265  6090  6090 V ResourcesManager: The following library key has been added: ResourcesKey{ mHash=4dd86d1e mResDir=null mSplitDirs=[] mOverlayDirs=[] mLibDirs=[/data/app/~~n4P4NRtv_AgP--tvNWhVcg==/com.google.android.webview-8p9ODSK7Hmohclj1PZ1XGQ==/WebViewGoogle.apk,/data/app/~~-4j5WJnjqUAJgciZvLnkFw==/com.google.android.trichromelibrary_699813538-xCjo2iyt4-xk2eGZfpXffA==/TrichromeLibrary.apk,/system_ext/framework/androidx.window.extensions.jar] mDisplayId=0 mOverrideConfig=v36 mCompatInfo={420dpi always-compat} mLoaders=[]}
02-06 17:18:53.283  6090  6090 W com.netninja: Failed to find entry 'classes.dex': Entry not found
02-06 17:18:53.286  6090  6090 D nativeloader: Configuring clns-10 for other apk /data/app/~~-4j5WJnjqUAJgciZvLnkFw==/com.google.android.trichromelibrary_699813538-xCjo2iyt4-xk2eGZfpXffA==/TrichromeLibrary.apk. target_sdk_version=35, uses_libraries=ALL, library_path=/data/app/~~n4P4NRtv_AgP--tvNWhVcg==/com.google.android.webview-8p9ODSK7Hmohclj1PZ1XGQ==/lib/x86_64:/data/app/~~n4P4NRtv_AgP--tvNWhVcg==/com.google.android.webview-8p9ODSK7Hmohclj1PZ1XGQ==/WebViewGoogle.apk!/lib/x86_64:/data/app/~~-4j5WJnjqUAJgciZvLnkFw==/com.google.android.trichromelibrary_699813538-xCjo2iyt4-xk2eGZfpXffA==/TrichromeLibrary.apk!/lib/x86_64, permitted_path=/data:/mnt/expand
02-06 17:18:53.288  6090  6090 D ApplicationLoaders: Returning zygote-cached class loader: /system_ext/framework/androidx.window.extensions.jar
02-06 17:18:53.299  6090  6090 D nativeloader: Configuring clns-11 for other apk /data/app/~~n4P4NRtv_AgP--tvNWhVcg==/com.google.android.webview-8p9ODSK7Hmohclj1PZ1XGQ==/WebViewGoogle.apk. target_sdk_version=35, uses_libraries=, library_path=/data/app/~~n4P4NRtv_AgP--tvNWhVcg==/com.google.android.webview-8p9ODSK7Hmohclj1PZ1XGQ==/lib/x86_64:/data/app/~~n4P4NRtv_AgP--tvNWhVcg==/com.google.android.webview-8p9ODSK7Hmohclj1PZ1XGQ==/WebViewGoogle.apk!/lib/x86_64:/data/app/~~-4j5WJnjqUAJgciZvLnkFw==/com.google.android.trichromelibrary_699813538-xCjo2iyt4-xk2eGZfpXffA==/TrichromeLibrary.apk!/lib/x86_64, permitted_path=/data:/mnt/expand
02-06 17:18:53.524  6090  6090 I cr_WVCFactoryProvider: version=134.0.6998.135 (699813538) minSdkVersion=29 isBundle=false multiprocess=true packageId=2
02-06 17:18:53.582  6090  6090 D nativeloader: Load /data/app/~~-4j5WJnjqUAJgciZvLnkFw==/com.google.android.trichromelibrary_699813538-xCjo2iyt4-xk2eGZfpXffA==/TrichromeLibrary.apk!/lib/x86_64/libmonochrome_64.so using class loader ns clns-11 (caller=/data/app/~~n4P4NRtv_AgP--tvNWhVcg==/com.google.android.webview-8p9ODSK7Hmohclj1PZ1XGQ==/WebViewGoogle.apk): ok
02-06 17:18:53.602  6090  6090 D nativeloader: Load /system/lib64/libwebviewchromium_plat_support.so using class loader ns clns-11 (caller=/data/app/~~n4P4NRtv_AgP--tvNWhVcg==/com.google.android.webview-8p9ODSK7Hmohclj1PZ1XGQ==/WebViewGoogle.apk): ok
02-06 17:18:53.650  6090  6158 E chromium: [0206/171853.640550:ERROR:variations_seed_loader.cc(39)] Seed missing signature.
02-06 17:18:53.671  6090  6158 I chromium: [0206/171853.661349:INFO:variations_seed_loader.cc(67)] Failed to open file for reading.: No such file or directory (2)
02-06 17:18:53.715  6090  6090 I cr_LibraryLoader: Successfully loaded native library
02-06 17:18:53.729  6090  6090 I cr_CachingUmaRecorder: Flushed 6 samples from 6 histograms, 0 samples were dropped.
02-06 17:18:53.760  6090  6090 I cr_CombinedPProvider: #registerProvider() provider:WV.I8@793c43 isPolicyCacheEnabled:false policyProvidersSize:0
02-06 17:18:53.763  6090  6090 I cr_PolicyProvider: #setManagerAndSource() 0
02-06 17:18:53.792  6090  6090 D DesktopModeFlags: Toggle override initialized to: OVERRIDE_UNSET
02-06 17:18:53.971  6090  6090 I cr_CombinedPProvider: #linkNativeInternal() 1
02-06 17:18:53.973  6090  6090 I cr_AppResProvider: #getApplicationRestrictionsFromUserManager() Bundle[EMPTY_PARCEL]
02-06 17:18:53.974  6090  6090 I cr_PolicyProvider: #notifySettingsAvailable() 0
02-06 17:18:53.974  6090  6090 I cr_CombinedPProvider: #onSettingsAvailable() 0
02-06 17:18:53.974  6090  6090 I cr_CombinedPProvider: #flushPolicies()
02-06 17:18:54.942  6090  6182 W cr_media: BLUETOOTH_CONNECT permission is missing.
02-06 17:18:54.951  6090  6182 W cr_media: getBluetoothAdapter() requires BLUETOOTH permission
02-06 17:18:54.951  6090  6182 W cr_media: registerBluetoothIntentsIfNeeded: Requires BLUETOOTH permission
02-06 17:18:54.974  6090  6175 D CompatChangeReporter: Compat change id reported: 247079863; UID 10227; state: ENABLED
02-06 17:18:55.025  6090  6199 W libc    : Access denied finding property "vendor.mesa.log"
02-06 17:18:55.025  6090  6199 W libc    : Access denied finding property "vendor.mesa.log.file"
02-06 17:18:55.026  6090  6199 E MESA    : Failed to open rendernode: No such file or directory
02-06 17:18:55.026  6090  6199 E MESA    : Failed to open rendernode: No such file or directory
02-06 17:18:55.045  6090  6090 I com.netninja: hiddenapi: Accessing hidden method Landroid/view/ViewGroup;->makeOptionalFitsSystemWindows()V (runtime_flags=0, domain=platform, api=unsupported) from Landroidx/appcompat/widget/ViewUtils; (domain=app, TargetSdkVersion=34) using reflection: allowed
02-06 17:18:55.049  6090  6199 E MESA    : Failed to open rendernode: No such file or directory
02-06 17:18:55.049  6090  6199 E MESA    : Failed to open rendernode: No such file or directory
02-06 17:18:55.051  6090  6199 E MESA    : Failed to open rendernode: No such file or directory
02-06 17:18:55.051  6090  6199 E MESA    : Failed to open rendernode: No such file or directory
02-06 17:18:55.055  6090  6199 E MESA    : Failed to open rendernode: No such file or directory
02-06 17:18:55.056  6090  6199 E MESA    : Failed to open rendernode: No such file or directory
02-06 17:18:55.061  6090  6199 W libc    : Access denied finding property "vendor.mesa.vk.trace.per.submit"
02-06 17:18:55.062  6090  6199 W libc    : Access denied finding property "vendor.mesa.gallium.print.optio"
02-06 17:18:55.062  6090  6199 W libc    : Access denied finding property "vendor.mesa.vk.trace.frame"
02-06 17:18:55.083  6090  6199 E MESA    : Failed to open rendernode: No such file or directory
02-06 17:18:55.087  6090  6199 W libc    : Access denied finding property "vendor.mesa.vk.wsi.headless.swa"
02-06 17:18:55.092  6090  6199 E MESA    : Failed to open rendernode: No such file or directory
02-06 17:18:55.093  6090  6199 E MESA    : Failed to open rendernode: No such file or directory
02-06 17:18:55.162  6090  6199 W chromium: [WARNING:viz_main_impl.cc(85)] VizNullHypothesis is disabled (not a warning)
02-06 17:18:55.263  6090  6090 W HWUI    : Unknown dataspace 0
02-06 17:18:55.461  6090  6220 I CameraManagerGlobal: Connecting to camera service
02-06 17:18:55.994  6090  6090 I Choreographer: Skipped 63 frames!  The application may be doing too much work on its main thread.
02-06 17:18:56.026  6090  6090 D VRI[MainActivity]: WindowInsets changed: 1080x2400 statusBars:[0,63,0,0] navigationBars:[0,0,0,63] mandatorySystemGestures:[0,63,0,84] 
02-06 17:18:56.034  6090  6090 D WindowOnBackDispatcher: setTopOnBackInvokedCallback (unwrapped): android.view.ViewRootImpl$$ExternalSyntheticLambda12@2336ea9
02-06 17:18:56.484  6090  6199 E GFXSTREAM: [GLClientState.cpp(298)] set vao to self, no-op (1)
02-06 17:18:56.492  6090  6135 I HWUI    : Davey! duration=1516ms; Flags=1, FrameTimelineVsyncId=19568, IntendedVsync=457963025930, Vsync=459013025888, InputEventId=0, HandleInputStart=459017586700, AnimationStart=459017854900, PerformTraversalsStart=459034215800, DrawStart=459163232400, FrameDeadline=457979692596, FrameStartTime=459015921000, FrameInterval=16666666, WorkloadTarget=16666666, SyncQueued=459193049900, SyncStart=459194590400, IssueDrawCommandsStart=459196837200, SwapBuffers=459279321700, FrameCompleted=459481504300, DequeueBufferDuration=48500, QueueBufferDuration=812700, GpuCompleted=459481504300, SwapBuffersCompleted=459467699500, DisplayPresentTime=0, CommandSubmissionCompleted=459279321700, 
02-06 17:18:57.250  6090  6090 D NetNinjaWebView: page start: file:///android_asset/web-ui/ninja_mobile_new.html?bootstrap=1
02-06 17:18:57.255  6090  6090 I Choreographer: Skipped 73 frames!  The application may be doing too much work on its main thread.
02-06 17:18:57.447  6090  6090 D InsetsController: hide(ime())
02-06 17:18:57.455  6090  6090 I ImeTracker: com.netninja:5e0a3b68: onCancelled at PHASE_CLIENT_ALREADY_HIDDEN
02-06 17:18:57.473  6090  6244 I HWUI    : Davey! duration=1406ms; Flags=0, FrameTimelineVsyncId=19598, IntendedVsync=459046359220, Vsync=460263025838, InputEventId=0, HandleInputStart=460281930300, AnimationStart=460281977200, PerformTraversalsStart=460369899100, DrawStart=460374862700, FrameDeadline=459513025868, FrameStartTime=460276752300, FrameInterval=16666666, WorkloadTarget=16666666, SyncQueued=460383697600, SyncStart=460383964500, IssueDrawCommandsStart=460384001800, SwapBuffers=460444781500, FrameCompleted=460453277100, DequeueBufferDuration=90100, QueueBufferDuration=647600, GpuCompleted=460452920300, SwapBuffersCompleted=460453277100, DisplayPresentTime=0, CommandSubmissionCompleted=460444781500, 
02-06 17:18:57.488  6090  6243 I HWUI    : Using FreeType backend (prop=Auto)
02-06 17:18:58.282  6090  6090 I Choreographer: Skipped 36 frames!  The application may be doing too much work on its main thread.
02-06 17:18:58.294  6090  6250 D ProfileInstaller: Installing profile for com.netninja
02-06 17:18:58.302  6090  6135 I HWUI    : Davey! duration=753ms; Flags=0, FrameTimelineVsyncId=19991, IntendedVsync=460529692494, Vsync=460529692494, InputEventId=0, HandleInputStart=460535822100, AnimationStart=460536054400, PerformTraversalsStart=460556110000, DrawStart=460556389100, FrameDeadline=460546359160, FrameStartTime=460535596200, FrameInterval=16666666, WorkloadTarget=16666666, SyncQueued=460557983700, SyncStart=460558374300, IssueDrawCommandsStart=460558593800, SwapBuffers=461059130200, FrameCompleted=461283696200, DequeueBufferDuration=80600, QueueBufferDuration=648300, GpuCompleted=461283367600, SwapBuffersCompleted=461283696200, DisplayPresentTime=0, CommandSubmissionCompleted=461059130200, 
02-06 17:18:58.434  6090  6135 I HWUI    : Davey! duration=722ms; Flags=0, FrameTimelineVsyncId=20052, IntendedVsync=460696359154, Vsync=461296359130, InputEventId=0, HandleInputStart=461307323600, AnimationStart=461307607100, PerformTraversalsStart=461341913200, DrawStart=461342238400, FrameDeadline=461379692460, FrameStartTime=461303438500, FrameInterval=16666666, WorkloadTarget=16666666, SyncQueued=461350634300, SyncStart=461362056500, IssueDrawCommandsStart=461362200900, SwapBuffers=461398655200, FrameCompleted=461430104100, DequeueBufferDuration=212400, QueueBufferDuration=348900, GpuCompleted=461430104100, SwapBuffersCompleted=461403006100, DisplayPresentTime=0, CommandSubmissionCompleted=461398655200, 
02-06 17:18:58.972  6090  6230 W System.err: SLF4J(W): No SLF4J providers were found.
02-06 17:18:58.972  6090  6230 W System.err: SLF4J(W): Defaulting to no-operation (NOP) logger implementation
02-06 17:18:58.972  6090  6230 W System.err: SLF4J(W): See https://www.slf4j.org/codes.html#noProviders for further details.
02-06 17:19:00.489  6090  6118 I com.netninja: Compiler allocated 5087KB to compile void android.view.ViewRootImpl.performTraversals()
02-06 17:19:01.404  6090  6119 W com.netninja: userfaultfd: MOVE ioctl seems unsupported: Connection timed out
02-06 17:19:01.428  6090  6119 I com.netninja: Background concurrent mark compact GC freed 6331KB AllocSpace bytes, 15(384KB) LOS objects, 49% free, 5790KB/11MB, paused 6.908ms,4.172ms total 102.582ms
02-06 17:19:02.155  6090  6090 D NetNinjaWebView: page start: http://127.0.0.1:8787/ui/ninja_mobile_new.html
02-06 17:19:02.156  6090  6176 D CompatChangeReporter: Compat change id reported: 263076149; UID 10227; state: ENABLED
02-06 17:19:02.444  6090  6119 I com.netninja: Background young concurrent mark compact GC freed 4229KB AllocSpace bytes, 5(164KB) LOS objects, 38% free, 7167KB/11MB, paused 3.340ms,10.087ms total 170.332ms
LOGCAT_PID_TAIL_END
