02-09 04:23:03.955 W/ProvidersCache( 1695): 	at com.android.documentsui.roots.ProvidersCache$MultiProviderUpdateTask.handleDocumentsProvider(ProvidersCache.java:644)
02-09 04:23:03.955 W/ProvidersCache( 1695): 	at com.android.documentsui.roots.ProvidersCache$MultiProviderUpdateTask.startSingleProviderUpdateTask(ProvidersCache.java:620)
02-09 04:23:03.955 W/ProvidersCache( 1695): 	at com.android.documentsui.roots.ProvidersCache$MultiProviderUpdateTask.lambda$doInBackground$0(ProvidersCache.java:566)
02-09 04:23:03.955 W/ProvidersCache( 1695): 	at com.android.documentsui.roots.ProvidersCache$MultiProviderUpdateTask.$r8$lambda$JoZYG_i4kbsZkEOv7jFikTYLS9c(ProvidersCache.java:0)
02-09 04:23:03.955 W/ProvidersCache( 1695): 	at com.android.documentsui.roots.ProvidersCache$MultiProviderUpdateTask$$ExternalSyntheticLambda0.run(R8$$SyntheticClass:0)
02-09 04:23:03.955 W/ProvidersCache( 1695): 	at java.util.concurrent.Executors$RunnableAdapter.call(Executors.java:487)
02-09 04:23:03.955 W/ProvidersCache( 1695): 	at java.util.concurrent.FutureTask.run(FutureTask.java:264)
02-09 04:23:03.955 W/ProvidersCache( 1695): 	at java.util.concurrent.ThreadPoolExecutor.runWorker(ThreadPoolExecutor.java:1145)
02-09 04:23:03.955 W/ProvidersCache( 1695): 	at java.util.concurrent.ThreadPoolExecutor$Worker.run(ThreadPoolExecutor.java:644)
02-09 04:23:03.955 W/ProvidersCache( 1695): 	at java.lang.Thread.run(Thread.java:1012)
02-09 04:23:03.990 W/oid.documentsui( 1695): Long monitor contention with owner pool-2-thread-5 (1736) at void com.android.documentsui.roots.ProvidersCache$MultiProviderUpdateTask.handleDocumentsProvider(android.content.pm.ProviderInfo, com.android.documentsui.base.UserId)(ProvidersCache.java:645) waiters=0 in void com.android.documentsui.roots.ProvidersCache$MultiProviderUpdateTask.handleDocumentsProvider(android.content.pm.ProviderInfo, com.android.documentsui.base.UserId) for 20.461s
02-09 04:23:04.050 W/ActivityManager(  543): Slow operation: 1195ms so far, now at startProcess: starting to update pids map
02-09 04:23:04.053 I/.localtransport( 1869): Using CollectorTypeCC GC.
02-09 04:23:04.083 W/.localtransport( 1869): Unexpected CPU variant for x86: x86_64.
02-09 04:23:04.083 W/.localtransport( 1869): Known variants: atom, sandybridge, silvermont, goldmont, goldmont-plus, tremont, kabylake, default
02-09 04:23:04.094 I/ActivityManager(  543): Flag disabled. Ignoring finishAttachApplication from uid: 10069. pid: 1840
02-09 04:23:04.110 W/ActivityManager(  543): Slow operation: 1256ms so far, now at startProcess: done updating pids map
02-09 04:23:04.115 W/Looper  (  543): Slow dispatch took 729ms android.ui h=com.android.server.am.ActivityManagerService$UiHandler c=null m=2
02-09 04:23:04.160 D/CompatibilityChangeReporter(  543): Compat change id reported: 135634846; UID 10070; state: DISABLED
02-09 04:23:04.166 D/CompatibilityChangeReporter(  543): Compat change id reported: 177438394; UID 10070; state: DISABLED
02-09 04:23:04.173 D/CompatibilityChangeReporter(  543): Compat change id reported: 135772972; UID 10070; state: DISABLED
02-09 04:23:04.175 D/CompatibilityChangeReporter(  543): Compat change id reported: 135754954; UID 10070; state: ENABLED
02-09 04:23:04.186 D/CompatibilityChangeReporter(  543): Compat change id reported: 143937733; UID 10070; state: ENABLED
02-09 04:23:04.234 W/Looper  (  543): Drained
02-09 04:23:04.235 W/Looper  (  543): Slow dispatch took 595ms android.fg h=com.android.server.DropBoxManagerService$DropBoxManagerBroadcastHandler c=null m=1
02-09 04:23:04.245 E/.localtransport( 1869): Not starting debugger since process cannot load the jdwp agent.
02-09 04:23:04.292 I/ActivityManager(  543): Flag disabled. Ignoring finishAttachApplication from uid: 10108. pid: 1765
02-09 04:23:04.378 I/MessagingApp( 1765): Upgrading shared prefs from -1 to 1
02-09 04:23:04.394 W/MessagingApp( 1765): PhoneUtils.getForLMR1(): invalid subId = -1
02-09 04:23:04.525 D/AdapterState( 1552): make() - Creating AdapterState
02-09 04:23:04.507 D/Zygote  (  328): Forked child process 1885
02-09 04:23:04.560 W/ActivityManager(  543): Slow operation: 403ms so far, now at startProcess: returned from zygote!
02-09 04:23:04.673 W/MessagingApp( 1765): PhoneUtils.getForLMR1(): invalid subId = -1
02-09 04:23:04.675 I/ActivityManager(  543): dumpStackTraces pids={}
02-09 04:23:04.698 E/ActivityManager(  543): Timeout waiting for provider com.android.providers.media.module/10137 for provider com.android.providers.media.documents caller=ProcessRecord{a4239ef 1695:com.android.documentsui/u0a72}
02-09 04:23:04.701 I/ManagedProvisioning( 1840): Running UpdateInteractAcrossProfilesAppOpTask.
02-09 04:23:04.714 I/ManagedProvisioning( 1840): Previous cross profile apps snapshot: {}
02-09 04:23:04.748 D/CompatibilityChangeReporter(  543): Compat change id reported: 210923482; UID 1000; state: ENABLED
02-09 04:23:04.769 W/ActivityManager(  543): Slow operation: 611ms so far, now at startProcess: done updating battery stats
02-09 04:23:04.780 W/ActivityManager(  543): Slow operation: 620ms so far, now at startProcess: building log message
02-09 04:23:04.781 I/ActivityManager(  543): Start proc 1885:com.android.externalstorage/u0a70 for content provider {com.android.externalstorage/com.android.externalstorage.ExternalStorageProvider}
02-09 04:23:04.781 W/ActivityManager(  543): Slow operation: 624ms so far, now at startProcess: starting to update pids map
02-09 04:23:04.782 W/ActivityManager(  543): Slow operation: 625ms so far, now at startProcess: done updating pids map
02-09 04:23:04.803 W/system_server(  543): Long monitor contention with owner binder:543_6 (1019) at void com.android.server.am.ActivityManagerService.finishReceiver(android.os.IBinder, int, java.lang.String, android.os.Bundle, boolean, int)(ActivityManagerService.java:15446) waiters=6 in android.content.Intent com.android.server.am.ActivityManagerService.registerReceiverWithFeature(android.app.IApplicationThread, java.lang.String, java.lang.String, java.lang.String, android.content.IIntentReceiver, android.content.IntentFilter, java.lang.String, int, int) for 608ms
02-09 04:23:04.805 D/CompatibilityChangeReporter(  543): Compat change id reported: 171228096; UID 1000; state: ENABLED
02-09 04:23:04.878 I/ManagedProvisioning( 1840): current cross profile apps snapshot: []
02-09 04:23:04.879 I/ManagedProvisioning( 1840): Granting INTERACT_ACROSS_PROFILES to the new default cross profile apps: []
02-09 04:23:04.900 I/ManagedProvisioning( 1840): Reapplying INTERACT_ACROSS_PROFILES for apps with non default values.
02-09 04:23:04.921 W/system_server(  543): Long monitor contention with owner binder:543_6 (1019) at void com.android.server.am.ActivityManagerService.finishReceiver(android.os.IBinder, int, java.lang.String, android.os.Bundle, boolean, int)(ActivityManagerService.java:15446) waiters=8 in boolean com.android.server.am.BroadcastQueueModernImpl.lambda$new$0(android.os.Message) for 204ms
02-09 04:23:05.160 I/AdapterState( 1552): OFF : entered 
02-09 04:23:05.161 D/AdapterProperties( 1552): Setting state to OFF
02-09 04:23:05.400 I/externalstorage( 1885): Using CollectorTypeCC GC.
02-09 04:23:05.409 W/externalstorage( 1885): Unexpected CPU variant for x86: x86_64.
02-09 04:23:05.409 W/externalstorage( 1885): Known variants: atom, sandybridge, silvermont, goldmont, goldmont-plus, tremont, kabylake, default
02-09 04:23:05.458 E/externalstorage( 1885): Not starting debugger since process cannot load the jdwp agent.
02-09 04:23:05.542 I/ActivityManager(  543): Dumping to /data/anr/anr_2026-02-09-04-23-04-688
02-09 04:23:05.636 W/MessagingApp( 1765): Rebuilt databases: reseting related state
02-09 04:23:05.675 D/PackageManager(  543): Instant App installer not found with android.intent.action.INSTALL_INSTANT_APP_PACKAGE
02-09 04:23:05.688 D/PackageManager(  543): Clear ephemeral installer activity
02-09 04:23:05.764 I/MediaApplication( 1627): PhotoPickerSettingsActivity is now disabled.
02-09 04:23:05.767 I/ActivityManager(  543): Flag disabled. Ignoring finishAttachApplication from uid: 10137. pid: 1627
02-09 04:23:05.806 W/MessagingApp( 1765): PhoneUtils.getForLMR1(): invalid subId = -1
02-09 04:23:05.859 D/BluetoothKeystoreService( 1552): new BluetoothKeystoreService isCommonCriteriaMode: false
02-09 04:23:06.029 D/CompatibilityChangeReporter( 1245): Compat change id reported: 171228096; UID 10113; state: ENABLED
02-09 04:23:06.072 D/BluetoothKeystoreService( 1552): start
02-09 04:23:06.162 W/MessagingApp( 1765): PhoneUtils.getForLMR1(): invalid subId = -1
02-09 04:23:06.173 W/MessagingApp( 1765): PhoneUtils.getForLMR1(): invalid subId = -1
02-09 04:23:06.217 W/MessagingApp( 1765): PhoneUtils.getSelfRawNumber: subInfo is null for -1
02-09 04:23:06.222 I/droid.bluetooth( 1552): [0209/042306.222312:INFO:com_android_bluetooth_btservice_BluetoothKeystore.cpp(97)] classInitNative: succeeds
02-09 04:23:06.223 D/BluetoothKeystoreService( 1552): setBluetoothKeystoreService(): set to: com.android.bluetooth.btservice.bluetoothkeystore.BluetoothKeystoreService@7e2bc99
02-09 04:23:06.225 W/MessagingApp( 1765): PhoneUtils.getForLMR1(): invalid subId = -1
02-09 04:23:06.226 W/MessagingApp( 1765): PhoneUtils.getForLMR1(): invalid subId = -1
02-09 04:23:06.305 D/CompatibilityChangeReporter( 1245): Compat change id reported: 210923482; UID 10113; state: ENABLED
02-09 04:23:06.486 D/BluetoothKeystoreService( 1552): loadConfigData
02-09 04:23:06.518 I/ActivityManager(  543): dumpStackTraces nativepids=null
02-09 04:23:06.550 D/MmsSmsDatabaseHelper( 1198): clearMmsParts: removing all attachments from: /data/user_de/0/com.android.providers.telephony/app_parts
02-09 04:23:06.683 W/WindowMagnificationMgr(  543): requestConnection duplicated request: connect=false, mConnectionState=DISCONNECTED
02-09 04:23:06.822 W/system_server(  543): Long monitor contention with owner main (543) at java.util.ArrayList com.android.server.accessibility.AccessibilityManagerService$AccessibilityDisplayListener.getValidDisplayList()(AccessibilityManagerService.java:4480) waiters=0 in long com.android.server.accessibility.AccessibilityManagerService.addClient(android.view.accessibility.IAccessibilityManagerClient, int) for 365ms
02-09 04:23:06.827 D/BluetoothKeystoreService( 1552): getCompareResult: 0
02-09 04:23:06.842 W/Looper  (  543): Slow dispatch took 3238ms main h=android.app.ActivityThread$H c=android.app.LoadedApk$ReceiverDispatcher$Args$$ExternalSyntheticLambda0@3e97f35 m=0
02-09 04:23:06.942 D/CompatibilityChangeReporter( 1245): Compat change id reported: 147798919; UID 10113; state: ENABLED
02-09 04:23:06.957 W/Looper  (  543): Slow dispatch took 102ms android.fg h=android.os.Handler c=com.android.server.am.SameProcessApplicationThread$$ExternalSyntheticLambda1@eb1253b m=0
02-09 04:23:07.006 W/Looper  (  543): Slow dispatch took 134ms main h=android.os.Handler c=android.app.LoadedApk$ReceiverDispatcher$Args$$ExternalSyntheticLambda0@1670458 m=0
02-09 04:23:07.113 D/SystemServerTiming(  543): ManagedServices.unbindOtherUserServices_current0
02-09 04:23:07.122 V/SystemServerTiming(  543): ManagedServices.unbindOtherUserServices_current0 took to complete: 0ms
02-09 04:23:07.354 D/SystemServerTiming(  543): ManagedServices.unbindOtherUserServices_current0
02-09 04:23:07.365 W/AppSearchIcing(  543): icing-search-engine.cc:283: Error: 5, Message: Missing file: /data/system_ce/0/appsearch/icing/schema_dir/schema.pb
02-09 04:23:07.372 V/SystemServerTiming(  543): ManagedServices.unbindOtherUserServices_current0 took to complete: 18ms
02-09 04:23:07.373 D/SystemServerTiming(  543): ManagedServices.unbindOtherUserServices_current0
02-09 04:23:07.373 V/SystemServerTiming(  543): ManagedServices.unbindOtherUserServices_current0 took to complete: 0ms
02-09 04:23:07.375 V/NotificationAssistants(  543): enabling notification assistant for 0: ComponentInfo{android.ext.services/android.ext.services.notification.Assistant}
02-09 04:23:07.375 V/NotificationAssistants(  543): Not registering ComponentInfo{android.ext.services/android.ext.services.notification.Assistant} is already bound
02-09 04:23:07.424 W/Looper  (  543): Slow dispatch took 354ms main h=android.app.ActivityThread$H c=android.app.LoadedApk$ReceiverDispatcher$Args$$ExternalSyntheticLambda0@cbd199c m=0
02-09 04:23:07.499 W/AppSearchIcing(  543): icing-search-engine.cc:283: Error: 5, Message: Missing file: /data/system_ce/0/appsearch/icing/schema_dir/schema.pb
02-09 04:23:07.590 W/Looper  (  543): Slow dispatch took 157ms main h=android.app.ActivityThread$H c=android.app.LoadedApk$ReceiverDispatcher$Args$$ExternalSyntheticLambda0@503388 m=0
02-09 04:23:07.683 D/CompatibilityChangeReporter( 1552): Compat change id reported: 183155436; UID 1002; state: ENABLED
02-09 04:23:07.759 W/Looper  (  543): Slow dispatch took 331ms android.fg h=android.os.Handler c=com.android.server.timedetector.EnvironmentImpl$$ExternalSyntheticLambda1@ef87707 m=0
02-09 04:23:07.809 W/Looper  (  543): Slow delivery took 376ms android.fg h=android.os.Handler c=com.android.server.timedetector.TimeDetectorService$$ExternalSyntheticLambda4@a790034 m=0
02-09 04:23:07.941 I/bt_btif ( 1552): packages/modules/Bluetooth/system/btif/src/bluetooth.cc:386 init: init: start restricted = 0 ; common criteria mode = 0, config compare result = 0
02-09 04:23:08.087 I/InputReader(  543): Reconfiguring input devices, changes=KEYBOARD_LAYOUTS
02-09 04:23:08.215 D/libEGL  (  543): loaded /vendor/lib64/egl/libEGL_emulation.so
02-09 04:23:08.377 W/system_server(  543): Long monitor contention with owner ActivityManager (582) at void com.android.server.am.BroadcastQueueModernImpl.checkPendingColdStartValidity()(BroadcastQueueModernImpl.java:551) waiters=0 in android.content.Intent com.android.server.am.ActivityManagerService.registerReceiverWithFeature(android.app.IApplicationThread, java.lang.String, java.lang.String, java.lang.String, android.content.IIntentReceiver, android.content.IntentFilter, java.lang.String, int, int) for 2.574s
02-09 04:23:08.379 D/CompatibilityChangeReporter(  543): Compat change id reported: 161145287; UID 1000; state: ENABLED
02-09 04:23:08.573 I/bt      ( 1552): bt_common::init_flags: Flags loaded: asha_packet_drop_frequency_threshold=60asha_phy_update_retry_limit=5always_send_services_if_gatt_disc_done=truealways_use_private_gatt_for_debugging=falseasynchronously_start_l2cap_coc=truebtaa_hci=truebta_dm_clear_conn_id_on_client_close=truebtm_dm_flush_discovery_queue_on_search_cancel=falseclassic_discovery_only=falseclear_hidd_interrupt_cid_on_disconnect=truedelay_hidh_cleanup_until_hidh_ready_start=truedevice_iot_config_logging=falsedynamic_avrcp_version_enhancement=truefinite_att_timeout=truegatt_robust_caching_client=truegatt_robust_caching_server=falsegd_core=falsegd_hal_snoop_logger_socket=truegd_hal_snoop_logger_filtering=truegd_l2cap=falsegd_link_policy=falsegd_remote_name_request=falsegd_rust=falsehci_adapter=0hfp_dynamic_version=trueirk_rotation=falseleaudio_targeted_announcement_reconnection_mode=truepass_phy_update_callback=truepbap_pse_dynamic_version_upgrade=falseperiodic_advertising_adi=trueprivate_gatt=truequeue_l2cap_coc_while_encrypting=trueread_encryption_key_size=trueredact_log=truerust_event_loop=truesco_codec_select_lc3=falsesco_codec_timeout_clear=falsesdp_serialization=truesdp_skip_rnr_if_known=truebluetooth_quality_report_callback=trueset_min_encryption=truesubrating=truetrigger_advertising_callbacks_on_first_resume_after_pause=trueuse_unified_connection_manager=falsesdp_return_classic_services_when_le_discovery_fails=truedefault_log_level=4logging_explicit_tag_settings={}
02-09 04:23:08.575 I/bt_osi_allocation_tracker( 1552): packages/modules/Bluetooth/system/osi/src/allocation_tracker.cc:60 allocation_tracker_init: canary initialized
02-09 04:23:08.683 W/ActivityManager(  543): Slow operation: 235ms so far, now at startProcess: building args
02-09 04:23:08.730 D/CompatibilityChangeReporter(  543): Compat change id reported: 135634846; UID 10057; state: DISABLED
02-09 04:23:08.805 D/CompatibilityChangeReporter(  543): Compat change id reported: 177438394; UID 10057; state: DISABLED
02-09 04:23:08.842 D/CompatibilityChangeReporter(  543): Compat change id reported: 135772972; UID 10057; state: DISABLED
02-09 04:23:08.849 D/CompatibilityChangeReporter(  543): Compat change id reported: 135754954; UID 10057; state: ENABLED
02-09 04:23:08.866 W/ActivityManager(  543): Slow operation: 427ms so far, now at startProcess: done starting proc!
02-09 04:23:08.921 I/droid.bluetooth( 1552): [0209/042308.921570:INFO:message_loop_thread.cc(184)] Run: message loop starting for thread bt_stack_manager_thread
02-09 04:23:08.929 W/ContentProviderHelper(  543): Slow operation: 506ms so far, now at getContentProviderImpl: after start process
02-09 04:23:08.931 W/ContentProviderHelper(  543): Slow operation: 508ms so far, now at getContentProviderImpl: updating data structures
02-09 04:23:08.976 W/ContentProviderHelper(  543): Slow operation: 554ms so far, now at getContentProviderImpl: done!
02-09 04:23:09.000 D/CompatibilityChangeReporter(  543): Compat change id reported: 168419799; UID 1000; state: DISABLED
02-09 04:23:09.001 D/CompatibilityChangeReporter(  543): Compat change id reported: 273564678; UID 1000; state: DISABLED
02-09 04:23:09.076 W/ActivityManager(  543): Slow operation: 447ms so far, now at startProcess: asking zygote to start proc
02-09 04:23:09.100 D/CompatibilityChangeReporter(  543): Compat change id reported: 143937733; UID 10057; state: ENABLED
02-09 04:23:09.179 D/CompatibilityChangeReporter(  543): Compat change id reported: 168419799; UID 10070; state: DISABLED
02-09 04:23:09.204 W/Looper  (  543): Slow delivery took 328ms android.ui h=com.android.server.am.ActivityManagerService$UiHandler c=com.android.server.am.ErrorDialogController$$ExternalSyntheticLambda5@c423401 m=0
02-09 04:23:09.207 W/Looper  (  543): Slow dispatch took 5065ms android.ui h=com.android.server.am.ActivityManagerService$UiHandler c=com.android.server.am.ErrorDialogController$$ExternalSyntheticLambda5@c423401 m=0
02-09 04:23:09.219 D/CompatibilityChangeReporter(  543): Compat change id reported: 273564678; UID 10070; state: DISABLED
02-09 04:23:09.229 W/ActivityManager(  543): Slow operation: 222ms so far, now at attachApplicationLocked: immediately before bindApplication
02-09 04:23:09.269 W/ActivityManager(  543): Slow operation: 262ms so far, now at attachApplicationLocked: immediately after bindApplication
02-09 04:23:09.300 W/ActivityManager(  543): Slow operation: 294ms so far, now at attachApplicationLocked: after updateLruProcessLocked
02-09 04:23:09.354 I/bt_stack_manager( 1552): packages/modules/Bluetooth/system/btif/src/stack_manager.cc:277 event_init_stack: is initializing the stack
02-09 04:23:09.367 I/Choreographer(  543): Skipped 37 frames!  The application may be doing too much work on its main thread.
02-09 04:23:09.464 D/CoreBackPreview(  543): Window{6c72ff7 u0 Application Not Responding: system}: Setting back callback OnBackInvokedCallbackInfo{mCallback=android.window.WindowOnBackInvokedDispatcher$OnBackInvokedCallbackWrapper@7bd607e, mPriority=0, mIsAnimationCallback=false}
02-09 04:23:09.481 W/ActivityManager(  543): Slow operation: 137ms so far, now at finishAttachApplicationInner: after updateOomAdjLocked
02-09 04:23:09.493 I/droid.bluetooth( 1552): [0209/042309.493003:INFO:message_loop_thread.cc(184)] Run: message loop starting for thread bt_main_thread
02-09 04:23:09.569 D/CompatibilityChangeReporter( 1885): Compat change id reported: 171979766; UID 10070; state: ENABLED
02-09 04:23:09.574 D/CompatibilityChangeReporter( 1885): Compat change id reported: 242716250; UID 10070; state: ENABLED
02-09 04:23:09.605 I/device_iot_config( 1552): packages/modules/Bluetooth/system/device/src/device_iot_config_int.cc:68 device_iot_config_module_init: 
02-09 04:23:09.634 E/droid.bluetooth( 1552): [0209/042309.634039:ERROR:config.cc(106)] config_new: unable to open file '/data/misc/bluedroid/bt_remote_dev_info.conf': No such file or directory
02-09 04:23:09.634 W/device_iot_config( 1552): packages/modules/Bluetooth/system/device/src/device_iot_config_int.cc:83 device_iot_config_module_init: Unable to load config file: /data/misc/bluedroid/bt_remote_dev_info.conf; using backup.
02-09 04:23:09.635 E/droid.bluetooth( 1552): [0209/042309.635043:ERROR:config.cc(106)] config_new: unable to open file '/data/misc/bluedroid/bt_remote_dev_info.bak': No such file or directory
02-09 04:23:09.635 E/device_iot_config( 1552): packages/modules/Bluetooth/system/device/src/device_iot_config_int.cc:89 device_iot_config_module_init: Unable to load bak file; creating empty config.
02-09 04:23:09.635 I/device_iot_config( 1552): packages/modules/Bluetooth/system/device/src/device_iot_config_int.cc:130 device_iot_config_module_init: Devices loaded 0
02-09 04:23:09.723 D/CompatibilityChangeReporter(  543): Compat change id reported: 170503758; UID 10070; state: ENABLED
02-09 04:23:09.752 D/CompatibilityChangeReporter( 1885): Compat change id reported: 3400644; UID 10070; state: ENABLED
02-09 04:23:09.985 D/nativeloader( 1885): Configuring clns-shared-6 for other apk /system/priv-app/ExternalStorageProvider/ExternalStorageProvider.apk. target_sdk_version=34, uses_libraries=, library_path=/system/priv-app/ExternalStorageProvider/lib/x86_64:/system/lib64:/system_ext/lib64, permitted_path=/data:/mnt/expand:/data/user/0/com.android.externalstorage:/system/priv-app/ExternalStorageProvider:/system/lib64:/system_ext/lib64
02-09 04:23:09.527 D/Zygote  (  328): Forked child process 1916
02-09 04:23:10.028 W/ActivityManager(  543): Slow operation: 1581ms so far, now at startProcess: returned from zygote!
02-09 04:23:10.131 V/GraphicsEnvironment( 1885): Currently set values for:
02-09 04:23:10.131 V/GraphicsEnvironment( 1885):   angle_gl_driver_selection_pkgs=[]
02-09 04:23:10.144 V/GraphicsEnvironment( 1885):   angle_gl_driver_selection_values=[]
02-09 04:23:10.188 V/GraphicsEnvironment( 1885): ANGLE GameManagerService for com.android.externalstorage: false
02-09 04:23:10.189 V/GraphicsEnvironment( 1885): com.android.externalstorage is not listed in per-application setting
02-09 04:23:10.189 V/GraphicsEnvironment( 1885): Neither updatable production driver nor prerelease driver is supported.
02-09 04:23:10.258 I/d.process.acore( 1916): Using CollectorTypeCC GC.
02-09 04:23:10.306 W/d.process.acore( 1916): Unexpected CPU variant for x86: x86_64.
02-09 04:23:10.306 W/d.process.acore( 1916): Known variants: atom, sandybridge, silvermont, goldmont, goldmont-plus, tremont, kabylake, default
02-09 04:23:10.309 D/ExternalStorage( 1885): After updating volumes, found 0 active roots
02-09 04:23:10.392 D/libEGL  (  543): loaded /vendor/lib64/egl/libGLESv1_CM_emulation.so
02-09 04:23:10.433 W/system_server(  543): Long monitor contention with owner PackageManagerBg (602) at void com.android.server.pm.Settings.writePackageRestrictions(int, long, boolean)(Settings.java:2294) waiters=0 in void com.android.server.pm.PackageManagerService$PackageManagerInternalImpl.notifyPackageUse(java.lang.String, int) for 471ms
02-09 04:23:10.493 D/libEGL  (  543): loaded /vendor/lib64/egl/libGLESv2_emulation.so
02-09 04:23:10.503 D/CompatibilityChangeReporter(  543): Compat change id reported: 261072174; UID 1000; state: ENABLED
02-09 04:23:10.516 W/ActivityManager(  543): Slow operation: 846ms so far, now at finishAttachApplicationInner: after mServices.attachApplicationLocked
02-09 04:23:10.517 W/ActivityManager(  543): Slow operation: 846ms so far, now at finishAttachApplicationInner: after dispatching broadcasts
02-09 04:23:10.548 D/CompatibilityChangeReporter( 1869): Compat change id reported: 171979766; UID 1000; state: ENABLED
02-09 04:23:10.556 D/CompatibilityChangeReporter( 1869): Compat change id reported: 242716250; UID 1000; state: ENABLED
02-09 04:23:10.593 E/d.process.acore( 1916): Not starting debugger since process cannot load the jdwp agent.
02-09 04:23:10.669 I/bt_osi_thread( 1552): packages/modules/Bluetooth/system/osi/src/thread.cc:210 run_thread: run_thread: thread id 1923, thread name alarm_default_ca started
02-09 04:23:10.991 I/bt_osi_thread( 1552): packages/modules/Bluetooth/system/osi/src/thread.cc:210 run_thread: run_thread: thread id 1934, thread name alarm_dispatcher started
02-09 04:23:11.346 I/bt_core_module( 1552): packages/modules/Bluetooth/system/btcore/src/module.cc:86 module_start_up: module_start_up Starting module "gd_shim_module"
02-09 04:23:11.355 I/bt_gd_shim( 1552): packages/modules/Bluetooth/system/main/shim/stack.cc:81 StartEverything: StartEverything Starting Gd stack
02-09 04:23:11.358 I/bt_gd_shim( 1552): packages/modules/Bluetooth/system/main/shim/stack.cc:160 Start: Start Starting Gd stack
02-09 04:23:11.499 I/StorageUserConnection(  543): Service: [ComponentInfo{com.android.providers.media.module/com.android.providers.media.fuse.ExternalStorageServiceImpl}] connected. User [0]
02-09 04:23:12.172 W/ActivityManager(  543): Slow operation: 3628ms so far, now at startProcess: done updating battery stats
02-09 04:23:12.182 W/ActivityManager(  543): Slow operation: 3734ms so far, now at startProcess: building log message
02-09 04:23:12.215 I/BtGdWakelockNative( 1552): packages/modules/Bluetooth/system/gd/os/android/wakelock_native.cc:79 Initialize: Initializing native wake locks
02-09 04:23:12.221 I/ActivityManager(  543): Start proc 1916:android.process.acore/u0a57 for content provider {com.android.providers.contacts/com.android.providers.contacts.ContactsProvider2}
02-09 04:23:12.236 W/ActivityManager(  543): Slow operation: 3776ms so far, now at startProcess: starting to update pids map
02-09 04:23:12.247 E/StorageManagerService(  543): Failed to notify volume state changed to the Storage Service
02-09 04:23:12.247 E/StorageManagerService(  543): com.android.server.storage.StorageSessionController$ExternalStorageServiceException: Failed to notify volume state changed for vol : StorageVolume: Internal shared storage
02-09 04:23:12.247 E/StorageManagerService(  543): 	at com.android.server.storage.StorageUserConnection$ActiveConnection.notifyVolumeStateChanged(StorageUserConnection.java:420)
02-09 04:23:12.247 E/StorageManagerService(  543): 	at com.android.server.storage.StorageUserConnection.notifyVolumeStateChanged(StorageUserConnection.java:131)
02-09 04:23:12.247 E/StorageManagerService(  543): 	at com.android.server.storage.StorageSessionController.notifyVolumeStateChanged(StorageSessionController.java:158)
02-09 04:23:12.247 E/StorageManagerService(  543): 	at com.android.server.StorageManagerService.onVolumeStateChangedAsync(StorageManagerService.java:1681)
02-09 04:23:12.247 E/StorageManagerService(  543): 	at com.android.server.StorageManagerService.-$$Nest$monVolumeStateChangedAsync(StorageManagerService.java:0)
02-09 04:23:12.247 E/StorageManagerService(  543): 	at com.android.server.StorageManagerService$StorageManagerServiceHandler.handleMessage(StorageManagerService.java:804)
02-09 04:23:12.247 E/StorageManagerService(  543): 	at android.os.Handler.dispatchMessage(Handler.java:106)
02-09 04:23:12.247 E/StorageManagerService(  543): 	at android.os.Looper.loopOnce(Looper.java:205)
02-09 04:23:12.247 E/StorageManagerService(  543): 	at android.os.Looper.loop(Looper.java:294)
02-09 04:23:12.247 E/StorageManagerService(  543): 	at android.os.HandlerThread.run(HandlerThread.java:67)
02-09 04:23:12.247 E/StorageManagerService(  543): Caused by: java.util.concurrent.TimeoutException
02-09 04:23:12.247 E/StorageManagerService(  543): 	at java.util.concurrent.CompletableFuture.timedGet(CompletableFuture.java:1936)
02-09 04:23:12.247 E/StorageManagerService(  543): 	at java.util.concurrent.CompletableFuture.get(CompletableFuture.java:2071)
02-09 04:23:12.247 E/StorageManagerService(  543): 	at com.android.server.storage.StorageUserConnection$ActiveConnection.waitForAsync(StorageUserConnection.java:379)
02-09 04:23:12.247 E/StorageManagerService(  543): 	at com.android.server.storage.StorageUserConnection$ActiveConnection.waitForAsyncVoid(StorageUserConnection.java:358)
02-09 04:23:12.247 E/StorageManagerService(  543): 	at com.android.server.storage.StorageUserConnection$ActiveConnection.notifyVolumeStateChanged(StorageUserConnection.java:417)
02-09 04:23:12.247 E/StorageManagerService(  543): 	... 9 more
02-09 04:23:12.328 W/ActivityManager(  543): Slow operation: 3811ms so far, now at startProcess: done updating pids map
02-09 04:23:12.331 D/ActivityManager(  543): freezing 1730 com.android.cellbroadcastreceiver.module
02-09 04:23:12.467 D/CompatibilityChangeReporter( 1869): Compat change id reported: 3400644; UID 1000; state: ENABLED
02-09 04:23:12.476 I/BtGdModule( 1552): packages/modules/Bluetooth/system/gd/module.cc:85 Start: Constructing next module
02-09 04:23:12.477 I/BtGdModule( 1552): packages/modules/Bluetooth/system/gd/module.cc:89 Start: Starting dependencies of BluetoothCounterMetrics
02-09 04:23:12.477 I/BtGdModule( 1552): packages/modules/Bluetooth/system/gd/module.cc:93 Start: Finished starting dependencies and calling Start() of BluetoothCounterMetrics
02-09 04:23:12.478 I/BluetoothCounterMetrics( 1552): packages/modules/Bluetooth/system/gd/metrics/counter_metrics.cc:40 Start: Counter metrics initialized
02-09 04:23:12.478 I/BtGdModule( 1552): packages/modules/Bluetooth/system/gd/module.cc:99 Start: Started BluetoothCounterMetrics
02-09 04:23:12.479 I/BtGdModule( 1552): packages/modules/Bluetooth/system/gd/module.cc:85 Start: Constructing next module
02-09 04:23:12.479 I/BtGdModule( 1552): packages/modules/Bluetooth/system/gd/module.cc:89 Start: Starting dependencies of HciHalHidl
02-09 04:23:12.479 I/BtGdModule( 1552): packages/modules/Bluetooth/system/gd/module.cc:85 Start: Constructing next module
02-09 04:23:12.638 I/ProvidersCache( 1695): Provider returned no roots. Possibly naughty: com.android.externalstorage.documents
02-09 04:23:12.664 W/oid.documentsui( 1695): Long monitor contention with owner pool-2-thread-5 (1736) at void com.android.documentsui.roots.ProvidersCache$MultiProviderUpdateTask.handleDocumentsProvider(android.content.pm.ProviderInfo, com.android.documentsui.base.UserId)(ProvidersCache.java:645) waiters=1 in void com.android.documentsui.roots.ProvidersCache$MultiProviderUpdateTask.handleDocumentsProvider(android.content.pm.ProviderInfo, com.android.documentsui.base.UserId) for 29.128s
02-09 04:23:12.668 I/bluetooth( 1552): packages/modules/Bluetooth/system/gd/hal/snoop_logger.cc:1432 GetBtSnoopMode: btsnoop_mode_empty: 1
02-09 04:23:12.670 I/bluetooth( 1552): packages/modules/Bluetooth/system/gd/hal/snoop_logger.cc:505 SnoopLogger: Snoop Logs filtered mode enabled
02-09 04:23:12.670 I/bluetooth( 1552): packages/modules/Bluetooth/system/gd/hal/snoop_logger.cc:588 EnableFilters: persist.bluetooth.snooplogfilter.profiles.rfcomm.enabled: 0
02-09 04:23:12.670 I/bluetooth( 1552): packages/modules/Bluetooth/system/gd/hal/snoop_logger.cc:588 EnableFilters: persist.bluetooth.snooplogfilter.profiles.a2dp.enabled: 0
02-09 04:23:12.671 I/bluetooth( 1552): packages/modules/Bluetooth/system/gd/hal/snoop_logger.cc:588 EnableFilters: persist.bluetooth.snooplogfilter.headers.enabled: 0
02-09 04:23:12.671 I/bluetooth( 1552): packages/modules/Bluetooth/system/gd/hal/snoop_logger.cc:597 EnableFilters: persist.bluetooth.snooplogfilter.profiles.map: disabled
02-09 04:23:12.671 I/bluetooth( 1552): packages/modules/Bluetooth/system/gd/hal/snoop_logger.cc:597 EnableFilters: persist.bluetooth.snooplogfilter.profiles.pbap: disabled
02-09 04:23:12.671 I/bluetooth( 1552): packages/modules/Bluetooth/system/gd/hal/snoop_logger.cc:334 delete_btsnoop_files: Deleting logs if they exist
02-09 04:23:12.803 D/OomAdjuster(  543): Not killing cached processes
02-09 04:23:12.815 I/droid.launcher3( 1245): Waiting for a blocking GC ClassLinker
02-09 04:23:12.857 I/ActivityManager(  543): Flag disabled. Ignoring finishAttachApplication from uid: 10070. pid: 1885
02-09 04:23:12.886 I/StorageSessionController(  543): Notifying volume state changed for session with id: emulated;0
02-09 04:23:12.901 I/bluetooth( 1552): packages/modules/Bluetooth/system/gd/hal/snoop_logger.cc:340 delete_btsnoop_files: Main log file does not exist at "/data/misc/bluetooth/logs/btsnoop_hci.log"
02-09 04:23:12.935 I/MediaProvider( 1627): Changed schema version on external from 0 to 1407, 0 items taking 11321ms UUID 4c275cd2-c3a8-41db-9540-7a1e25243496
02-09 04:23:12.937 I/bluetooth( 1552): packages/modules/Bluetooth/system/gd/hal/snoop_logger.cc:348 delete_btsnoop_files: Last log file does not exist at "/data/misc/bluetooth/logs/btsnoop_hci.log"
02-09 04:23:12.940 I/bluetooth( 1552): packages/modules/Bluetooth/system/gd/hal/snoop_logger.cc:334 delete_btsnoop_files: Deleting logs if they exist
02-09 04:23:12.942 I/bluetooth( 1552): packages/modules/Bluetooth/system/gd/hal/snoop_logger.cc:340 delete_btsnoop_files: Main log file does not exist at "/data/misc/bluetooth/logs/btsnooz_hci.log"
02-09 04:23:12.943 I/bluetooth( 1552): packages/modules/Bluetooth/system/gd/hal/snoop_logger.cc:348 delete_btsnoop_files: Last log file does not exist at "/data/misc/bluetooth/logs/btsnooz_hci.log"
02-09 04:23:12.990 I/BtGdModule( 1552): packages/modules/Bluetooth/system/gd/module.cc:89 Start: Starting dependencies of SnoopLogger
02-09 04:23:13.012 I/BtGdModule( 1552): packages/modules/Bluetooth/system/gd/module.cc:93 Start: Finished starting dependencies and calling Start() of SnoopLogger
02-09 04:23:13.124 I/droid.launcher3( 1245): Background young concurrent copying GC freed 9874(879KB) AllocSpace objects, 8(416KB) LOS objects, 29% free, 3002KB/4250KB, paused 29.460ms,76us total 643.962ms
02-09 04:23:13.125 I/droid.launcher3( 1245): WaitForGcToComplete blocked ClassLinker on Background for 310.070ms
02-09 04:23:13.187 I/bluetooth( 1552): packages/modules/Bluetooth/system/gd/hal/snoop_logger.cc:588 EnableFilters: persist.bluetooth.snooplogfilter.profiles.rfcomm.enabled: 0
02-09 04:23:13.187 I/bluetooth( 1552): packages/modules/Bluetooth/system/gd/hal/snoop_logger.cc:588 EnableFilters: persist.bluetooth.snooplogfilter.profiles.a2dp.enabled: 0
02-09 04:23:13.187 I/bluetooth( 1552): packages/modules/Bluetooth/system/gd/hal/snoop_logger.cc:588 EnableFilters: persist.bluetooth.snooplogfilter.headers.enabled: 0
02-09 04:23:13.187 I/bluetooth( 1552): packages/modules/Bluetooth/system/gd/hal/snoop_logger.cc:597 EnableFilters: persist.bluetooth.snooplogfilter.profiles.map: disabled
02-09 04:23:13.349 I/bluetooth( 1552): packages/modules/Bluetooth/system/gd/hal/snoop_logger.cc:597 EnableFilters: persist.bluetooth.snooplogfilter.profiles.pbap: disabled
02-09 04:23:13.349 I/bluetooth( 1552): packages/modules/Bluetooth/system/gd/hal/snoop_logger_socket.cc:63 SnoopLoggerSocket: address 2130706433 port 8872
02-09 04:23:13.419 I/droid.messaging( 1765): Background concurrent copying GC freed 3978(354KB) AllocSpace objects, 4(208KB) LOS objects, 49% free, 2130KB/4260KB, paused 436us,81us total 418.317ms
02-09 04:23:13.582 I/BtGdModule( 1552): packages/modules/Bluetooth/system/gd/module.cc:99 Start: Started SnoopLogger
02-09 04:23:13.583 I/BtGdModule( 1552): packages/modules/Bluetooth/system/gd/module.cc:85 Start: Constructing next module
02-09 04:23:13.605 I/BtGdModule( 1552): packages/modules/Bluetooth/system/gd/module.cc:89 Start: Starting dependencies of Btaa Module
02-09 04:23:13.607 I/BtGdModule( 1552): packages/modules/Bluetooth/system/gd/module.cc:93 Start: Finished starting dependencies and calling Start() of Btaa Module
02-09 04:23:13.747 I/PreBootBroadcaster(  543): Pre-boot of {com.android.providers.calendar/com.android.providers.calendar.CalendarUpgradeReceiver} for user 0
02-09 04:23:13.747 E/servicemanager(    0): VINTF HALs require names in the format type/instance (e.g. some.package.foo.IFoo/default) but got: suspend_control
02-09 04:23:13.753 E/btaa    ( 1552): packages/modules/Bluetooth/system/gd/btaa/android/activity_attribution.cc:107 impl: No suspend control service available.
02-09 04:23:13.753 I/BtGdModule( 1552): packages/modules/Bluetooth/system/gd/module.cc:99 Start: Started Btaa Module
02-09 04:23:13.754 I/BtGdModule( 1552): packages/modules/Bluetooth/system/gd/module.cc:93 Start: Finished starting dependencies and calling Start() of HciHalHidl
02-09 04:23:13.780 E/SurfaceSyncGroup(  543): Failed to receive transaction ready in 1000ms. Marking SurfaceSyncGroup(wmsSync-VRI[Application Not Responding: system]#0) as ready
02-09 04:23:13.799 E/SurfaceSyncGroup(  543): Failed to receive transaction ready in 1000ms. Marking SurfaceSyncGroup(VRI[Application Not Responding: system]#1) as ready
02-09 04:23:13.804 D/ExternalStorage( 1885): After updating volumes, found 0 active roots
02-09 04:23:13.951 D/ActivityManager(  543): freezing 1791 com.android.cellbroadcastreceiver
02-09 04:23:14.064 I/bluetooth( 1552): packages/modules/Bluetooth/system/gd/hal/hci_hal_android_hidl.cc:417 start_aidl: Using the AIDL interface
02-09 04:23:14.244 W/Looper  (  543): Slow dispatch took 501ms android.fg h=android.os.Handler c=com.android.server.am.SameProcessApplicationThread$$ExternalSyntheticLambda1@31cf416 m=0
02-09 04:23:14.261 W/ActivityManager(  543): Slow operation: 54ms so far, now at startProcess: done creating new process record
02-09 04:23:14.262 W/ActivityManager(  543): Slow operation: 54ms so far, now at startProcess: stepping in to startProcess
02-09 04:23:14.293 D/CompatibilityChangeReporter(  543): Compat change id reported: 135634846; UID 10065; state: DISABLED
02-09 04:23:14.294 D/CompatibilityChangeReporter(  543): Compat change id reported: 177438394; UID 10065; state: DISABLED
02-09 04:23:14.298 D/CompatibilityChangeReporter(  543): Compat change id reported: 135772972; UID 10065; state: DISABLED
02-09 04:23:14.300 D/CompatibilityChangeReporter(  543): Compat change id reported: 135754954; UID 10065; state: ENABLED
02-09 04:23:14.361 W/ActivityManager(  543): Slow operation: 100ms so far, now at startProcess: asking zygote to start proc
02-09 04:23:14.363 D/CompatibilityChangeReporter(  543): Compat change id reported: 143937733; UID 10065; state: ENABLED
02-09 04:23:14.457 W/ActivityManager(  543): Slow operation: 249ms so far, now at startProcess: done starting proc!
02-09 04:23:14.457 W/ContentProviderHelper(  543): Slow operation: 265ms so far, now at getContentProviderImpl: after start process
02-09 04:23:14.461 W/ContentProviderHelper(  543): Slow operation: 269ms so far, now at getContentProviderImpl: updating data structures
02-09 04:23:14.462 W/ContentProviderHelper(  543): Slow operation: 270ms so far, now at getContentProviderImpl: done!
02-09 04:23:14.559 D/ActivityManager(  543): freezing 963 com.android.permissioncontroller
02-09 04:23:14.605 V/MediaProvider( 1627): onOpen() for external.db
02-09 04:23:14.339 I/android.hardware.bluetooth.service.default(  356): initialize
02-09 04:23:14.616 W/system_server(  543): Long monitor contention with owner binder:543_B (1532) at android.app.ContentProviderHolder com.android.server.am.ContentProviderHelper.getContentProviderImpl(android.app.IApplicationThread, java.lang.String, android.os.IBinder, int, java.lang.String, java.lang.String, boolean, int)(ContentProviderHelper.java:614) waiters=3 in void com.android.server.am.ActivityManagerService.attachApplication(android.app.IApplicationThread, long) for 419ms
02-09 04:23:14.690 I/android.hardware.bluetooth.service.default(  356): opening hci interface 0
02-09 04:23:14.691 E/android.hardware.bluetooth.service.default(  356): unable to open /dev/rfkill: Permission denied
02-09 04:23:14.691 E/android.hardware.bluetooth.service.default(  356): rfkill unavailable
02-09 04:23:14.691 I/android.hardware.bluetooth.service.default(  356): waiting for hci interface 0
02-09 04:23:14.838 D/Zygote  (  328): Forked child process 1952
02-09 04:23:14.845 W/ActivityManager(  543): Slow operation: 583ms so far, now at startProcess: returned from zygote!
02-09 04:23:14.851 I/android.hardware.bluetooth.service.default(  356): hci interface 0 found
02-09 04:23:14.882 W/MediaProvider( 1627): Exception encountered while reading xattr:user.extdbsessionid0 from path:/data/user/0/com.android.providers.media.module/databases/external.db.
02-09 04:23:14.887 W/ActivityManager(  543): Slow operation: 270ms so far, now at attachApplicationLocked: before bindApplication
02-09 04:23:14.905 W/MediaProvider( 1627): Exception encountered while reading xattr:user.extdbsessionid0 from path:/data/media/0.
02-09 04:23:14.921 E/MediaProvider( 1627): Xattr:user.extdbnextrowid0 not found on external storage: android.system.ErrnoException: getxattr failed: ENODATA (No data available)
02-09 04:23:14.936 W/MediaProvider( 1627): external.db database inconsistent: isLastUsedDatabaseSession:false, nextRowIdOptionalPresent:false
02-09 04:23:14.938 E/MediaProvider( 1627): Xattr:user.extdbnextrowid0 not found on external storage: android.system.ErrnoException: getxattr failed: ENODATA (No data available)
02-09 04:23:14.973 I/android.hardware.bluetooth.service.default(  356): hci interface 0 ready
02-09 04:23:15.004 D/MediaProvider( 1627): xattr set to 1000001000 for key:user.extdbnextrowid0 on path: /data/media/0.
02-09 04:23:15.005 I/MediaProvider( 1627): Backed up next row id as:1000001000 on path:/data/media/0 for external.db.
02-09 04:23:15.040 D/CompatibilityChangeReporter(  543): Compat change id reported: 168419799; UID 10057; state: DISABLED
02-09 04:23:15.159 D/CompatibilityChangeReporter(  543): Compat change id reported: 273564678; UID 10057; state: DISABLED
02-09 04:23:15.226 W/ActivityManager(  543): Slow operation: 609ms so far, now at attachApplicationLocked: immediately before bindApplication
02-09 04:23:15.256 W/Looper  (  543): Slow dispatch took 17622ms android.bg h=com.android.server.am.AppProfiler$BgHandler c=null m=1
02-09 04:23:15.367 I/android.hardware.bluetooth.service.default(  356): HCI Reset successful
02-09 04:23:15.373 I/android.hardware.bluetooth.service.default(  356): initialization complete
02-09 04:23:15.379 I/BtGdModule( 1552): packages/modules/Bluetooth/system/gd/module.cc:99 Start: Started HciHalHidl
02-09 04:23:15.381 I/BtGdModule( 1552): packages/modules/Bluetooth/system/gd/module.cc:85 Start: Constructing next module
02-09 04:23:15.383 I/BtGdModule( 1552): packages/modules/Bluetooth/system/gd/module.cc:89 Start: Starting dependencies of Hci Layer
02-09 04:23:15.403 D/nativeloader( 1869): Configuring clns-shared-6 for other apk /system/priv-app/LocalTransport/LocalTransport.apk. target_sdk_version=34, uses_libraries=, library_path=/system/priv-app/LocalTransport/lib/x86_64:/system/priv-app/LocalTransport/LocalTransport.apk!/lib/x86_64:/system/lib64:/system_ext/lib64, permitted_path=/data:/mnt/expand:/data/user/0/com.android.localtransport:/system/priv-app/LocalTransport:/system/lib64:/system_ext/lib64
02-09 04:23:15.431 I/BtGdModule( 1552): packages/modules/Bluetooth/system/gd/module.cc:85 Start: Constructing next module
02-09 04:23:15.451 I/BtGdModule( 1552): packages/modules/Bluetooth/system/gd/module.cc:89 Start: Starting dependencies of Storage Module
02-09 04:23:15.465 I/BtGdModule( 1552): packages/modules/Bluetooth/system/gd/module.cc:93 Start: Finished starting dependencies and calling Start() of Storage Module
02-09 04:23:15.507 V/MediaStore( 1627): Examining volume emulated;0 with name external_primary and state unmountable
02-09 04:23:15.525 I/ExternalStorageServiceImpl( 1627): Ignoring volume state for vol:external_primary. State: checking
02-09 04:23:15.537 V/MediaStore( 1627): Examining volume emulated;0 with name external_primary and state unmountable
02-09 04:23:15.558 I/bluetooth( 1552): packages/modules/Bluetooth/system/gd/stack_manager.cc:52 StartUp: init_status == 1
02-09 04:23:15.565 F/bluetooth( 1552): assertion 'init_status == std::future_status::ready' failed - Can't start stack, last instance: starting Storage Module
02-09 04:23:15.584 W/bluetooth( 1552): packages/modules/Bluetooth/system/gd/storage/storage_module.cc:168 Start: cannot load config at /data/misc/bluedroid/bt_config.conf, using backup at /data/misc/bluedroid/bt_config.bak.
--------- beginning of crash
02-09 04:23:15.598 F/libc    ( 1552): Fatal signal 6 (SIGABRT), code -1 (SI_QUEUE) in tid 1913 (bt_stack_manage), pid 1552 (droid.bluetooth)
02-09 04:23:15.617 W/bluetooth( 1552): packages/modules/Bluetooth/system/gd/storage/storage_module.cc:175 Start: cannot load backup config at /data/misc/bluedroid/bt_config.bak; creating new empty ones
02-09 04:23:15.660 I/droid.bluetooth( 1552): [0209/042315.635467:INFO:btif_keystore.cc(61)] ConvertEncryptOrDecryptKeyIfNeeded callback isn't ready.
02-09 04:23:15.665 I/BtGdModule( 1552): packages/modules/Bluetooth/system/gd/module.cc:99 Start: Started Storage Module
02-09 04:23:15.676 I/BtGdModule( 1552): packages/modules/Bluetooth/system/gd/module.cc:93 Start: Finished starting dependencies and calling Start() of Hci Layer
02-09 04:23:15.682 I/BtGdModule( 1552): packages/modules/Bluetooth/system/gd/module.cc:99 Start: Started Hci Layer
02-09 04:23:15.726 I/BtGdModule( 1552): packages/modules/Bluetooth/system/gd/module.cc:85 Start: Constructing next module
02-09 04:23:15.740 I/BtGdModule( 1552): packages/modules/Bluetooth/system/gd/module.cc:89 Start: Starting dependencies of shim::Dumpsys
02-09 04:23:15.748 I/BtGdModule( 1552): packages/modules/Bluetooth/system/gd/module.cc:93 Start: Finished starting dependencies and calling Start() of shim::Dumpsys
02-09 04:23:15.759 I/BtGdModule( 1552): packages/modules/Bluetooth/system/gd/module.cc:99 Start: Started shim::Dumpsys
02-09 04:23:15.789 I/d.process.media( 1952): Using CollectorTypeCC GC.
02-09 04:23:15.801 I/MediaProvider( 1627): Updated sqlite counter of Files table of external.db to 1000000000.
02-09 04:23:15.807 I/BtGdModule( 1552): packages/modules/Bluetooth/system/gd/module.cc:85 Start: Constructing next module
02-09 04:23:15.808 I/BtGdModule( 1552): packages/modules/Bluetooth/system/gd/module.cc:89 Start: Starting dependencies of Vendor Specific Event Manager
02-09 04:23:15.808 I/BtGdModule( 1552): packages/modules/Bluetooth/system/gd/module.cc:85 Start: Constructing next module
02-09 04:23:15.809 I/BtGdModule( 1552): packages/modules/Bluetooth/system/gd/module.cc:89 Start: Starting dependencies of Controller
02-09 04:23:15.809 I/BtGdModule( 1552): packages/modules/Bluetooth/system/gd/module.cc:85 Start: Constructing next module
02-09 04:23:15.809 I/BtGdModule( 1552): packages/modules/Bluetooth/system/gd/module.cc:89 Start: Starting dependencies of Sysprops Module
02-09 04:23:15.809 I/BtGdModule( 1552): packages/modules/Bluetooth/system/gd/module.cc:93 Start: Finished starting dependencies and calling Start() of Sysprops Module
02-09 04:23:15.809 I/BtGdModule( 1552): packages/modules/Bluetooth/system/gd/module.cc:99 Start: Started Sysprops Module
02-09 04:23:15.810 I/BtGdModule( 1552): packages/modules/Bluetooth/system/gd/module.cc:93 Start: Finished starting dependencies and calling Start() of Controller
02-09 04:23:15.853 W/d.process.media( 1952): Unexpected CPU variant for x86: x86_64.
02-09 04:23:15.853 W/d.process.media( 1952): Known variants: atom, sandybridge, silvermont, goldmont, goldmont-plus, tremont, kabylake, default
02-09 04:23:15.909 E/d.process.media( 1952): Not starting debugger since process cannot load the jdwp agent.
02-09 04:23:16.037 I/StorageSessionController(  543): Notifying volume state changed for session with id: emulated;0
02-09 04:23:16.048 I/ExternalStorageServiceImpl( 1627): Ignoring volume state for vol:external_primary. State: unmountable
02-09 04:23:16.067 V/MediaStore( 1627): Examining volume emulated;0 with name external_primary and state unmountable
02-09 04:23:16.090 D/ExternalStorage( 1885): After updating volumes, found 0 active roots
02-09 04:23:16.119 D/MediaProvider( 1627): xattr set to 3f5c0b3f-a659-43b5-b339-d928b26b25c4 for key:user.extdbsessionid0 on path: /data/user/0/com.android.providers.media.module/databases/external.db.
02-09 04:23:16.170 W/Looper  (  543): Drained
02-09 04:23:16.183 D/StorageManagerService(  543): Thinking about reset, mBootCompleted=true, mDaemonConnected=true
02-09 04:23:16.185 I/StorageSessionController(  543): Started resetting external storage service...
02-09 04:23:16.187 I/StorageSessionController(  543): Unmounting emulated;0
02-09 04:23:16.207 W/vold    (  147): emulated;0 unmount requires state mounted
02-09 04:23:16.264 D/MediaProvider( 1627): xattr set to 3f5c0b3f-a659-43b5-b339-d928b26b25c4 for key:user.extdbsessionid0 on path: /data/media/0.
02-09 04:23:16.266 I/MediaProvider( 1627): SessionId set to 3f5c0b3f-a659-43b5-b339-d928b26b25c4 on paths /data/user/0/com.android.providers.media.module/databases/external.db and /data/media/0.
02-09 04:23:16.335 V/MediaStore( 1627): Examining volume emulated;0 with name external_primary and state unmountable
02-09 04:23:16.358 E/StorageSessionController(  543): Failed to unmount volume: emulated;0
02-09 04:23:16.358 E/StorageSessionController(  543): android.os.ServiceSpecificException:  (code -16)
02-09 04:23:16.358 E/StorageSessionController(  543): 	at android.os.Parcel.createExceptionOrNull(Parcel.java:3071)
02-09 04:23:16.358 E/StorageSessionController(  543): 	at android.os.Parcel.createException(Parcel.java:3041)
02-09 04:23:16.358 E/StorageSessionController(  543): 	at android.os.Parcel.readException(Parcel.java:3024)
02-09 04:23:16.358 E/StorageSessionController(  543): 	at android.os.Parcel.readException(Parcel.java:2966)
02-09 04:23:16.358 E/StorageSessionController(  543): 	at android.os.IVold$Stub$Proxy.unmount(IVold.java:1642)
02-09 04:23:16.358 E/StorageSessionController(  543): 	at com.android.server.storage.StorageSessionController.onReset(StorageSessionController.java:323)
