02-09 04:22:59.693 E/IPCThreadState( 1841): Binder transaction failure: 38833/29201/-1
02-09 04:22:59.656 W/service ( 1841): type=1400 audit(0.0:45): avc:  denied  { call } for  scontext=u:r:shell:s0 tcontext=u:r:hal_bluetooth_default:s0 tclass=binder permissive=0
02-09 04:22:59.664 W/service ( 1841): type=1400 audit(0.0:46): avc:  denied  { call } for  scontext=u:r:shell:s0 tcontext=u:r:hal_audio_default:s0 tclass=binder permissive=0
02-09 04:22:59.672 W/service ( 1841): type=1400 audit(0.0:47): avc:  denied  { call } for  scontext=u:r:shell:s0 tcontext=u:r:hal_camera_default:s0 tclass=binder permissive=0
02-09 04:22:59.688 W/service ( 1841): type=1400 audit(0.0:48): avc:  denied  { call } for  scontext=u:r:shell:s0 tcontext=u:r:hal_camera_default:s0 tclass=binder permissive=0
02-09 04:22:59.723 D/CompatibilityChangeReporter(  543): Compat change id reported: 253665015; UID 10108; state: DISABLED
02-09 04:22:59.732 W/service ( 1841): type=1400 audit(0.0:49): avc:  denied  { call } for  scontext=u:r:shell:s0 tcontext=u:r:hal_contexthub_default:s0 tclass=binder permissive=0
02-09 04:22:59.741 E/IPCThreadState( 1841): Binder transaction failure: 38852/29201/-1
02-09 04:22:59.758 W/Looper  (  543): Drained
02-09 04:22:59.770 V/WindowManagerShell(  950): Track 0 became idle
02-09 04:22:59.770 V/WindowManagerShell(  950): All active transition animations finished
02-09 04:22:59.770 W/Looper  (  950): Slow dispatch took 107ms wmshell.main h=android.os.Handler c=com.android.wm.shell.transition.DefaultTransitionHandler$$ExternalSyntheticLambda7@9f12c65 m=0
02-09 04:22:59.775 E/IPCThreadState( 1841): Binder transaction failure: 38874/29201/-1
02-09 04:22:59.768 W/service ( 1841): type=1400 audit(0.0:50): avc:  denied  { call } for  scontext=u:r:shell:s0 tcontext=u:r:hal_gnss_default:s0 tclass=binder permissive=0
02-09 04:22:59.787 E/IPCThreadState( 1841): Binder transaction failure: 38879/29201/-1
02-09 04:22:59.802 W/audit   (    0): audit_lost=25 audit_rate_limit=5 audit_backlog_limit=64
02-09 04:22:59.802 E/audit   (    0): rate limit exceeded
02-09 04:22:59.803 D/CompatibilityChangeReporter(  543): Compat change id reported: 194532703; UID 10108; state: DISABLED
02-09 04:22:59.818 V/WindowManager(  543): Finish Transition #3: created at 02-09 04:22:50.670 collect-started=0.145ms request-sent=46.353ms started=1466.987ms ready=2204.803ms sent=7172.709ms finished=9068.062ms
02-09 04:22:59.821 E/IPCThreadState( 1841): Binder transaction failure: 38891/29201/-1
02-09 04:22:59.845 E/IPCThreadState( 1841): Binder transaction failure: 38895/29201/-1
02-09 04:22:59.866 E/IPCThreadState( 1841): Binder transaction failure: 38906/29201/-1
02-09 04:22:59.891 W/Looper  (  950): Drained
02-09 04:22:59.917 E/IPCThreadState( 1841): Binder transaction failure: 38933/29201/-1
02-09 04:22:59.934 E/IPCThreadState( 1841): Binder transaction failure: 38940/29201/-1
02-09 04:22:59.938 E/IPCThreadState( 1841): Binder transaction failure: 38944/29201/-1
02-09 04:22:59.957 E/IPCThreadState( 1841): Binder transaction failure: 38950/29201/-1
02-09 04:22:59.969 E/IPCThreadState( 1841): Binder transaction failure: 38956/29201/-1
02-09 04:22:59.975 E/IPCThreadState( 1841): Binder transaction failure: 38960/29201/-1
02-09 04:22:59.981 W/system_server(  543): Long monitor contention with owner main (543) at void com.android.server.alarm.AlarmManagerService$AlarmHandler.handleMessage(android.os.Message)(AlarmManagerService.java:5093) waiters=0 in void com.android.server.alarm.AlarmManagerService$9.updateAllAlarms() for 457ms
02-09 04:22:59.987 E/IPCThreadState( 1841): Binder transaction failure: 38964/29201/-1
02-09 04:22:59.996 E/IPCThreadState( 1841): Binder transaction failure: 38968/29201/-1
02-09 04:22:59.999 E/IPCThreadState( 1841): Binder transaction failure: 38972/29201/-1
02-09 04:23:00.003 E/IPCThreadState( 1841): Binder transaction failure: 38976/29201/-1
02-09 04:23:00.007 E/IPCThreadState( 1841): Binder transaction failure: 38980/29201/-1
02-09 04:23:00.030 E/IPCThreadState( 1841): Binder transaction failure: 38986/29201/-1
02-09 04:23:00.050 E/SELinux (    0): avc:  denied  { find } for pid=1841 uid=2000 name=android.hardware.security.keymint.IKeyMintDevice/default scontext=u:r:shell:s0 tcontext=u:object_r:hal_keymint_service:s0 tclass=service_manager permissive=0
02-09 04:23:00.069 E/SELinux (    0): avc:  denied  { find } for pid=1841 uid=2000 name=android.hardware.security.secureclock.ISecureClock/default scontext=u:r:shell:s0 tcontext=u:object_r:hal_secureclock_service:s0 tclass=service_manager permissive=0
02-09 04:23:00.070 E/SELinux (    0): avc:  denied  { find } for pid=1841 uid=2000 name=android.hardware.security.sharedsecret.ISharedSecret/default scontext=u:r:shell:s0 tcontext=u:object_r:hal_sharedsecret_service:s0 tclass=service_manager permissive=0
02-09 04:23:00.066 E/IPCThreadState( 1841): Binder transaction failure: 39002/29201/-1
02-09 04:23:00.071 E/IPCThreadState( 1841): Binder transaction failure: 39006/29201/-1
02-09 04:23:00.085 E/IPCThreadState( 1841): Binder transaction failure: 39010/29201/-1
02-09 04:23:00.090 E/IPCThreadState( 1841): Binder transaction failure: 39014/29201/-1
02-09 04:23:00.095 E/IPCThreadState( 1841): Binder transaction failure: 39018/29201/-1
02-09 04:23:00.098 E/IPCThreadState( 1841): Binder transaction failure: 39022/29201/-1
02-09 04:23:00.142 W/Looper  (  543): Slow dispatch took 491ms main h=com.android.server.alarm.AlarmManagerService$AlarmHandler c=null m=5
02-09 04:23:00.181 E/SELinux (    0): avc:  denied  { find } for pid=1841 uid=2000 name=android.service.gatekeeper.IGateKeeperService scontext=u:r:shell:s0 tcontext=u:object_r:gatekeeper_service:s0 tclass=service_manager permissive=0
02-09 04:23:00.173 E/IPCThreadState( 1841): Binder transaction failure: 39070/29201/-1
02-09 04:23:00.178 E/IPCThreadState( 1841): Binder transaction failure: 39074/29201/-1
02-09 04:23:00.202 E/SELinux (    0): avc:  denied  { find } for pid=1841 uid=2000 name=apexservice scontext=u:r:shell:s0 tcontext=u:object_r:apex_service:s0 tclass=service_manager permissive=0
02-09 04:23:00.202 E/Parcel  ( 1841): Reading a NULL string not supported here.
02-09 04:23:00.283 E/Parcel  ( 1841): Reading a NULL string not supported here.
02-09 04:23:00.313 E/Parcel  ( 1841): Reading a NULL string not supported here.
02-09 04:23:00.364 E/Parcel  ( 1841): Reading a NULL string not supported here.
02-09 04:23:00.405 I/ActivityManager(  543): Skipping next CPU consuming process, not a java proc: 543
02-09 04:23:00.405 I/ActivityManager(  543): Skipping next CPU consuming process, not a java proc: 1245
02-09 04:23:00.405 I/ActivityManager(  543): Skipping next CPU consuming process, not a java proc: 408
02-09 04:23:00.406 I/ActivityManager(  543): Skipping next CPU consuming process, not a java proc: 349
02-09 04:23:00.406 I/ActivityManager(  543): Skipping next CPU consuming process, not a java proc: 950
02-09 04:23:00.406 I/ActivityManager(  543): Skipping next CPU consuming process, not a java proc: 130
02-09 04:23:00.406 I/ActivityManager(  543): Skipping next CPU consuming process, not a java proc: 392
02-09 04:23:00.406 I/ActivityManager(  543): Skipping next CPU consuming process, not a java proc: 238
02-09 04:23:00.406 I/ActivityManager(  543): Skipping next CPU consuming process, not a java proc: 40
02-09 04:23:00.407 I/ActivityManager(  543): Skipping next CPU consuming process, not a java proc: 1400
02-09 04:23:00.407 I/ActivityManager(  543): Skipping next CPU consuming process, not a java proc: 328
02-09 04:23:00.407 I/ActivityManager(  543): Skipping next CPU consuming process, not a java proc: 361
02-09 04:23:00.407 I/ActivityManager(  543): Skipping next CPU consuming process, not a java proc: 57
02-09 04:23:00.407 I/ActivityManager(  543): Skipping next CPU consuming process, not a java proc: 187
02-09 04:23:00.478 V/MediaStore( 1627): Examining volume emulated;0 with name external_primary and state unmountable
02-09 04:23:00.408 I/ActivityManager(  543): Skipping next CPU consuming process, not a java proc: 42
02-09 04:23:00.485 I/ActivityManager(  543): Skipping next CPU consuming process, not a java proc: 120
02-09 04:23:00.487 I/ActivityManager(  543): Skipping next CPU consuming process, not a java proc: 415
02-09 04:23:00.490 I/ActivityManager(  543): Skipping next CPU consuming process, not a java proc: 14
02-09 04:23:00.491 I/ActivityManager(  543): Skipping next CPU consuming process, not a java proc: 156
02-09 04:23:00.494 I/ActivityManager(  543): Skipping next CPU consuming process, not a java proc: 963
02-09 04:23:00.495 I/ActivityManager(  543): Skipping next CPU consuming process, not a java proc: 1521
02-09 04:23:00.496 I/ActivityManager(  543): Skipping next CPU consuming process, not a java proc: 326
02-09 04:23:00.498 I/ActivityManager(  543): Skipping next CPU consuming process, not a java proc: 51
02-09 04:23:00.507 I/ActivityManager(  543): Skipping next CPU consuming process, not a java proc: 133
02-09 04:23:00.512 E/Parcel  ( 1841): Reading a NULL string not supported here.
02-09 04:23:00.524 E/Parcel  ( 1841): Reading a NULL string not supported here.
02-09 04:23:00.540 I/ActivityManager(  543): Skipping next CPU consuming process, not a java proc: 1
02-09 04:23:00.540 I/ActivityManager(  543): Skipping next CPU consuming process, not a java proc: 19
02-09 04:23:00.541 I/ActivityManager(  543): Skipping next CPU consuming process, not a java proc: 1198
02-09 04:23:00.541 I/ActivityManager(  543): Skipping next CPU consuming process, not a java proc: 1200
02-09 04:23:00.541 I/ActivityManager(  543): Skipping next CPU consuming process, not a java proc: 132
02-09 04:23:00.541 I/ActivityManager(  543): Skipping next CPU consuming process, not a java proc: 1134
02-09 04:23:00.541 I/ActivityManager(  543): Skipping next CPU consuming process, not a java proc: 194
02-09 04:23:00.541 I/ActivityManager(  543): Skipping next CPU consuming process, not a java proc: 1156
02-09 04:23:00.542 I/ActivityManager(  543): Skipping next CPU consuming process, not a java proc: 23
02-09 04:23:00.542 I/ActivityManager(  543): Skipping next CPU consuming process, not a java proc: 158
02-09 04:23:00.542 I/ActivityManager(  543): Skipping next CPU consuming process, not a java proc: 339
02-09 04:23:00.542 I/ActivityManager(  543): Skipping next CPU consuming process, not a java proc: 327
02-09 04:23:00.542 I/ActivityManager(  543): Skipping next CPU consuming process, not a java proc: 462
02-09 04:23:00.543 I/ActivityManager(  543): Skipping next CPU consuming process, not a java proc: 13
02-09 04:23:00.543 I/ActivityManager(  543): Skipping next CPU consuming process, not a java proc: 125
02-09 04:23:00.543 I/ActivityManager(  543): Skipping next CPU consuming process, not a java proc: 387
02-09 04:23:00.543 I/ActivityManager(  543): Skipping next CPU consuming process, not a java proc: 346
02-09 04:23:00.591 I/ActivityManager(  543): Skipping next CPU consuming process, not a java proc: 376
02-09 04:23:00.627 I/ActivityManager(  543): Skipping next CPU consuming process, not a java proc: 15
02-09 04:23:00.627 I/ActivityManager(  543): Skipping next CPU consuming process, not a java proc: 16
02-09 04:23:00.627 I/ActivityManager(  543): Skipping next CPU consuming process, not a java proc: 136
02-09 04:23:00.627 I/ActivityManager(  543): Skipping next CPU consuming process, not a java proc: 345
02-09 04:23:00.627 I/ActivityManager(  543): Skipping next CPU consuming process, not a java proc: 391
02-09 04:23:00.653 E/Parcel  ( 1841): Reading a NULL string not supported here.
02-09 04:23:00.628 I/ActivityManager(  543): Skipping next CPU consuming process, not a java proc: 419
02-09 04:23:00.667 I/ActivityManager(  543): Skipping next CPU consuming process, not a java proc: 454
02-09 04:23:00.668 E/Parcel  ( 1841): Reading a NULL string not supported here.
02-09 04:23:00.674 I/ActivityManager(  543): Skipping next CPU consuming process, not a java proc: 934
02-09 04:23:00.674 I/ActivityManager(  543): Skipping next CPU consuming process, not a java proc: 1241
02-09 04:23:00.674 I/ActivityManager(  543): Skipping next CPU consuming process, not a java proc: 1552
02-09 04:23:00.675 I/ActivityManager(  543): Skipping next CPU consuming process, not a java proc: 1627
02-09 04:23:00.675 I/ActivityManager(  543): Skipping next CPU consuming process, not a java proc: 1657
02-09 04:23:00.675 I/ActivityManager(  543): Skipping next CPU consuming process, not a java proc: 1680
02-09 04:23:00.675 I/ActivityManager(  543): Skipping next CPU consuming process, not a java proc: 1695
02-09 04:23:00.675 I/ActivityManager(  543): Skipping next CPU consuming process, not a java proc: 1730
02-09 04:23:00.706 D/ConnectivityService(  543): NetReassign [no changes] [c 0] [a 0] [i 14]
02-09 04:23:00.785 I/ActivityManager(  543): dumpStackTraces extraPids=[]
02-09 04:23:00.786 I/ActivityManager(  543): Done dumping
02-09 04:23:00.876 E/Parcel  ( 1841): Reading a NULL string not supported here.
02-09 04:23:00.904 E/Parcel  ( 1841): Reading a NULL string not supported here.
02-09 04:23:00.936 E/SELinux (    0): avc:  denied  { find } for pid=1841 uid=2000 name=dnsresolver scontext=u:r:shell:s0 tcontext=u:object_r:dnsresolver_service:s0 tclass=service_manager permissive=0
02-09 04:23:00.992 E/Parcel  ( 1841): Reading a NULL string not supported here.
02-09 04:23:01.076 E/Parcel  ( 1841): Reading a NULL string not supported here.
02-09 04:23:01.126 E/SELinux (    0): avc:  denied  { find } for pid=1841 uid=2000 name=incident scontext=u:r:shell:s0 tcontext=u:object_r:incident_service:s0 tclass=service_manager permissive=0
02-09 04:23:01.159 D/BluetoothAdapterService( 1552): onCreate()
02-09 04:23:01.216 E/SELinux (    0): avc:  denied  { find } for pid=1841 uid=2000 name=installd scontext=u:r:shell:s0 tcontext=u:object_r:installd_service:s0 tclass=service_manager permissive=0
02-09 04:23:01.199 D/CompatibilityChangeReporter( 1627): Compat change id reported: 148180766; UID 10137; state: ENABLED
02-09 04:23:01.264 W/system_server(  543): Long monitor contention with owner ActivityManager (582) at void com.android.server.am.BroadcastQueueModernImpl.checkPendingColdStartValidity()(BroadcastQueueModernImpl.java:559) waiters=2 in void com.android.server.am.ProcessRecord.setRunningRemoteAnimation(boolean) for 1.524s
02-09 04:23:01.269 V/MediaProvider( 1627): onConfigure() for external.db
02-09 04:23:01.373 E/Parcel  ( 1841): Reading a NULL string not supported here.
02-09 04:23:01.382 D/MmsSmsDatabaseHelper( 1198): onCreate: Creating all SMS-MMS tables.
02-09 04:23:01.404 E/Parcel  ( 1841): Reading a NULL string not supported here.
02-09 04:23:01.430 E/SELinux (    0): avc:  denied  { find } for pid=1841 uid=2000 name=mdns scontext=u:r:shell:s0 tcontext=u:object_r:mdns_service:s0 tclass=service_manager permissive=0
02-09 04:23:01.435 V/MediaProvider( 1627): onCreate() for external.db
02-09 04:23:01.539 I/MediaProvider( 1627): Changed PhotoPickerGetContentActivity component state to STATE_ENABLED ( 1 )
02-09 04:23:01.601 I/or.multidisplay( 1657): Background concurrent copying GC freed 2971(250KB) AllocSpace objects, 0(0B) LOS objects, 49% free, 2008KB/4016KB, paused 456us,64us total 4.857s
02-09 04:23:01.608 E/Parcel  ( 1841): Reading a NULL string not supported here.
02-09 04:23:01.693 E/SELinux (    0): avc:  denied  { find } for pid=1841 uid=2000 name=netd scontext=u:r:shell:s0 tcontext=u:object_r:netd_service:s0 tclass=service_manager permissive=0
02-09 04:23:01.774 E/Parcel  ( 1841): Reading a NULL string not supported here.
02-09 04:23:01.922 E/ActivityManager(  543): ANR in system
02-09 04:23:01.922 E/ActivityManager(  543): PID: 543
02-09 04:23:01.922 E/ActivityManager(  543): Reason: Timed out while trying to bind
02-09 04:23:01.922 E/ActivityManager(  543): ErrorId: e356f3a0-9236-4e34-9a92-390e6c3726f6
02-09 04:23:01.922 E/ActivityManager(  543): Frozen: false
02-09 04:23:01.922 E/ActivityManager(  543): Load: 17.03 / 7.83 / 3.34
02-09 04:23:01.922 E/ActivityManager(  543): ----- Output from /proc/pressure/memory -----
02-09 04:23:01.922 E/ActivityManager(  543): some avg10=0.12 avg60=0.66 avg300=0.30 total=1297047
02-09 04:23:01.922 E/ActivityManager(  543): full avg10=0.02 avg60=0.22 avg300=0.10 total=520262
02-09 04:23:01.922 E/ActivityManager(  543): ----- End output from /proc/pressure/memory -----
02-09 04:23:01.922 E/ActivityManager(  543): ----- Output from /proc/pressure/cpu -----
02-09 04:23:01.922 E/ActivityManager(  543): some avg10=85.98 avg60=71.61 avg300=41.70 total=208961970
02-09 04:23:01.922 E/ActivityManager(  543): full avg10=0.00 avg60=0.00 avg300=0.00 total=0
02-09 04:23:01.922 E/ActivityManager(  543): ----- End output from /proc/pressure/cpu -----
02-09 04:23:01.922 E/ActivityManager(  543): ----- Output from /proc/pressure/io -----
02-09 04:23:01.922 E/ActivityManager(  543): some avg10=1.63 avg60=2.24 avg300=3.02 total=22970336
02-09 04:23:01.922 E/ActivityManager(  543): full avg10=0.00 avg60=0.07 avg300=0.52 total=5326908
02-09 04:23:01.922 E/ActivityManager(  543): ----- End output from /proc/pressure/io -----
02-09 04:23:01.922 E/ActivityManager(  543): 
02-09 04:23:01.922 E/ActivityManager(  543): CPU usage from 221ms to 53119ms later (2026-02-09 04:22:08.071 to 2026-02-09 04:23:00.968):
02-09 04:23:01.922 E/ActivityManager(  543):   56% 543/system_server: 18% user + 38% kernel / faults: 12523 minor 87 major
02-09 04:23:01.922 E/ActivityManager(  543):   10% 408/adbd: 2% user + 8% kernel / faults: 7098 minor
02-09 04:23:01.922 E/ActivityManager(  543):   9.8% 950/com.android.systemui: 3.8% user + 5.9% kernel / faults: 4746 minor 1 major
02-09 04:23:01.922 E/ActivityManager(  543):   7.6% 349/android.hardware.sensors-service.multihal: 1.9% user + 5.6% kernel
02-09 04:23:01.922 E/ActivityManager(  543):   4.8% 130/logd: 0.9% user + 3.9% kernel / faults: 121 minor
02-09 04:23:01.922 E/ActivityManager(  543):   4.9% 1245/com.android.launcher3: 1.8% user + 3% kernel / faults: 5310 minor 2 major
02-09 04:23:01.922 E/ActivityManager(  543):   3.1% 1400/com.android.inputmethod.latin: 1.2% user + 1.8% kernel / faults: 855 minor 14 major
02-09 04:23:01.922 E/ActivityManager(  543):   2.9% 238/kworker/u4:4-loop19: 0% user + 2.9% kernel
02-09 04:23:01.922 E/ActivityManager(  543):   2.9% 392/surfaceflinger: 1.2% user + 1.6% kernel / faults: 261 minor
02-09 04:23:01.922 E/ActivityManager(  543):   2.5% 1198/com.android.phone: 0.9% user + 1.5% kernel / faults: 534 minor 12 major
02-09 04:23:01.922 E/ActivityManager(  543): 99% TOTAL: 28% user + 64% kernel + 4% irq + 2.3% softirq
02-09 04:23:01.922 E/ActivityManager(  543): CPU usage from 4815ms to 38080ms later (2026-02-09 04:22:12.664 to 2026-02-09 04:22:45.929):
02-09 04:23:01.922 E/ActivityManager(  543):   48% 543/system_server: 14% user + 33% kernel / faults: 2536 minor 6 major
02-09 04:23:01.922 E/ActivityManager(  543):     6.1% 1527/AnrAuxiliaryTas: 1.1% user + 5% kernel
02-09 04:23:01.922 E/ActivityManager(  543):     4.3% 1645/pool-75-thread-: 1.9% user + 2.3% kernel
02-09 04:23:01.922 E/ActivityManager(  543):     3.5% 543/system_server: 0.8% user + 2.6% kernel
02-09 04:23:01.922 E/ActivityManager(  543):     1.9% 606/PackageManager: 0% user + 1.9% kernel
02-09 04:23:01.922 E/ActivityManager(  543):     1.6% 866/WifiHandlerThre: 0.2% user + 1.3% kernel
02-09 04:23:01.922 E/ActivityManager(  543):     1.6% 1549/binder:543_F: 0.5% user + 1% kernel
02-09 04:23:01.922 E/ActivityManager(  543):     1.5% 581/android.bg: 0.4% user + 1.1% kernel
02-09 04:23:01.922 E/ActivityManager(  543):     1.4% 899/backup: 0.8% user + 0.5% kernel
02-09 04:23:01.922 E/ActivityManager(  543):     1.3% 1548/binder:543_E: 0.6% user + 0.7% kernel
02-09 04:23:01.922 E/ActivityManager(  543):     1.2% 569/android.ui: 0.3% user + 0.8% kernel
02-09 04:23:01.922 E/ActivityManager(  543):     1.1% 582/ActivityManager: 0.5% user + 0.6% kernel
02-09 04:23:01.922 E/ActivityManager(  543):     1.1% 1547/binder:543_D: 0.3% user + 0.8% kernel
02-09 04:23:01.922 E/ActivityManager(  543):     1.1% 561/binder:543_2: 0.1% user + 0.9% kernel
02-09 04:23:01.922 E/ActivityManager(  543):     1% 1017/binder:543_5: 0.3% user + 0.6% kernel
02-09 04:23:01.922 E/ActivityManager(  543):     0.8% 571/android.display: 0.4% user + 0.4% kernel
02-09 04:23:01.922 E/ActivityManager(  543):     0.8% 641/eduling.default: 0.4% user + 0.4% kernel
02-09 04:23:01.922 E/ActivityManager(  543):     0.8% 913/BackgroundInsta: 0.2% user + 0.6% kernel
02-09 04:23:01.922 E/ActivityManager(  543):     0.8% 628/binder:543_3: 0.3% user + 0.4% kernel
02-09 04:23:01.922 E/ActivityManager(  543):     0.8% 643/SensorService: 0.5% user + 0.2% kernel
02-09 04:23:01.922 E/ActivityManager(  543):     0.7% 555/Jit thread pool: 0.2% user + 0.4% kernel
02-09 04:23:01.922 E/ActivityManager(  543):     0.7% 568/android.fg: 0.2% user + 0.4% kernel
02-09 04:23:01.922 E/ActivityManager(  543):     0.7% 572/android.anim: 0.2% user + 0.4% kernel
02-09 04:23:01.922 E/ActivityManager(  543):     0.6% 1022/binder:543_9: 0.2% user + 0.3% kernel
02-09 04:23:01.922 E/ActivityManager(  543):     0.6% 1546/binder:543_C: 0.1% user + 0.5% kernel
02-09 04:23:01.922 E/ActivityManager(  543):     0.6% 1651/backup-0: 0.1% user + 0.5% kernel
02-09 04:23:01.922 E/ActivityManager(  543):     0.5% 651/SettingsProvide: 0.1% user + 0.4% kernel
02-09 04:23:01.922 E/ActivityManager(  543):     0.5% 919/SdkSandboxManag: 0% user + 0.5% kernel
02-09 04:23:01.922 E/ActivityManager(  543):     0.5% 1020/binder:543_7: 0% user + 0.5% kernel
02-09 04:23:01.922 E/ActivityManager(  543):     0.5% 1021/binder:543_8: 0.1% user + 0.4% kernel
02-09 04:23:01.922 E/ActivityManager(  543):     0.5% 1532/binder:543_B: 0.2% user + 0.3% kernel
02-09 04:23:01.922 E/ActivityManager(  543):     0.5% 583/ActivityManager: 0% user + 0.4% kernel
02-09 04:23:01.922 E/ActivityManager(  543):     0.4% 570/android.io: 0% user + 0.4% kernel
02-09 04:23:01.922 E/ActivityManager(  543):     0.4% 629/binder:543_4: 0.1% user + 0.2% kernel
02-09 04:23:01.922 E/ActivityManager(  543):     0.4% 1600/binder:543_10: 0.1% user + 0.2% kernel
02-09 04:23:01.922 E/ActivityManager(  543):     0.3% 588/batterystats-ha: 0% user + 0.2% kernel
02-09 04:23:01.922 E/ActivityManager(  543):     0.3% 676/StorageManagerS: 0% user + 0.2% kernel
02-09 04:23:01.922 E/ActivityManager(  543):     0.2% 560/binder:543_1: 0% user + 0.2% kernel
02-09 04:23:01.922 E/ActivityManager(  543):     0.2% 873/ConnectivitySer: 0% user + 0.1% kernel
02-09 04:23:01.922 E/ActivityManager(  543):     0.1% 584/ActivityManager: 0% user + 0% kernel
02-09 04:23:01.922 E/ActivityManager(  543):     0.1% 585/ActivityManager: 0% user + 0.1% kernel
02-09 04:23:01.922 E/ActivityManager(  543):     0.1% 587/OomAdjuster: 0% user + 0% kernel
02-09 04:23:01.922 E/ActivityManager(  543):     0.1% 870/WifiScanningSer: 0% user + 0% kernel
02-09 04:23:01.922 E/ActivityManager(  543):     0% 574/watchdog: 0% user + 0% kernel
02-09 04:23:01.922 E/ActivityManager(  543):     0% 590/bgres-controlle: 0% user + 0% kernel
02-09 04:23:01.922 E/ActivityManager(  543):     0% 642/SensorEventAckR: 0% user + 0% kernel
02-09 04:23:01.922 E/ActivityManager(  543):     0% 927/TaskSnapshotPer: 0% user + 0% kernel
02-09 04:23:01.922 E/ActivityManager(  543):     0% 1019/binder:543_6: 0% user + 0% kernel
02-09 04:23:01.922 E/ActivityManager(  543):     0% 1050/binder:543_A: 0% user + 0% kernel
02-09 04:23:01.922 E/ActivityManager(  543):    +0% 1706/pool-219-thread: 0% user + 0% kernel
02-09 04:23:01.922 E/ActivityManager(  543):    +0% 1716/pool-220-thread: 0% user + 0% kernel
02-09 04:23:01.922 E/ActivityManager(  543):    +0% 1717/binder:543_11: 0% user + 0% kernel
02-09 04:23:01.922 E/ActivityManager(  543):    +0% 1722/binder:543_12: 0% user + 0% kernel
02-09 04:23:01.922 E/ActivityManager(  543):    +0% 1724/pool-221-thread: 0% user + 0% kernel
02-09 04:23:01.922 E/ActivityManager(  543):    +0% 1727/queued-work-loo: 0% user + 0% kernel
02-09 04:23:01.922 E/ActivityManager(  543):    +0% 1759/binder:543_13: 0% user + 0% kernel
02-09 04:23:01.922 E/ActivityManager(  543):    +0% 1761/pool-222-thread: 0% user + 0% kernel
02-09 04:23:01.922 E/ActivityManager(  543):   16% 1245/com.android.launcher3: 6% user + 10% kernel / faults: 4836 minor 2 major
02-09 04:23:01.922 E/ActivityManager(  543):     2.2% 1245/droid.launcher3: 1.2% user + 1% kernel
02-09 04:23:01.922 E/ActivityManager(  543):     0% 1274/binder:1245_2: 0% user + 0% kernel
02-09 04:23:01.922 E/ActivityManager(  543):     0% 1280/binder:1245_4: 0% user + 0% kernel
02-09 04:23:01.922 E/ActivityManager(  543):    +0% 1809/RenderThread: 0% user + 0% kernel
02-09 04:23:01.922 E/ActivityManager(  543):   9% 408/adbd: 1.7% user + 7.3% kernel / faults: 2536 minor
02-09 04:23:01.922 E/ActivityManager(  543):     4.3% 408/adbd: 1.3% user + 3% kernel
02-09 04:23:01.922 E/ActivityManager(  543):     1.7% 439/adbd: 0.1% user + 1.6% kernel
02-09 04:23:01.922 E/ActivityManager(  543):     1.4% 440/adbd: 0.1% user + 1.2% kernel
02-09 04:23:01.922 E/ActivityManager(  543):     1.1% 1524/shell svc 1521: 0% user + 1.1% kernel
02-09 04:23:01.922 E/ActivityManager(  543):     0% 424/adbd: 0% user + 0% kernel
02-09 04:23:01.922 E/ActivityManager(  543):     0% 437/adbd: 0% user + 0% kernel
02-09 04:23:01.922 E/ActivityManager(  543):    +0% 1805/shell svc 1804: 0% user + 0% kernel
02-09 04:23:01.922 E/ActivityManager(  543):   6% 349/android.hardware.sensors-service.multihal: 1.8% user + 4.2% kernel
02-09 04:23:01.922 E/ActivityManager(  543):     5.3% 378/android.hardwar: 1.7% user + 3.6% kernel
02-09 04:23:01.922 E/ActivityManager(  543):     0.5% 379/android.hardwar: 0% user + 0.5% kernel
02-09 04:23:01.922 E/ActivityManager(  543):   8% 950/com.android.systemui: 3.4% user + 4.6% kernel / faults: 738 minor
02-09 04:23:01.922 E/ActivityManager(  543):     4.3% 950/ndroid.systemui: 1.9% user + 2.3% kernel
02-09 04:23:01.922 E/ActivityManager(  543):     1.9% 955/Jit thread pool: 0.8% user + 1.1% kernel
02-09 04:23:01.922 E/ActivityManager(  543):     0.8% 984/wmshell.main: 0.3% user + 0.4% kernel
02-09 04:23:01.922 E/ActivityManager(  543):     0.2% 990/wmshell.anim: 0% user + 0.2% kernel
02-09 04:23:01.922 E/ActivityManager(  543):     0.2% 1273/binder:950_5: 0% user + 0.2% kernel
02-09 04:23:01.922 E/ActivityManager(  543):     0.2% 1676/binder:950_7: 0% user + 0.1% kernel
02-09 04:23:01.922 E/ActivityManager(  543):     0% 1009/pool-2-thread-1: 0% user + 0% kernel
02-09 04:23:01.922 E/ActivityManager(  543):     0% 1443/DefaultDispatch: 0% user + 0% kernel
02-09 04:23:01.922 E/ActivityManager(  543):    +0% 1718/LogBuffer-Share: 0% user + 0% kernel
02-09 04:23:01.922 E/ActivityManager(  543):    +0% 1728/LogBuffer-Mobil: 0% user + 0% kernel
02-09 04:23:01.922 E/ActivityManager(  543):    +0% 1729/LogBuffer-Verbo: 0% user + 0% kernel
02-09 04:23:01.922 E/ActivityManager(  543):    +0% 1739/LogBuffer-Mobil: 0% user + 0% kernel
02-09 04:23:01.922 E/ActivityManager(  543):    +0% 1742/LogBuffer-WifiI: 0% user + 0% kernel
02-09 04:23:01.922 E/ActivityManager(  543):   4.4% 130/logd: 0.8% user + 3.6% kernel / faults: 67 minor
02-09 04:23:01.922 E/ActivityManager(  543):     2.2% 141/logd.writer: 0.4% user + 1.7% kernel
02-09 04:23:01.922 E/ActivityManager(  543):     1% 1535/logd.reader.per: 0.1% user + 0.9% kernel
02-09 04:23:01.922 E/ActivityManager(  543):     0.9% 448/logd.reader.per: 0.1% user + 0.7% kernel
02-09 04:23:01.922 E/ActivityManager(  543):     0% 145/logd.klogd: 0% user + 0% kernel
02-09 04:23:01.922 E/ActivityManager(  543):   4.9% 392/surfaceflinger: 2.1% user + 2.8% kernel / faults: 75 minor
02-09 04:23:01.922 E/ActivityManager(  543):     2.2% 392/surfaceflinger: 1.3% user + 0.8% kernel
02-09 04:23:01.922 E/ActivityManager(  543):     0.5% 413/binder:392_1: 0.2% user + 0.2% kernel
02-09 04:23:01.922 E/ActivityManager(  543):     0.4% 675/binder:392_4: 0.1% user + 0.3% kernel
02-09 04:23:01.922 E/ActivityManager(  543):     0.3% 1197/binder:392_5: 0% user + 0.3% kernel
02-09 04:23:01.922 E/ActivityManager(  543):     0.3% 465/TimerDispatch: 0% user + 0.2% kernel
02-09 04:23:01.922 E/ActivityManager(  543):     0.2% 473/surfaceflinger: 0% user + 0.2% kernel
02-09 04:23:01.922 E/ActivityManager(  543):     0.1% 416/surfaceflinger: 0% user + 0.1% kernel
02-09 04:23:01.922 E/ActivityManager(  543):     0.1% 467/appSf: 0.1% user + 0% kernel
02-09 04:23:01.922 E/ActivityManager(  543):     0.1% 414/binder:392_2: 0% user + 0.1% kernel
02-09 04:23:01.922 E/ActivityManager(  543):     0.1% 466/app: 0% user + 0.1% kernel
02-09 04:23:01.922 E/ActivityManager(  543):     0.1% 471/surfaceflinger: 0% user + 0.1% kernel
02-09 04:23:01.922 E/ActivityManager(  543):     0.1% 474/binder:392_3: 0% user + 0% kernel
02-09 04:23:01.922 E/ActivityManager(  543):     0% 470/RegSampIdle: 0% user + 0% kernel
02-09 04:23:01.922 E/ActivityManager(  543):   2.5% 238/kworker/u4:4-writeback: 0% user + 2.5% kernel
02-09 04:23:01.922 E/ActivityManager(  543):   1.8% 40/kworker/1:1H-kverityd: 0% user + 1.8% kernel
02-09 04:23:01.922 E/ActivityManager(  543):   3.8% 1400/com.android.inputmethod.latin: 1.5% user + 2.2% kernel / faults: 161 minor
02-09 04:23:01.922 E/ActivityManager(  543):     3.3% 1572/ExecutorUtils: 1.4% user + 1.9% kernel
02-09 04:23:01.922 E/ActivityManager(  543):     0% 1400/putmethod.latin: 0% user + 0% kernel
02-09 04:23:01.922 E/ActivityManager(  543):    +0% 1767/binder:1400_4: 0% user + 0% kernel
02-09 04:23:01.922 E/ActivityManager(  543):   2% 328/zygote64: 0% user + 1.9% kernel / faults: 322 minor
02-09 04:23:01.922 E/ActivityManager(  543):   2.2% 361/android.hardware.graphics.composer3-service.ranchu: 1.2% user + 1% kernel
02-09 04:23:01.922 E/ActivityManager(  543):     1.1% 400/binder:361_1: 0.7% user + 0.4% kernel
02-09 04:23:01.922 E/ActivityManager(  543):     1% 443/binder:361_1: 0.4% user + 0.6% kernel
02-09 04:23:01.922 E/ActivityManager(  543):   1.4% 57/kworker/1:2-virtio_vsock: 0% user + 1.4% kernel
02-09 04:23:01.922 E/ActivityManager(  543):   1.6% 187/jbd2/dm-38-8: 0% user + 1.6% kernel
02-09 04:23:01.922 E/ActivityManager(  543):   1.1% 42/kswapd0: 0% user + 1.1% kernel
02-09 04:23:01.922 E/ActivityManager(  543):   1.4% 120/kworker/u4:3-events_unbound: 0% user + 1.4% kernel
02-09 04:23:01.922 E/ActivityManager(  543):   1.9% 415/logcat: 0.2% user + 1.6% kernel
02-09 04:23:01.922 E/ActivityManager(  543):   0.9% 14/rcu_preempt: 0% user + 0.9% kernel
02-09 04:23:01.923 E/ActivityManager(  543):   1.3% 156/keystore2: 0.7% user + 0.6% kernel / faults: 10 minor
02-09 04:23:01.923 E/ActivityManager(  543):     1.2% 156/binder:156_2: 0.6% user + 0.6% kernel
02-09 04:23:01.923 E/ActivityManager(  543):    +0% 1643/binder:156_2: 0% user + 0% kernel
02-09 04:23:01.923 E/ActivityManager(  543):    +0% 1678/binder:156_2: 0% user + 0% kernel
02-09 04:23:01.923 E/ActivityManager(  543):   2% 963/com.android.permissioncontroller: 0.7% user + 1.2% kernel / faults: 914 minor
02-09 04:23:01.923 E/ActivityManager(  543):     1.8% 971/HeapTaskDaemon: 0.6% user + 1.1% kernel
02-09 04:23:01.923 E/ActivityManager(  543):     0.1% 963/ssioncontroller: 0.1% user + 0% kernel
02-09 04:23:01.923 E/ActivityManager(  543):     0% 976/binder:963_1: 0% user + 0% kernel
02-09 04:23:01.923 E/ActivityManager(  543):   2.4% 1521/logcat: 0.7% user + 1.6% kernel
02-09 04:23:01.923 E/ActivityManager(  543):   1% 326/statsd: 0.5% user + 0.5% kernel / faults: 2 minor
02-09 04:23:01.923 E/ActivityManager(  543):     0.7% 351/statsd.writer: 0.3% user + 0.3% kernel
02-09 04:23:01.923 E/ActivityManager(  543):     0.3% 332/binder:326_2: 0.1% user + 0.1% kernel
02-09 04:23:01.923 E/ActivityManager(  543):   0.5% 51/kworker/0:1H-kblockd: 0% user + 0.5% kernel
02-09 04:23:01.923 E/ActivityManager(  543):   0.6% 133/servicemanager: 0.3% user + 0.3% kernel
02-09 04:23:01.923 E/ActivityManager(  543):   0.3% 1/init: 0.1% user + 0.2% kernel / faults: 17 minor
02-09 04:23:01.923 E/ActivityManager(  543):     0.2% 1/init: 0% user + 0.1% kernel
02-09 04:23:01.923 E/ActivityManager(  543):     0.1% 73/init: 0% user + 0% kernel
02-09 04:23:01.923 E/ActivityManager(  543):   0.3% 19/kworker/0:1-virtio_vsock: 0% user + 0.3% kernel
02-09 04:23:01.923 E/ActivityManager(  543):   0.8% 1198/com.android.phone: 0.3% user + 0.4% kernel / faults: 41 minor 1 major
02-09 04:23:01.923 E/ActivityManager(  543):     0.7% 1198/m.android.phone: 0.2% user + 0.4% kernel
02-09 04:23:01.923 E/ActivityManager(  543):     0.1% 1601/binder:1198_4: 0% user + 0% kernel
02-09 04:23:01.923 E/ActivityManager(  543):    +0% 1763/CellBroadcastCo: 0% user + 0% kernel
02-09 04:23:01.923 E/ActivityManager(  543):   0.8% 1200/com.android.settings: 0.2% user + 0.6% kernel / faults: 9 minor
02-09 04:23:01.923 E/ActivityManager(  543):     0.6% 1200/ndroid.settings: 0.1% user + 0.4% kernel
02-09 04:23:01.923 E/ActivityManager(  543):   0.3% 132/lmkd: 0.1% user + 0.2% kernel
02-09 04:23:01.923 E/ActivityManager(  543):     0.3% 132/lmkd: 0.1% user + 0.2% kernel
02-09 04:23:01.923 E/ActivityManager(  543):   0.6% 1134/com.android.networkstack.process: 0.3% user + 0.2% kernel / faults: 40 minor
02-09 04:23:01.923 E/ActivityManager(  543):     0.4% 1134/rkstack.process: 0.2% user + 0.2% kernel
02-09 04:23:01.923 E/ActivityManager(  543):     0% 1147/binder:1134_2: 0% user + 0% kernel
02-09 04:23:01.923 E/ActivityManager(  543):     0% 1411/pool-2-thread-1: 0% user + 0% kernel
02-09 04:23:01.923 E/ActivityManager(  543):   0.3% 194/tombstoned: 0% user + 0.2% kernel
02-09 04:23:01.923 E/ActivityManager(  543):   0.5% 1156/kworker/1:0-virtio_vsock: 0% user + 0.5% kernel
02-09 04:23:01.923 E/ActivityManager(  543):   0.1% 23/ksoftirqd/1: 0% user + 0.1% kernel
02-09 04:23:01.923 E/ActivityManager(  543):   0.2% 158/android.hardware.security.keymint-service: 0.2% user + 0% kernel / faults: 1 minor
02-09 04:23:01.923 E/ActivityManager(  543):   0.2% 339/android.hardware.health-service.example: 0% user + 0.1% kernel
02-09 04:23:01.923 E/ActivityManager(  543):   0.1% 327/netd: 0.1% user + 0% kernel / faults: 2 minor
02-09 04:23:01.923 E/ActivityManager(  543):     0.1% 327/binder:327_4: 0.1% user + 0% kernel
02-09 04:23:01.923 E/ActivityManager(  543):   0.2% 462/mdnsd: 0% user + 0.2% kernel
02-09 04:23:01.923 E/ActivityManager(  543):   0% 13/ksoftirqd/0: 0% user + 0% kernel
02-09 04:23:01.923 E/ActivityManager(  543):   0.1% 125/prng_seeder: 0% user + 0% kernel
02-09 04:23:01.923 E/ActivityManager(  543):   0.1% 387/audioserver: 0.1% user + 0% kernel
02-09 04:23:01.923 E/ActivityManager(  543):     0.1% 387/audioserver: 0% user + 0% kernel
02-09 04:23:01.923 E/ActivityManager(  543):   0.1% 346/ip6tables-restore: 0% user + 0% kernel
02-09 04:23:01.923 E/ActivityManager(  543):   0.1% 376/android.hardware.power-service.example: 0% user + 0% kernel
02-09 04:23:01.923 E/ActivityManager(  543):   0% 15/rcub/0: 0% user + 0% kernel
02-09 04:23:01.923 E/ActivityManager(  543):   0% 16/rcu_exp_gp_kthread_worker: 0% user + 0% kernel
02-09 04:23:01.923 E/ActivityManager(  543):   0% 136/psimon: 0% user + 0% kernel
02-09 04:23:01.923 E/ActivityManager(  543):   0% 345/iptables-restore: 0% user + 0% kernel
02-09 04:23:01.923 E/ActivityManager(  543):   0% 391/gpuservice: 0% user + 0% kernel
02-09 04:23:01.923 E/ActivityManager(  543):     0% 405/binder:391_2: 0% user + 0% kernel
02-09 04:23:01.923 E/ActivityManager(  543):   0% 419/cameraserver: 0% user + 0% kernel
02-09 04:23:01.923 E/ActivityManager(  543):     0% 533/binder:419_3: 0% user + 0% kernel
02-09 04:23:01.923 E/ActivityManager(  543):   0% 454/wificond: 0% user + 0% kernel
02-09 04:23:01.923 E/ActivityManager(  543):     0% 454/wificond: 0% user + 0% kernel
02-09 04:23:01.923 E/ActivityManager(  543):   0% 934/wpa_supplicant: 0% user + 0% kernel
02-09 04:23:01.923 E/ActivityManager(  543):   0% 1241/android.hardware.biometrics.fingerprint-service.ranchu: 0% user + 0% kernel
02-09 04:23:01.923 E/ActivityManager(  543):     0% 1268/binder:1241_2: 0% user + 0% kernel
02-09 04:23:01.923 E/ActivityManager(  543):  +0% 1552/com.android.bluetooth: 0% user + 0% kernel
02-09 04:23:01.923 E/ActivityManager(  543):  +0% 1627/com.android.providers.media.module: 0% user + 0% kernel
02-09 04:23:01.923 E/ActivityManager(  543):  +0% 1657/com.android.emulator.multidisplay: 0% user + 0% kernel
02-09 04:23:01.923 E/ActivityManager(  543):  +0% 1680/com.android.sdksetup: 0% user + 0% kernel
02-09 04:23:01.923 E/ActivityManager(  543):  +0% 1695/com.android.documentsui: 0% user + 0% kernel
02-09 04:23:01.923 E/ActivityManager(  543):  +0% 1730/com.android.cellbroadcastreceiver.module: 0% user + 0% kernel
02-09 04:23:01.923 E/ActivityManager(  543): 99% TOTAL: 29% user + 63% kernel + 4.3% irq + 2.4% softirq
02-09 04:23:01.958 E/Parcel  ( 1841): Reading a NULL string not supported here.
02-09 04:23:01.967 I/rs.media.module( 1627): Background concurrent copying GC freed 4064(415KB) AllocSpace objects, 5(228KB) LOS objects, 49% free, 2216KB/4433KB, paused 405us,216.710ms total 2.450s
02-09 04:23:01.992 W/system_server(  543): Long monitor contention with owner android.bg (581) at void com.android.server.am.AppProfiler.collectPssInBackground()(AppProfiler.java:733) waiters=0 in boolean com.android.server.am.OomAdjuster.applyOomAdjLSP(com.android.server.am.ProcessRecord, boolean, long, long, int) for 726ms
02-09 04:23:01.995 W/ActivityTaskManager(  543): Launch timeout has expired, giving up wake lock!
02-09 04:23:02.062 I/InputReader(  543): Reconfiguring input devices, changes=KEYBOARD_LAYOUTS
02-09 04:23:02.066 D/CompatibilityChangeReporter(  543): Compat change id reported: 168419799; UID 10069; state: DISABLED
02-09 04:23:02.067 D/CompatibilityChangeReporter(  543): Compat change id reported: 273564678; UID 10069; state: DISABLED
02-09 04:23:02.084 E/Parcel  ( 1841): Reading a NULL string not supported here.
02-09 04:23:02.121 D/CdmaServiceCategoryProgramHandler( 1134): Idle: release wakelock
02-09 04:23:02.138 D/CellBroadcastHandler( 1134): Idle: release wakelock
02-09 04:23:02.166 D/GsmCellBroadcastHandler( 1134): Idle: release wakelock
02-09 04:23:02.167 W/ActivityManager(  543): Slow operation: 131ms so far, now at attachApplicationLocked: immediately after bindApplication
02-09 04:23:02.220 W/ActivityManager(  543): Slow operation: 151ms so far, now at attachApplicationLocked: after updateLruProcessLocked
02-09 04:23:02.221 D/OomAdjuster(  543): Not killing cached processes
02-09 04:23:02.309 W/AppSearchIcing(  543): icing-search-engine.cc:283: Error: 5, Message: Missing file: /data/system_ce/0/appsearch/icing/schema_dir/schema.pb
02-09 04:23:02.310 E/Parcel  ( 1841): Reading a NULL string not supported here.
02-09 04:23:02.492 E/Parcel  ( 1841): Reading a NULL string not supported here.
02-09 04:23:02.511 W/system_server(  543): Long monitor contention with owner PackageManagerBg (602) at void com.android.server.pm.Settings.writePackageRestrictions(int, long, boolean)(Settings.java:2294) waiters=0 in void com.android.server.pm.PackageManagerService.setEnabledSettings(java.util.List, int, java.lang.String) for 923ms
02-09 04:23:02.514 D/PackageManager(  543): Instant App installer not found with android.intent.action.INSTALL_INSTANT_APP_PACKAGE
02-09 04:23:02.515 D/PackageManager(  543): Clear ephemeral installer activity
02-09 04:23:02.541 W/ActivityManager(  543): Slow operation: 321ms so far, now at finishAttachApplicationInner: after dispatching broadcasts
02-09 04:23:02.575 I/MediaProvider( 1627): Changed PhotoPickerUserSelectActivity component state to STATE_ENABLED ( 1 )
02-09 04:23:02.588 D/CompatibilityChangeReporter( 1840): Compat change id reported: 171979766; UID 10069; state: ENABLED
02-09 04:23:02.589 D/CompatibilityChangeReporter( 1840): Compat change id reported: 242716250; UID 10069; state: ENABLED
02-09 04:23:02.595 D/PackageManager(  543): Instant App installer not found with android.intent.action.INSTALL_INSTANT_APP_PACKAGE
02-09 04:23:02.595 D/PackageManager(  543): Clear ephemeral installer activity
02-09 04:23:02.632 W/system_server(  543): Long monitor contention with owner binder:543_12 (1722) at void com.android.server.am.ActivityManagerService.finishAttachApplicationInner(long, int, int)(ActivityManagerService.java:4940) waiters=9 in void com.android.server.am.ActivityManagerService.pushTempAllowlist() for 197ms
02-09 04:23:02.686 W/Looper  (  543): Slow dispatch took 252ms android.ui h=com.android.server.am.ActivityManagerService$UiHandler c=null m=68
02-09 04:23:02.699 W/system_server(  543): Long monitor contention with owner binder:543_12 (1722) at void com.android.server.am.ActivityManagerService.finishAttachApplicationInner(long, int, int)(ActivityManagerService.java:4940) waiters=4 in android.content.Intent com.android.server.am.ActivityManagerService.registerReceiverWithFeature(android.app.IApplicationThread, java.lang.String, java.lang.String, java.lang.String, android.content.IIntentReceiver, android.content.IntentFilter, java.lang.String, int, int) for 645ms
02-09 04:23:02.705 D/CompatibilityChangeReporter( 1245): Compat change id reported: 183155436; UID 10113; state: ENABLED
02-09 04:23:02.707 W/system_server(  543): Long monitor contention with owner binder:543_12 (1722) at void com.android.server.am.ActivityManagerService.finishAttachApplicationInner(long, int, int)(ActivityManagerService.java:4940) waiters=5 in android.content.Intent com.android.server.am.ActivityManagerService.registerReceiverWithFeature(android.app.IApplicationThread, java.lang.String, java.lang.String, java.lang.String, android.content.IIntentReceiver, android.content.IntentFilter, java.lang.String, int, int) for 589ms
02-09 04:23:02.730 D/CompatibilityChangeReporter(  543): Compat change id reported: 161145287; UID 1002; state: ENABLED
02-09 04:23:02.754 D/CompatibilityChangeReporter(  543): Compat change id reported: 170503758; UID 10069; state: ENABLED
02-09 04:23:02.764 E/Parcel  ( 1841): Reading a NULL string not supported here.
02-09 04:23:02.809 W/MessagingApp( 1765): PhoneUtils.getForLMR1(): invalid subId = -1
02-09 04:23:02.821 W/system_server(  543): Long monitor contention with owner binder:543_F (1549) at long com.android.server.job.JobSchedulerService.getMinJobExecutionGuaranteeMs(com.android.server.job.controllers.JobStatus)(JobSchedulerService.java:3799) waiters=0 in void com.android.server.job.controllers.BackgroundJobsController$1.updateAllJobs() for 2.840s
02-09 04:23:02.830 W/system_server(  543): Long monitor contention with owner binder:543_F (1549) at long com.android.server.job.JobSchedulerService.getMinJobExecutionGuaranteeMs(com.android.server.job.controllers.JobStatus)(JobSchedulerService.java:3799) waiters=1 in android.app.job.JobInfo com.android.server.job.JobSchedulerService.getPendingJob(int, java.lang.String, int) for 2.492s
02-09 04:23:02.831 W/Looper  (  543): Slow dispatch took 2494ms main h=com.android.providers.settings.SettingsProvider$SettingsRegistry$MyHandler c=null m=2
02-09 04:23:02.842 D/CompatibilityChangeReporter( 1840): Compat change id reported: 3400644; UID 10069; state: ENABLED
02-09 04:23:02.740 E/SELinux (    0): avc:  denied  { find } for pid=1841 uid=2000 name=suspend_control_internal scontext=u:r:shell:s0 tcontext=u:object_r:system_suspend_control_internal_service:s0 tclass=service_manager permissive=0
02-09 04:23:02.903 E/Parcel  ( 1841): Reading a NULL string not supported here.
02-09 04:23:03.007 D/ApplicationLoaders( 1840): Returning zygote-cached class loader: /system_ext/framework/androidx.window.extensions.jar
02-09 04:23:03.007 D/ApplicationLoaders( 1840): Returning zygote-cached class loader: /system_ext/framework/androidx.window.sidecar.jar
02-09 04:23:03.015 W/ActivityManager(  543): Slow operation: 160ms so far, now at startProcess: building args
02-09 04:23:03.047 D/PulledMetrics( 1627): Registering callback with StatsManager
02-09 04:23:03.168 D/CompatibilityChangeReporter(  543): Compat change id reported: 135634846; UID 1000; state: DISABLED
02-09 04:23:03.170 W/ActivityManager(  543): Slow operation: 315ms so far, now at startProcess: asking zygote to start proc
02-09 04:23:03.190 W/MessagingApp( 1765): PhoneUtils.getForLMR1(): invalid subId = -1
02-09 04:23:03.215 W/ActivityManager(  543): Slow operation: 362ms so far, now at startProcess: done starting proc!
02-09 04:23:03.230 I/DropBoxManagerService(  543): add tag=system_server_anr isTagEnabled=true flags=0x6
02-09 04:23:03.332 W/system_server(  543): Long monitor contention with owner backup-0 (1651) at int com.android.server.am.ActivityManagerService.bindServiceInstance(android.app.IApplicationThread, android.os.IBinder, android.content.Intent, java.lang.String, android.app.IServiceConnection, long, java.lang.String, boolean, int, java.lang.String, android.app.IApplicationThread, java.lang.String, int)(ActivityManagerService.java:13404) waiters=7 in android.content.Intent com.android.server.am.ActivityManagerService.registerReceiverWithFeature(android.app.IApplicationThread, java.lang.String, java.lang.String, java.lang.String, android.content.IIntentReceiver, android.content.IntentFilter, java.lang.String, int, int) for 402ms
02-09 04:23:03.336 D/nativeloader( 1840): Configuring clns-shared-6 for other apk /system/priv-app/ManagedProvisioning/ManagedProvisioning.apk. target_sdk_version=34, uses_libraries=, library_path=/system/priv-app/ManagedProvisioning/lib/x86_64:/system/lib64:/system_ext/lib64, permitted_path=/data:/mnt/expand:/data/user/0/com.android.managedprovisioning:/system/priv-app/ManagedProvisioning:/system/lib64:/system_ext/lib64
02-09 04:23:03.363 W/Looper  (  543): Slow dispatch took 1799ms android.fg h=com.android.server.DropBoxManagerService$DropBoxManagerBroadcastHandler c=null m=2
02-09 04:23:03.363 W/Looper  (  543): Slow delivery took 1117ms android.fg h=android.os.Handler c=com.android.server.power.hint.HintManagerService$MyUidObserver$$ExternalSyntheticLambda0@ccf3eb4 m=0
02-09 04:23:03.397 D/Zygote  (  328): Forked child process 1869
02-09 04:23:03.391 D/ActivityManager(  543): Completed ANR of system in 55542ms, latency 30367ms (expired, only dump ANR app)
02-09 04:23:03.495 E/SELinux (    0): avc:  denied  { find } for pid=1841 uid=2000 name=vold scontext=u:r:shell:s0 tcontext=u:object_r:vold_service:s0 tclass=service_manager permissive=0
02-09 04:23:03.446 D/LegacyCellBroadcastContentProvider( 1791): query from legacy cellbroadcast, returned 0 messages
02-09 04:23:03.451 D/CellBroadcastDatabaseHelper( 1730): Finished migration from legacy provider
02-09 04:23:03.456 W/ActivityManager(  543): Slow operation: 563ms so far, now at startProcess: returned from zygote!
02-09 04:23:03.502 D/CompatibilityChangeReporter(  543): Compat change id reported: 161145287; UID 10108; state: DISABLED
02-09 04:23:03.507 W/Looper  (  543): Slow dispatch took 358ms main h=android.app.ActivityThread$H c=android.app.LoadedApk$ReceiverDispatcher$Args$$ExternalSyntheticLambda0@67d1652 m=0
02-09 04:23:03.681 V/GraphicsEnvironment( 1840): Currently set values for:
02-09 04:23:03.681 V/GraphicsEnvironment( 1840):   angle_gl_driver_selection_pkgs=[]
02-09 04:23:03.682 V/GraphicsEnvironment( 1840):   angle_gl_driver_selection_values=[]
02-09 04:23:03.706 W/binder_debug(    0): 58 callbacks suppressed
02-09 04:23:03.687 V/GraphicsEnvironment( 1840): ANGLE GameManagerService for com.android.managedprovisioning: false
02-09 04:23:03.691 E/IPCThreadState( 1841): Binder transaction failure: 40452/29201/-1
02-09 04:23:03.734 V/GraphicsEnvironment( 1840): com.android.managedprovisioning is not listed in per-application setting
02-09 04:23:03.735 V/GraphicsEnvironment( 1840): Neither updatable production driver nor prerelease driver is supported.
02-09 04:23:03.684 W/service ( 1841): type=1400 audit(0.0:75): avc:  denied  { call } for  scontext=u:r:shell:s0 tcontext=u:r:wificond:s0 tclass=binder permissive=0
02-09 04:23:03.706 I/binder  (    0): 1841:1841 transaction call to 454:0 failed 40452/29201/-1, size 0-0 line 3228
02-09 04:23:03.791 W/system_server(  543): Long monitor contention with owner android.ui (569) at void com.android.server.am.AppErrors.handleShowAnrUi(android.os.Message)(AppErrors.java:1136) waiters=0 in void com.android.server.am.ActivityManagerService$LocalService.updateDeviceIdleTempAllowlist(int[], int, boolean, long, int, int, java.lang.String, int) for 272ms
02-09 04:23:03.926 W/Looper  (  950): Slow delivery took 67ms wmshell.main h=android.os.Handler c=null m=17
02-09 04:23:03.933 E/ActivityThread( 1695): Failed to find provider info for com.android.providers.media.documents
02-09 04:23:03.950 W/ActivityManager(  543): Slow operation: 1096ms so far, now at startProcess: done updating battery stats
02-09 04:23:03.951 W/ActivityManager(  543): Slow operation: 1097ms so far, now at startProcess: building log message
02-09 04:23:03.951 I/ActivityManager(  543): Start proc 1869:com.android.localtransport/1000 for service {com.android.localtransport/com.android.localtransport.LocalTransportService}
02-09 04:23:03.955 W/ProvidersCache( 1695): Failed to load some roots from com.android.providers.media.documents
02-09 04:23:03.955 W/ProvidersCache( 1695): android.os.RemoteException: Failed to acquire provider for com.android.providers.media.documents
02-09 04:23:03.955 W/ProvidersCache( 1695): 	at com.android.documentsui.DocumentsApplication.acquireUnstableProviderOrThrow(DocumentsApplication.java:89)
02-09 04:23:03.955 W/ProvidersCache( 1695): 	at com.android.documentsui.roots.ProvidersCache.loadRootsForAuthority(ProvidersCache.java:364)
02-09 04:23:03.955 W/ProvidersCache( 1695): 	at com.android.documentsui.roots.ProvidersCache.-$$Nest$mloadRootsForAuthority(ProvidersCache.java:0)
