02-09 04:22:53.398 W/Looper  (  543): Slow dispatch took 1660ms main h=com.android.server.alarm.AlarmManagerService$AlarmHandler c=com.android.server.alarm.AlarmManagerService$3$$ExternalSyntheticLambda0@b3df20 m=0
02-09 04:22:53.407 W/Looper  (  543): Slow dispatch took 626ms android.ui h=com.android.server.am.ActivityManagerService$UiHandler c=com.android.server.am.UidObserverController$$ExternalSyntheticLambda0@e0c1ea6 m=0
02-09 04:22:53.411 D/nativeloader( 1765): Configuring clns-6 for other apk /system/framework/org.apache.http.legacy.jar. target_sdk_version=24, uses_libraries=ALL, library_path=/product/app/messaging/lib/x86_64, permitted_path=/data:/mnt/expand:/data/user/0/com.android.messaging
02-09 04:22:53.414 W/Looper  (  543): Drained
02-09 04:22:53.469 D/CompatibilityChangeReporter(  543): Compat change id reported: 170503758; UID 10063; state: ENABLED
02-09 04:22:53.475 D/MediaCodecList( 1627): codecHandlesFormat: no format, so no extra checks
02-09 04:22:53.479 D/CompatibilityChangeReporter( 1791): Compat change id reported: 3400644; UID 10063; state: ENABLED
02-09 04:22:53.498 D/CompatibilityChangeReporter(  543): Compat change id reported: 265195908; UID 10108; state: ENABLED
02-09 04:22:53.548 W/Looper  (  543): Slow dispatch took 149ms main h=com.android.server.alarm.AlarmManagerService$AlarmHandler c=null m=5
02-09 04:22:53.568 D/ActivityManager(  543): freezing 1200 com.android.settings
02-09 04:22:53.569 D/ActivityManager(  543): Reschedule freeze for process 1200 com.android.settings (outstanding txns), timeout=2615
02-09 04:22:53.585 I/binder  (    0): 543:652 ioctl 400c620e 7460bba2d700 returned -11
02-09 04:22:53.584 D/nativeloader( 1765): InitLlndkLibrariesProduct: libEGL.so:libGLESv1_CM.so:libGLESv2.so:libGLESv3.so:libRS.so:libandroid_net.so:libbinder_ndk.so:libc.so:libcgrouprc.so:libclang_rt.asan-x86_64-android.so:libcom.android.tethering.connectivity_native.so:libdl.so:libft2.so:liblog.so:libm.so:libmediandk.so:libnativewindow.so:libneuralnetworks.so:libselinux.so:libsync.so:libvndksupport.so:libvulkan.so
02-09 04:22:53.585 D/nativeloader( 1765): Configuring product-clns-7 for unbundled product apk /product/app/messaging/messaging.apk. target_sdk_version=24, uses_libraries=, library_path=/product/app/messaging/lib/x86_64:/product/lib64:/system/product/lib64, permitted_path=/data:/mnt/expand:/data/user/0/com.android.messaging:/product/lib64:/system/product/lib64
02-09 04:22:53.593 D/ActivityManager(  543): created ANR temporary file:/data/anr/temp_anr_4708302684531497602.txt
02-09 04:22:53.594 I/ActivityManager(  543): Collecting stacks for pid 1627 into temporary file temp_anr_4708302684531497602.txt
02-09 04:22:53.610 W/InputManager-JNI(  543): Input channel object '9992282 com.android.settings/com.android.settings.FallbackHome (client)' was disposed without first being removed with the input manager!
02-09 04:22:53.626 D/nativeloader( 1765): InitVndkspLibrariesProduct: android.hardware.common-V2-ndk.so:android.hardware.common.fmq-V1-ndk.so:android.hardware.graphics.allocator-V2-ndk.so:android.hardware.graphics.common-V4-ndk.so:android.hardware.graphics.common@1.0.so:android.hardware.graphics.common@1.1.so:android.hardware.graphics.common@1.2.so:android.hardware.graphics.composer3-V1-ndk.so:android.hardware.graphics.mapper@2.0.so:android.hardware.graphics.mapper@2.1.so:android.hardware.graphics.mapper@3.0.so:android.hardware.graphics.mapper@4.0.so:android.hardware.renderscript@1.0.so:android.hidl.memory.token@1.0.so:android.hidl.memory@1.0-impl.so:android.hidl.memory@1.0.so:android.hidl.safe_union@1.0.so:libRSCpuRef.so:libRSDriver.so:libRS_internal.so:libbase.so:libbcinfo.so:libblas.so:libc++.so:libcompiler_rt.so:libcutils.so:libdmabufheap.so:libgralloctypes.so:libhardware.so:libhidlbase.so:libhidlmemory.so:libion.so:libjsoncpp.so:liblzma.so:libprocessgroup.so:libunwindstack.so:libutils.so:libutilscallstack.so:libz.so
02-09 04:22:53.631 W/system_server(  543): Long monitor contention with owner CachedAppOptimizerThread (652) at void com.android.server.am.CachedAppOptimizer$FreezeHandler.freezeProcess(com.android.server.am.ProcessRecord)(CachedAppOptimizer.java:2277) waiters=1 in boolean com.android.server.am.ActivityManagerService.isUidActive(int, java.lang.String) for 173ms
02-09 04:22:53.648 W/system_server(  543): Long monitor contention with owner CachedAppOptimizerThread (652) at void com.android.server.am.CachedAppOptimizer$FreezeHandler.handleMessage(android.os.Message)(CachedAppOptimizer.java:2144) waiters=1 in boolean com.android.server.am.BroadcastQueueModernImpl.lambda$new$0(android.os.Message) for 162ms
02-09 04:22:53.650 W/Looper  (  543): Slow dispatch took 100ms main h=com.android.server.alarm.AlarmManagerService$AlarmHandler c=null m=5
02-09 04:22:53.691 W/Looper  (  543): Slow delivery took 256ms android.ui h=com.android.server.am.ActivityManagerService$UiHandler c=com.android.server.am.UidObserverController$$ExternalSyntheticLambda0@e0c1ea6 m=0
02-09 04:22:53.691 W/Looper  (  543): Slow dispatch took 267ms android.ui h=com.android.server.am.ActivityManagerService$UiHandler c=com.android.server.am.UidObserverController$$ExternalSyntheticLambda0@e0c1ea6 m=0
02-09 04:22:53.751 W/Looper  (  543): Slow dispatch took 208ms android.fg h=com.android.server.DropBoxManagerService$DropBoxManagerBroadcastHandler c=null m=2
02-09 04:22:53.781 W/system_server(  543): Long monitor contention with owner CachedAppOptimizerThread (652) at void com.android.server.am.CachedAppOptimizer$FreezeHandler.handleMessage(android.os.Message)(CachedAppOptimizer.java:2144) waiters=2 in android.content.Intent com.android.server.am.ActivityManagerService.registerReceiverWithFeature(android.app.IApplicationThread, java.lang.String, java.lang.String, java.lang.String, android.content.IIntentReceiver, android.content.IntentFilter, java.lang.String, int, int) for 280ms
02-09 04:22:53.805 I/servicemanager(    0): Could not find android.hardware.graphics.allocator.IAllocator/default in the VINTF manifest.
02-09 04:22:53.809 W/Looper  (  950): Slow dispatch took 182ms wmshell.main h=android.os.Handler c=null m=16
02-09 04:22:53.810 W/Looper  (  543): Drained
02-09 04:22:53.866 W/Looper  (  543): Slow dispatch took 115ms android.fg h=android.os.Handler c=com.android.server.power.hint.HintManagerService$MyUidObserver$$ExternalSyntheticLambda0@9793d02 m=0
02-09 04:22:53.922 I/hwservicemanager(  134): getTransport: Cannot find entry android.hardware.graphics.mapper@4.0::IMapper/default in either framework or device VINTF manifest.
02-09 04:22:53.929 D/GsmCellBroadcastHandler( 1134): subId[-1] is not valid
02-09 04:22:53.941 E/Parcel  ( 1804): Reading a NULL string not supported here.
02-09 04:22:53.997 I/Gralloc4( 1245): mapper 4.x is not supported
02-09 04:22:54.007 W/system_server(  543): Long monitor contention with owner binder:543_6 (1019) at void com.android.server.wm.WindowManagerService.removeWindow(com.android.server.wm.Session, android.view.IWindow)(WindowManagerService.java:1977) waiters=0 in void com.android.server.wm.ActivityMetricsLogger.checkActivityToBeDrawn(com.android.server.wm.Task, com.android.server.wm.ActivityRecord) for 370ms
02-09 04:22:54.082 D/CellBroadcastServiceManager( 1198): CellBroadcastServiceManager created for phone 0
02-09 04:22:54.102 I/Choreographer( 1200): Skipped 207 frames!  The application may be doing too much work on its main thread.
02-09 04:22:54.157 V/GraphicsEnvironment( 1765): Currently set values for:
02-09 04:22:54.158 V/GraphicsEnvironment( 1765):   angle_gl_driver_selection_pkgs=[]
02-09 04:22:54.158 V/GraphicsEnvironment( 1765):   angle_gl_driver_selection_values=[]
02-09 04:22:54.167 E/Parcel  ( 1804): Reading a NULL string not supported here.
02-09 04:22:54.190 V/GraphicsEnvironment( 1765): ANGLE GameManagerService for com.android.messaging: false
02-09 04:22:54.191 V/GraphicsEnvironment( 1765): com.android.messaging is not listed in per-application setting
02-09 04:22:54.192 V/GraphicsEnvironment( 1765): Neither updatable production driver nor prerelease driver is supported.
02-09 04:22:54.210 D/nativeloader( 1791): Configuring clns-shared-6 for other apk /system/priv-app/CellBroadcastLegacyApp/CellBroadcastLegacyApp.apk. target_sdk_version=34, uses_libraries=, library_path=/system/priv-app/CellBroadcastLegacyApp/lib/x86_64:/system/lib64:/system_ext/lib64, permitted_path=/data:/mnt/expand:/data/user_de/0/com.android.cellbroadcastreceiver:/system/priv-app/CellBroadcastLegacyApp:/system/lib64:/system_ext/lib64
02-09 04:22:54.238 D/CompatibilityChangeReporter(  543): Compat change id reported: 265195908; UID 10063; state: ENABLED
02-09 04:22:54.268 W/system_server(  543): Long monitor contention with owner ActivityManager (582) at void com.android.server.am.AppProfiler$CachedAppsWatermarkData.updateCachedAppsSnapshot(long)(AppProfiler.java:550) waiters=0 in int com.android.server.am.ActivityManagerService.getUidState(int) for 402ms
02-09 04:22:54.269 W/Looper  (  543): Slow dispatch took 618ms main h=com.android.providers.settings.SettingsProvider$SettingsRegistry$MyHandler c=null m=1
02-09 04:22:54.331 I/oadcastreceiver( 1791): WaitForGcToComplete blocked DeletingDexCacheArrays on ClassLinker for 5.046ms
02-09 04:22:54.443 E/OpenGLRenderer( 1245): Unable to match the desired swap behavior.
02-09 04:22:54.458 D/MediaCodecList( 1627): codecHandlesFormat: no format, so no extra checks
02-09 04:22:54.517 D/CellBroadcastServiceManager( 1198): getCellBroadcastServicePackageName: com.android.cellbroadcastservice
02-09 04:22:54.668 E/Parcel  ( 1804): Reading a NULL string not supported here.
02-09 04:22:54.707 W/Looper  (  543): Slow dispatch took 110ms android.ui h=com.android.server.policy.PhoneWindowManager$PolicyHandler c=android.database.ContentObserver$$ExternalSyntheticLambda0@15ad968 m=0
02-09 04:22:54.725 W/Looper  (  543): Slow dispatch took 141ms main h=com.android.server.alarm.AlarmManagerService$AlarmHandler c=null m=5
02-09 04:22:54.731 I/system_server(  543): libdebuggerd_client: started dumping process 1627
02-09 04:22:54.790 I/tombstoned(  194): registered intercept for pid 1627 and type kDebuggerdJavaBacktrace
02-09 04:22:54.850 I/rs.media.module( 1627): Thread[4,tid=1633,WaitingInMainSignalCatcherLoop,Thread*=0x746219692330,peer=0x12c40320,"Signal Catcher"]: reacting to signal 3
02-09 04:22:54.851 I/rs.media.module( 1627): 
02-09 04:22:54.883 V/GraphicsEnvironment( 1791): Currently set values for:
02-09 04:22:54.888 V/GraphicsEnvironment( 1791):   angle_gl_driver_selection_pkgs=[]
02-09 04:22:54.888 V/GraphicsEnvironment( 1791):   angle_gl_driver_selection_values=[]
02-09 04:22:54.936 V/GraphicsEnvironment( 1791): ANGLE GameManagerService for com.android.cellbroadcastreceiver: false
02-09 04:22:54.936 V/GraphicsEnvironment( 1791): com.android.cellbroadcastreceiver is not listed in per-application setting
02-09 04:22:54.937 V/GraphicsEnvironment( 1791): Neither updatable production driver nor prerelease driver is supported.
02-09 04:22:54.957 I/keystore2(  156): system/security/keystore2/src/watchdog.rs:319 - Watchdog thread idle -> terminating. Have a great day.
02-09 04:22:55.171 D/LegacyCellBroadcastContentProvider( 1791): onCreate
02-09 04:22:55.210 E/SELinux (    0): avc:  denied  { find } for pid=1804 uid=2000 name=suspend_control scontext=u:r:shell:s0 tcontext=u:object_r:system_suspend_control_service:s0 tclass=service_manager permissive=0
02-09 04:22:55.218 E/SELinux (    0): avc:  denied  { find } for pid=1804 uid=2000 name=suspend_control_internal scontext=u:r:shell:s0 tcontext=u:object_r:system_suspend_control_internal_service:s0 tclass=service_manager permissive=0
02-09 04:22:55.211 I/BluetoothAvrcpControllerJni( 1552): classInitNative: succeeds
02-09 04:22:55.218 E/Parcel  ( 1804): Reading a NULL string not supported here.
02-09 04:22:55.239 E/Parcel  ( 1804): Reading a NULL string not supported here.
02-09 04:22:55.275 D/CompatibilityChangeReporter( 1552): Compat change id reported: 263076149; UID 1002; state: ENABLED
02-09 04:22:55.296 W/Looper  (  543): Slow dispatch took 469ms main h=com.android.server.alarm.AlarmManagerService$AlarmHandler c=null m=5
02-09 04:22:55.524 E/FrameEvents( 1245): updateAcquireFence: Did not find frame.
02-09 04:22:55.635 E/SELinux (    0): avc:  denied  { find } for pid=1804 uid=2000 name=vold scontext=u:r:shell:s0 tcontext=u:object_r:vold_service:s0 tclass=service_manager permissive=0
02-09 04:22:55.667 W/Looper  (  543): Slow dispatch took 284ms main h=com.android.server.alarm.AlarmManagerService$AlarmHandler c=null m=5
02-09 04:22:55.760 W/service ( 1804): type=1400 audit(0.0:41): avc:  denied  { call } for  scontext=u:r:shell:s0 tcontext=u:r:wificond:s0 tclass=binder permissive=0
02-09 04:22:55.769 E/IPCThreadState( 1804): Binder transaction failure: 38103/29201/-1
02-09 04:22:55.784 W/binder_debug(    0): 56 callbacks suppressed
02-09 04:22:55.784 I/binder  (    0): 1804:1804 transaction credentials failed
02-09 04:22:55.784 I/binder  (    0): 1804:1804 transaction call to 454:0 failed 38103/29201/-1, size 0-0 line 3228
02-09 04:22:55.790 D/b/254119092( 1245): destroyExistingTaskbar: null
02-09 04:22:55.790 D/b/254119092( 1245): mActivity and mContext agree taskbarIsPresent=false
02-09 04:22:55.790 D/b/254119092( 1245): recreateTaskbar: isTaskbarEnabled=false [dp != null (i.e. mUserUnlocked)]=true FLAG_HIDE_NAVBAR_WINDOW=false dp.isTaskbarPresent=false
02-09 04:22:55.790 D/b/254119092( 1245): mActivity and mContext agree taskbarIsPresent=false
02-09 04:22:55.839 I/AppSearchIcing(  543): document-store.cc:348: Starting Document Store Recovery with cause=0, and create result { new_file=1, preeisting_file_version=1, data_loss=0} and kCurrentVersion=1
02-09 04:22:55.875 W/ProcessCpuTracker(  543): Failed to stat(/proc/1245/task/1800): android.system.ErrnoException: stat failed: ENOENT (No such file or directory)
02-09 04:22:55.910 I/BluetoothHidHostServiceJni( 1552): classInitNative: succeeds
02-09 04:22:55.931 W/ProcessCpuTracker(  543): Skipping unknown process pid 1800
02-09 04:22:55.993 D/Biometrics/InternalCleanupClient(  543): onEnumerated, remaining: 0
02-09 04:22:56.005 D/Biometrics/InternalEnumerateClient(  543): Null identifier
02-09 04:22:56.006 D/Biometrics/InternalCleanupClient(  543): Enumerate onClientFinished: {[6] com.android.server.biometrics.sensors.face.aidl.FaceInternalEnumerateClient, proto=6, owner=android, cookie=0, requestId=-1, userId=0}, success: true
02-09 04:22:56.007 D/BiometricStateCallback(  543): Client finished, state updated to 0, client {[0] com.android.server.biometrics.sensors.face.aidl.FaceInternalCleanupClient, proto=7, owner=android, cookie=0, requestId=-1, userId=0}
02-09 04:22:56.007 D/BiometricStateCallback(  543): Enrollment state changed: false
02-09 04:22:56.026 I/BluetoothPanServiceJni( 1552): classInitNative(L108): succeeds
02-09 04:22:56.096 D/BiometricSchedulerOperation(  543): [Finished / destroy]: {[0] com.android.server.biometrics.sensors.face.aidl.FaceInternalCleanupClient, proto=7, owner=android, cookie=0, requestId=-1, userId=0}
02-09 04:22:56.097 W/Looper  (  543): Slow dispatch took 167ms main h=android.os.Handler c=com.android.server.biometrics.sensors.face.aidl.Sensor$HalSessionCallback$$ExternalSyntheticLambda17@5acfffe m=0
02-09 04:22:56.183 I/AdapterServiceConfig( 1552): init: profile=A2dpService, enabled=true
02-09 04:22:56.183 I/AdapterServiceConfig( 1552): init: profile=A2dpSinkService, enabled=false
02-09 04:22:56.202 D/CCodec  ( 1627): allocate(c2.goldfish.hevc.decoder)
02-09 04:22:56.234 W/AppWidgetServiceImpl(  543): Failed to read state: java.io.FileNotFoundException: /data/system/users/0/appwidgets.xml: open failed: ENOENT (No such file or directory)
02-09 04:22:56.234 V/AppWidgetServiceImpl(  543): Upgrading widget database from 0 to 1
02-09 04:22:56.269 I/Codec2Client( 1627): Available Codec2 services: "default" "software"
02-09 04:22:56.275 I/AdapterServiceConfig( 1552): init: profile=AvrcpTargetService, enabled=true
02-09 04:22:56.306 I/DropBoxManagerService(  543): add tag=system_server_strictmode isTagEnabled=true flags=0x2
02-09 04:22:56.341 I/CCodec  ( 1627): setting up 'default' as default (vendor) store
02-09 04:22:56.359 W/ProcessCpuTracker(  543): Failed to stat(/proc/1605): android.system.ErrnoException: stat failed: ENOENT (No such file or directory)
02-09 04:22:56.364 W/ProcessCpuTracker(  543): Skipping unknown process pid 1605
02-09 04:22:56.366 W/ProcessCpuTracker(  543): Failed to stat(/proc/1616): android.system.ErrnoException: stat failed: ENOENT (No such file or directory)
02-09 04:22:56.367 W/ProcessCpuTracker(  543): Skipping unknown process pid 1616
02-09 04:22:56.371 I/AdapterServiceConfig( 1552): init: profile=AvrcpControllerService, enabled=false
02-09 04:22:56.371 I/AdapterServiceConfig( 1552): init: profile=BassClientService, enabled=false
02-09 04:22:56.383 W/Looper  (  543): Slow dispatch took 286ms main h=com.android.providers.settings.SettingsProvider$SettingsRegistry$MyHandler c=null m=1
02-09 04:22:56.399 D/Biometrics/InternalCleanupClient(  543): onEnumerated, remaining: 0
02-09 04:22:56.399 D/Biometrics/InternalEnumerateClient(  543): Null identifier
02-09 04:22:56.402 D/Biometrics/InternalCleanupClient(  543): Enumerate onClientFinished: {[9] com.android.server.biometrics.sensors.fingerprint.aidl.FingerprintInternalEnumerateClient, proto=6, owner=android, cookie=0, requestId=-1, userId=0}, success: true
02-09 04:22:56.403 D/BiometricStateCallback(  543): Client finished, state updated to 0, client {[2] com.android.server.biometrics.sensors.fingerprint.aidl.FingerprintInternalCleanupClient, proto=7, owner=android, cookie=0, requestId=-1, userId=0}
02-09 04:22:56.403 D/BiometricStateCallback(  543): Enrollment state changed: false
02-09 04:22:56.409 D/BiometricSchedulerOperation(  543): [Finished / destroy]: {[2] com.android.server.biometrics.sensors.fingerprint.aidl.FingerprintInternalCleanupClient, proto=7, owner=android, cookie=0, requestId=-1, userId=0}
02-09 04:22:56.515 I/GoldfishComponentStore(  342): in init
02-09 04:22:56.520 I/GoldfishComponentStore(  342): loading dll of path libcodec2_goldfish_hevcdec.so
02-09 04:22:56.534 I/GoldfishComponentStore(  342): Create()
02-09 04:22:56.594 I/GoldfishComponentStore(  342): created interface
02-09 04:22:56.616 I/GoldfishComponentStore(  342): created component
02-09 04:22:56.667 I/CCodec  ( 1627): Created component [c2.goldfish.hevc.decoder]
02-09 04:22:56.685 D/CCodecConfig( 1627): read media type: video/hevc
02-09 04:22:56.723 D/ReflectedParamUpdater( 1627): extent() != 1 for single value type: algo.buffers.max-count.values
02-09 04:22:56.729 D/ReflectedParamUpdater( 1627): extent() != 1 for single value type: output.subscribed-indices.values
02-09 04:22:56.730 D/ReflectedParamUpdater( 1627): extent() != 1 for single value type: input.buffers.allocator-ids.values
02-09 04:22:56.731 D/ReflectedParamUpdater( 1627): extent() != 1 for single value type: output.buffers.allocator-ids.values
02-09 04:22:56.750 D/ReflectedParamUpdater( 1627): extent() != 1 for single value type: algo.buffers.allocator-ids.values
02-09 04:22:56.751 D/ReflectedParamUpdater( 1627): extent() != 1 for single value type: output.buffers.pool-ids.values
02-09 04:22:56.757 D/ReflectedParamUpdater( 1627): extent() != 1 for single value type: algo.buffers.pool-ids.values
02-09 04:22:56.765 D/ReflectedParamUpdater( 1627): ignored struct field coded.color-format.locations
02-09 04:22:56.774 D/CCodecConfig( 1627): ignoring local param raw.size (0xd2001800) as it is already supported
02-09 04:22:56.777 D/CCodecConfig( 1627): ignoring local param default.color (0x5200180b) as it is already supported
02-09 04:22:56.778 D/ReflectedParamUpdater( 1627): ignored struct field raw.hdr-static-info.mastering
02-09 04:22:56.824 I/CCodecConfig( 1627): query failed after returning 12 values (BAD_INDEX)
02-09 04:22:56.826 D/CCodecConfig( 1627): c2 config diff is Dict {
02-09 04:22:56.826 D/CCodecConfig( 1627):   c2::u32 coded.pl.level = 24584
02-09 04:22:56.826 D/CCodecConfig( 1627):   c2::u32 coded.pl.profile = 24576
02-09 04:22:56.826 D/CCodecConfig( 1627):   c2::u32 coded.vui.color.matrix = 0
02-09 04:22:56.826 D/CCodecConfig( 1627):   c2::u32 coded.vui.color.primaries = 0
02-09 04:22:56.826 D/CCodecConfig( 1627):   c2::u32 coded.vui.color.range = 2
02-09 04:22:56.826 D/CCodecConfig( 1627):   c2::u32 coded.vui.color.transfer = 0
02-09 04:22:56.826 D/CCodecConfig( 1627):   c2::u32 default.color.matrix = 0
02-09 04:22:56.826 D/CCodecConfig( 1627):   c2::u32 default.color.primaries = 0
02-09 04:22:56.826 D/CCodecConfig( 1627):   c2::u32 default.color.range = 0
02-09 04:22:56.826 D/CCodecConfig( 1627):   c2::u32 default.color.transfer = 0
02-09 04:22:56.826 D/CCodecConfig( 1627):   c2::u32 input.buffers.max-size.value = 6291456
02-09 04:22:56.826 D/CCodecConfig( 1627):   c2::u32 input.delay.value = 0
02-09 04:22:56.826 D/CCodecConfig( 1627):   string input.media-type.value = "video/hevc"
02-09 04:22:56.826 D/CCodecConfig( 1627):   c2::u32 output.delay.value = 8
02-09 04:22:56.826 D/CCodecConfig( 1627):   string output.media-type.value = "video/raw"
02-09 04:22:56.826 D/CCodecConfig( 1627):   c2::u32 raw.color.matrix = 0
02-09 04:22:56.826 D/CCodecConfig( 1627):   c2::u32 raw.color.primaries = 0
02-09 04:22:56.826 D/CCodecConfig( 1627):   c2::u32 raw.color.range = 2
02-09 04:22:56.826 D/CCodecConfig( 1627):   c2::u32 raw.color.transfer = 0
02-09 04:22:56.826 D/CCodecConfig( 1627):   c2::u32 raw.max-size.height = 240
02-09 04:22:56.826 D/CCodecConfig( 1627):   c2::u32 raw.max-size.width = 320
02-09 04:22:56.826 D/CCodecConfig( 1627):   c2::u32 raw.pixel-format.value = 35
02-09 04:22:56.826 D/CCodecConfig( 1627):   c2::i32 raw.rotation.flip = 0
02-09 04:22:56.826 D/CCodecConfig( 1627):   c2::i32 raw.rotation.value = 0
02-09 04:22:56.826 D/CCodecConfig( 1627):   c2::u32 raw.sar.height = 1
02-09 04:22:56.826 D/CCodecConfig( 1627):   c2::u32 raw.sar.width = 1
02-09 04:22:56.826 D/CCodecConfig( 1627):   c2::u32 raw.size.height = 240
02-09 04:22:56.826 D/CCodecConfig( 1627):   c2::u32 raw.size.width = 320
02-09 04:22:56.826 D/CCodecConfig( 1627):   c2
02-09 04:22:56.835 W/ColorUtils( 1627): expected specified color aspects (2:0:0:0)
02-09 04:22:56.372 I/AdapterServiceConfig( 1552): init: profile=BatteryService, enabled=false
02-09 04:22:56.842 I/AdapterServiceConfig( 1552): init: profile=CsipSetCoordinatorService, enabled=false
02-09 04:22:56.842 I/AdapterServiceConfig( 1552): init: profile=HapClientService, enabled=false
02-09 04:22:56.842 I/AdapterServiceConfig( 1552): init: profile=HeadsetService, enabled=true
02-09 04:22:56.843 I/AdapterServiceConfig( 1552): init: profile=HeadsetClientService, enabled=false
02-09 04:22:56.843 I/AdapterServiceConfig( 1552): init: profile=HearingAidService, enabled=true
02-09 04:22:56.843 I/AdapterServiceConfig( 1552): init: profile=HidDeviceService, enabled=true
02-09 04:22:56.843 I/AdapterServiceConfig( 1552): init: profile=HidHostService, enabled=true
02-09 04:22:56.848 I/AdapterServiceConfig( 1552): init: profile=GattService, enabled=true
02-09 04:22:56.849 I/AdapterServiceConfig( 1552): init: profile=LeAudioService, enabled=false
02-09 04:22:56.849 I/AdapterServiceConfig( 1552): init: profile=TbsService, enabled=false
02-09 04:22:56.849 I/AdapterServiceConfig( 1552): init: profile=BluetoothMapService, enabled=true
02-09 04:22:56.850 I/AdapterServiceConfig( 1552): init: profile=MapClientService, enabled=false
02-09 04:22:56.850 I/AdapterServiceConfig( 1552): init: profile=McpService, enabled=true
02-09 04:22:56.850 I/AdapterServiceConfig( 1552): init: profile=BluetoothOppService, enabled=true
02-09 04:22:56.850 I/AdapterServiceConfig( 1552): init: profile=PanService, enabled=true
02-09 04:22:56.851 I/AdapterServiceConfig( 1552): init: profile=BluetoothPbapService, enabled=true
02-09 04:22:56.851 I/AdapterServiceConfig( 1552): init: profile=PbapClientService, enabled=false
02-09 04:22:56.851 I/AdapterServiceConfig( 1552): init: profile=SapService, enabled=false
02-09 04:22:56.851 I/AdapterServiceConfig( 1552): init: profile=VolumeControlService, enabled=false
02-09 04:22:56.968 D/MediaCodec( 1627): flushMediametrics
02-09 04:22:56.979 D/CCodec  ( 1627): [c2.goldfish.hevc.decoder] buffers are bound to CCodec for this session
02-09 04:22:56.985 D/CCodec  ( 1627): Client requested ByteBuffer mode decoder w/o color format set: using default planar color format
02-09 04:22:56.987 D/CCodecConfig( 1627): no c2 equivalents for flags
02-09 04:22:57.002 D/CCodecConfig( 1627): c2 config diff is   c2::u32 raw.size.height = 1080
02-09 04:22:57.002 D/CCodecConfig( 1627):   c2::u32 raw.size.width = 1920
02-09 04:22:57.006 W/ColorUtils( 1627): expected specified color aspects (2:0:0:0)
02-09 04:22:57.007 W/Codec2Client( 1627): query -- param skipped: index = 1107298332.
02-09 04:22:57.011 D/CCodec  ( 1627): encoding statistics level = 0
02-09 04:22:57.017 D/CCodec  ( 1627): setup formats input: AMessage(what = 0x00000000) = {
02-09 04:22:57.017 D/CCodec  ( 1627):   int32_t height = 1080
02-09 04:22:57.017 D/CCodec  ( 1627):   int32_t level = 65536
02-09 04:22:57.017 D/CCodec  ( 1627):   int32_t max-input-size = 6291456
02-09 04:22:57.017 D/CCodec  ( 1627):   string mime = "video/hevc"
02-09 04:22:57.017 D/CCodec  ( 1627):   int32_t profile = 1
02-09 04:22:57.017 D/CCodec  ( 1627):   int32_t width = 1920
02-09 04:22:57.017 D/CCodec  ( 1627):   Rect crop(0, 0, 1919, 1079)
02-09 04:22:57.017 D/CCodec  ( 1627):   int32_t color-transfer-request = 0
02-09 04:22:57.017 D/CCodec  ( 1627): }
02-09 04:22:57.017 D/CCodec  ( 1627): setup formats output: AMessage(what = 0x00000000) = {
02-09 04:22:57.017 D/CCodec  ( 1627):   int32_t android._color-format = 2135033992
02-09 04:22:57.017 D/CCodec  ( 1627):   int32_t android._video-scaling = 1
02-09 04:22:57.017 D/CCodec  ( 1627):   int32_t rotation-degrees = 0
02-09 04:22:57.017 D/CCodec  ( 1627):   int32_t color-standard = 0
02-09 04:22:57.017 D/CCodec  ( 1627):   int32_t color-range = 2
02-09 04:22:57.017 D/CCodec  ( 1627):   int32_t color-transfer = 0
02-09 04:22:57.017 D/CCodec  ( 1627):   int32_t sar-height = 1
02-09 04:22:57.017 D/CCodec  ( 1627):   int32_t sar-width = 1
02-09 04:22:57.017 D/CCodec  ( 1627):   Rect crop(0, 0, 1919, 1079)
02-09 04:22:57.017 D/CCodec  ( 1627):   int32_t width = 1920
02-09 04:22:57.017 D/CCodec  ( 1627):   int32_t height = 1080
02-09 04:22:57.017 D/CCodec  ( 1627):   int32_t max-height = 240
02-09 04:22:57.017 D/CCodec  ( 1627):   int32_t max-width = 320
02-09 04:22:57.017 D/CCodec  ( 1627):   string mime = "video/raw"
02-09 04:22:57.017 D/CCodec  ( 1627):   int32_t android._dataspace = 268435456
02-09 04:22:57.017 D/CCodec  ( 1627):   int32_t color-format = 19
02-09 04:22:57.017 D/CCodec  ( 1627): }
02-09 04:22:57.018 I/CCodecConfig( 1627): query failed after returning 12 values (BAD_INDEX)
02-09 04:22:57.019 D/CCodecConfig( 1627): c2 config diff is   c2::u32 raw.max-size.height = 1080
02-09 04:22:57.019 D/CCodecConfig( 1627):   c2::u32 raw.max-size.width = 1920
02-09 04:22:57.026 W/ColorUtils( 1627): expected specified color aspects (2:0:0:0)
02-09 04:22:56.571 I/DropBoxManagerService(  543): add tag=system_server_strictmode isTagEnabled=true flags=0x2
02-09 04:22:57.037 W/Looper  (  543): Slow dispatch took 40819ms android.bg h=com.android.server.usage.UsageStatsService$H c=null m=5
02-09 04:22:57.037 I/ActivityManager(  543): Flag disabled. Ignoring finishAttachApplication from uid: 1002. pid: 1552
02-09 04:22:57.053 W/Looper  (  543): Slow delivery took 415ms android.fg h=android.os.Handler c=com.android.server.am.SameProcessApplicationThread$$ExternalSyntheticLambda1@25f3c74 m=0
02-09 04:22:57.079 I/BluetoothMetricsLogger( 1552): setCounterMetricsAlarm()
02-09 04:22:57.090 W/Looper  (  543): Slow delivery took 41609ms android.bg h=android.os.Handler c=com.android.server.notification.NotificationManagerService$NotificationListeners$$ExternalSyntheticLambda3@cb0459d m=0
02-09 04:22:57.127 W/ResourceManagerMetrics(  446): notifyClientStopped: Start Config is missing!
02-09 04:22:57.189 I/TranscodeHelper( 1627): Device HDR Plugin is available: false
02-09 04:22:57.191 I/TranscodeHelper( 1627): Empty transcode compat stale
02-09 04:22:57.223 D/MediaCodec( 1627): flushMediametrics
02-09 04:22:57.250 D/MediaCodec( 1627): flushMediametrics
02-09 04:22:57.250 W/MediaCodec( 1627): no metrics handle found
02-09 04:22:57.301 I/hw-BpHwBinder(  342): onLastStrongRef automatically unlinking death recipients
02-09 04:22:57.305 I/hw-BpHwBinder( 1627): onLastStrongRef automatically unlinking death recipients
02-09 04:22:57.315 I/GoldfishComponentStore(  342): in ~ComponentModule
02-09 04:22:57.315 I/GoldfishComponentStore(  342): unloading dll
02-09 04:22:57.522 D/CompatibilityChangeReporter(  543): Compat change id reported: 182478738; UID 10117; state: ENABLED
02-09 04:22:57.525 I/tombstoned(  194): received crash request for pid 1627
02-09 04:22:57.525 I/tombstoned(  194): found intercept fd 512 for pid 1627 and type kDebuggerdJavaBacktrace
02-09 04:22:57.545 I/rs.media.module( 1627): Wrote stack traces to tombstoned
02-09 04:22:57.548 W/tombstoned(  194): skipping tombstone file creation due to intercept
02-09 04:22:57.549 I/ActivityManager(  543): com.android.managedprovisioning is exempt from freezer
02-09 04:22:57.550 W/ActivityManager(  543): Slow operation: 370ms so far, now at startProcess: building args
02-09 04:22:57.634 D/CompatibilityChangeReporter(  543): Compat change id reported: 135634846; UID 10069; state: DISABLED
02-09 04:22:57.642 D/CompatibilityChangeReporter(  543): Compat change id reported: 177438394; UID 10069; state: DISABLED
02-09 04:22:57.644 D/CompatibilityChangeReporter(  543): Compat change id reported: 135772972; UID 10069; state: DISABLED
02-09 04:22:57.646 D/CompatibilityChangeReporter(  543): Compat change id reported: 135754954; UID 10069; state: ENABLED
02-09 04:22:57.653 W/ActivityManager(  543): Slow operation: 485ms so far, now at startProcess: done starting proc!
02-09 04:22:57.670 I/TranscodeHelper( 1627): Parsed 0 packages from resource
02-09 04:22:57.680 W/system_server(  543): Long monitor contention with owner ActivityManager (582) at void com.android.server.am.BroadcastQueueModernImpl.checkPendingColdStartValidity()(BroadcastQueueModernImpl.java:559) waiters=0 in void com.android.server.am.ProcessRecord.updateProcessInfo(boolean, boolean, boolean) for 3.347s
02-09 04:22:57.707 W/ActivityManager(  543): Slow operation: 528ms so far, now at startProcess: asking zygote to start proc
02-09 04:22:57.719 D/CompatibilityChangeReporter(  543): Compat change id reported: 143937733; UID 10069; state: ENABLED
02-09 04:22:57.735 W/Looper  (  543): Drained
02-09 04:22:57.735 I/DropBoxManagerService(  543): add tag=system_server_strictmode isTagEnabled=true flags=0x2
02-09 04:22:57.770 W/BLASTSyncEngine(  543): Sync group 3 timeout
02-09 04:22:57.781 I/BLASTSyncEngine(  543): Unfinished container: ActivityRecord{a70e53e u0 com.android.launcher3/.uioverrides.QuickstepLauncher t7}
02-09 04:22:57.782 I/BLASTSyncEngine(  543): Unfinished container: Task{3deaf9f #7 type=home I=com.android.launcher3/.uioverrides.QuickstepLauncher}
02-09 04:22:57.811 W/ProcessCpuTracker(  543): Failed to stat(/proc/1627/task/1814): android.system.ErrnoException: stat failed: ENOENT (No such file or directory)
02-09 04:22:57.811 W/ProcessCpuTracker(  543): Skipping unknown process pid 1814
02-09 04:22:57.820 D/ActivityManager(  543): freezing 1200 com.android.settings
02-09 04:22:57.887 I/DropBoxManagerService(  543): add tag=system_server_strictmode isTagEnabled=true flags=0x2
02-09 04:22:57.941 I/TranscodeHelper( 1627): Empty device config transcode compat manifest
02-09 04:22:57.939 V/WindowManagerShell(  950): onTransitionReady android.os.BinderProxy@3268af7: {id=3 t=CLOSE f=0x0 trk=0 r=[0@Point(0, 0)] c=[{WCT{android.window.IWindowContainerToken$Stub$Proxy@3826856} m=OPEN f=MOVE_TO_TOP leash=Surface(name=Task=7)/@0x8ed2ffb sb=Rect(0, 0 - 320, 640) eb=Rect(0, 0 - 320, 640) d=0},{WCT{android.window.IWindowContainerToken$Stub$Proxy@2d4d0d7} m=CLOSE f=NONE leash=Surface(name=Task=6)/@0x8be1818 sb=Rect(0, 0 - 320, 640) eb=Rect(0, 0 - 320, 640) d=0}]}
02-09 04:22:57.953 V/WindowManagerShell(  950): Playing animation for (#3)android.os.BinderProxy@3268af7@0
02-09 04:22:57.954 V/WindowManagerShell(  950):  try handler com.android.wm.shell.transition.DefaultMixedHandler@ee2616e
02-09 04:22:57.954 V/WindowManagerShell(  950):  try handler com.android.wm.shell.keyguard.KeyguardTransitionHandler@927300f
02-09 04:22:57.954 V/WindowManagerShell(  950):  try handler com.android.wm.shell.activityembedding.ActivityEmbeddingController@ee389c
02-09 04:22:57.954 V/WindowManagerShell(  950):  try handler com.android.wm.shell.recents.RecentsTransitionHandler@f55d2a5
02-09 04:22:57.955 V/ShellRecents(  950): RecentsTransitionHandler.startAnimation: no controller found
02-09 04:22:57.955 V/WindowManagerShell(  950):  try handler com.android.wm.shell.pip.PipTransition@e57267a
02-09 04:22:57.955 V/WindowManagerShell(  950):  try handler com.android.wm.shell.splitscreen.StageCoordinator@530be2b
02-09 04:22:57.955 V/WindowManagerShell(  950):  try handler com.android.wm.shell.transition.RemoteTransitionHandler@ff44288
02-09 04:22:57.962 V/WindowManagerShell(  950): Transition doesn't have explicit remote, search filters for match for {id=3 t=CLOSE f=0x0 trk=0 r=[0@Point(0, 0)] c=[{WCT{android.window.IWindowContainerToken$Stub$Proxy@3826856} m=OPEN f=MOVE_TO_TOP leash=Surface(name=Task=7)/@0x8ed2ffb sb=Rect(0, 0 - 320, 640) eb=Rect(0, 0 - 320, 640) d=0},{WCT{android.window.IWindowContainerToken$Stub$Proxy@2d4d0d7} m=CLOSE f=NONE leash=Surface(name=Task=6)/@0x8be1818 sb=Rect(0, 0 - 320, 640) eb=Rect(0, 0 - 320, 640) d=0}]}
02-09 04:22:57.963 V/WindowManagerShell(  950):  Delegate animation for #3 to null
02-09 04:22:57.963 V/WindowManagerShell(  950):  try handler com.android.wm.shell.transition.DefaultTransitionHandler@475f421
02-09 04:22:57.963 V/WindowManagerShell(  950): start default transition animation, info = {id=3 t=CLOSE f=0x0 trk=0 r=[0@Point(0, 0)] c=[{WCT{android.window.IWindowContainerToken$Stub$Proxy@3826856} m=OPEN f=MOVE_TO_TOP leash=Surface(name=Task=7)/@0x8ed2ffb sb=Rect(0, 0 - 320, 640) eb=Rect(0, 0 - 320, 640) d=0},{WCT{android.window.IWindowContainerToken$Stub$Proxy@2d4d0d7} m=CLOSE f=NONE leash=Surface(name=Task=6)/@0x8be1818 sb=Rect(0, 0 - 320, 640) eb=Rect(0, 0 - 320, 640) d=0}]}
02-09 04:22:57.990 D/CellBroadcastServiceManager( 1198): serviceWasBound=true
02-09 04:22:58.036 W/Looper  (  543): Slow dispatch took 1467ms main h=android.app.ActivityThread$H c=null m=122
02-09 04:22:58.038 V/WindowManager(  543): Sent Transition #3 createdAt=02-09 04:22:50.670 via request=TransitionRequestInfo { type = CLOSE, triggerTask = TaskInfo{userId=0 taskId=6 displayId=0 isRunning=false baseIntent=Intent { act=android.intent.action.MAIN cat=[android.intent.category.HOME] flg=0x10800100 cmp=com.android.sdksetup/.DefaultActivity } baseActivity=null topActivity=null origActivity=null realActivity=ComponentInfo{com.android.sdksetup/com.android.sdksetup.DefaultActivity} numActivities=0 lastActiveTime=439438 supportsMultiWindow=false resizeMode=0 isResizeable=false minWidth=-1 minHeight=-1 defaultMinSize=220 token=WCT{RemoteToken{9a94aa2 Task{c8164b #6 type=home A=10110:com.android.sdksetup}}} topActivityType=2 pictureInPictureParams=null shouldDockBigOverlays=false launchIntoPipHostTaskId=-1 lastParentTaskIdBeforePip=-1 displayCutoutSafeInsets=null topActivityInfo=null launchCookies=[] positionInParent=Point(0, 0) parentTaskId=-1 isFocused=true isVisible=true isVisibleRequested=true isSleeping=false topActivityInSizeCompat=false topActivityEligibleForLetterboxEducation= false topActivityLetterboxed= false isFromDoubleTap= false topActivityLetterboxVerticalPosition= -1 topActivityLetterboxHorizontalPosition= -1 topActivityLetterboxWidth=-1 topActivityLetterboxHeight=-1 locusId=null displayAreaFeatureId=1 cameraCompatControlState=hidden}, remoteTransition = null, displayChange = null }
02-09 04:22:58.039 V/WindowManager(  543):     startWCT=WindowContainerTransaction { changes = {} hops = [] errorCallbackToken=null taskFragmentOrganizer=null }
02-09 04:22:58.039 V/WindowManager(  543):     info={id=3 t=CLOSE f=0x0 trk=0 r=[0@Point(0, 0)] c=[{WCT{RemoteToken{fa4d67d Task{3deaf9f #7 type=home I=com.android.launcher3/.uioverrides.QuickstepLauncher}}} m=OPEN f=MOVE_TO_TOP leash=Surface(name=Task=7)/@0x72011a sb=Rect(0, 0 - 320, 640) eb=Rect(0, 0 - 320, 640) d=0},{WCT{RemoteToken{9a94aa2 Task{c8164b #6 type=home A=10110:com.android.sdksetup}}} m=CLOSE f=NONE leash=Surface(name=Task=6)/@0xabd6031 sb=Rect(0, 0 - 320, 640) eb=Rect(0, 0 - 320, 640) d=0}]}
02-09 04:22:58.103 W/Looper  (  543): Slow dispatch took 251ms android.fg h=android.os.Handler c=com.android.server.wm.Transition$$ExternalSyntheticLambda10@f1c9a40 m=0
02-09 04:22:58.133 D/Zygote  (  328): Forked child process 1840
02-09 04:22:58.135 W/ActivityManager(  543): Slow operation: 956ms so far, now at startProcess: returned from zygote!
02-09 04:22:58.142 V/WindowManagerShell(  950): loadAnimation: anim=android.view.animation.AnimationSet@8d514ad animAttr=0xb type=CLOSE isEntrance=false
02-09 04:22:58.148 W/ProcessCpuTracker(  543): Failed to stat(/proc/1627/task/1827): android.system.ErrnoException: stat failed: ENOENT (No such file or directory)
02-09 04:22:58.148 W/ProcessCpuTracker(  543): Skipping unknown process pid 1827
02-09 04:22:58.160 D/PackageManager(  543): Instant App installer not found with android.intent.action.INSTALL_INSTANT_APP_PACKAGE
02-09 04:22:58.161 D/PackageManager(  543): Clear ephemeral installer activity
02-09 04:22:58.163 I/system_server(  543): libdebuggerd_client: done dumping process 1627
02-09 04:22:58.268 D/PackageManager(  543): Instant App installer not found with android.intent.action.INSTALL_INSTANT_APP_PACKAGE
02-09 04:22:58.269 D/PackageManager(  543): Clear ephemeral installer activity
02-09 04:22:58.281 D/PackageManager(  543): Instant App installer not found with android.intent.action.INSTALL_INSTANT_APP_PACKAGE
02-09 04:22:58.281 D/PackageManager(  543): Clear ephemeral installer activity
02-09 04:22:58.297 D/PackageManager(  543): Instant App installer not found with android.intent.action.INSTALL_INSTANT_APP_PACKAGE
02-09 04:22:58.297 D/PackageManager(  543): Clear ephemeral installer activity
02-09 04:22:58.366 D/PackageManager(  543): Instant App installer not found with android.intent.action.INSTALL_INSTANT_APP_PACKAGE
02-09 04:22:58.366 D/PackageManager(  543): Clear ephemeral installer activity
02-09 04:22:58.398 I/DropBoxManagerService(  543): add tag=system_server_strictmode isTagEnabled=true flags=0x2
02-09 04:22:58.467 W/MessagingApp( 1765): PhoneUtils.getForLMR1(): invalid subId = -1
02-09 04:22:58.477 W/system_server(  543): Long monitor contention with owner ActivityManager (582) at void com.android.server.am.BroadcastQueueModernImpl.checkPendingColdStartValidity()(BroadcastQueueModernImpl.java:559) waiters=3 in void com.android.server.am.ContentProviderHelper.publishContentProviders(android.app.IApplicationThread, java.util.List) for 2.916s
02-09 04:22:58.481 D/CellBroadcastDatabaseHelper( 1730): Starting migration from legacy provider
02-09 04:22:58.485 W/system_server(  543): Long monitor contention with owner ActivityManager (582) at void com.android.server.am.BroadcastQueueModernImpl.checkPendingColdStartValidity()(BroadcastQueueModernImpl.java:559) waiters=5 in boolean com.android.server.am.ActivityManagerService$LocalService.isProfileOwner(int) for 3.010s
02-09 04:22:58.487 W/Looper  (  543): Slow dispatch took 758ms android.ui h=com.android.server.am.ActivityManagerService$UiHandler c=com.android.server.am.UidObserverController$$ExternalSyntheticLambda0@e0c1ea6 m=0
02-09 04:22:58.510 D/CompatibilityChangeReporter(  543): Compat change id reported: 265195908; UID 10069; state: ENABLED
02-09 04:22:58.512 W/system_server(  543): Long monitor contention with owner ActivityManager (582) at void com.android.server.am.BroadcastQueueModernImpl.checkPendingColdStartValidity()(BroadcastQueueModernImpl.java:559) waiters=5 in android.content.Intent com.android.server.am.ActivityManagerService.registerReceiverWithFeature(android.app.IApplicationThread, java.lang.String, java.lang.String, java.lang.String, android.content.IIntentReceiver, android.content.IntentFilter, java.lang.String, int, int) for 520ms
02-09 04:22:58.532 W/system_server(  543): Long monitor contention with owner ActivityManager (582) at void com.android.server.am.BroadcastQueueModernImpl.checkPendingColdStartValidity()(BroadcastQueueModernImpl.java:559) waiters=6 in void com.android.server.am.ActivityManagerService.unregisterReceiver(android.content.IIntentReceiver) for 537ms
02-09 04:22:58.533 W/system_server(  543): Long monitor contention with owner ActivityManager (582) at void com.android.server.am.BroadcastQueueModernImpl.checkPendingColdStartValidity()(BroadcastQueueModernImpl.java:559) waiters=7 in void com.android.server.am.ActivityManagerService.serviceDoneExecuting(android.os.IBinder, int, int, int) for 495ms
02-09 04:22:58.535 D/CompatibilityChangeReporter(  543): Compat change id reported: 261072174; UID 1000; state: ENABLED
02-09 04:22:58.551 W/Looper  (  543): Slow dispatch took 513ms main h=android.app.ActivityThread$H c=null m=116
02-09 04:22:58.600 W/Looper  (  543): Slow delivery took 809ms android.ui h=com.android.server.am.ActivityManagerService$UiHandler c=com.android.server.am.UidObserverController$$ExternalSyntheticLambda0@e0c1ea6 m=0
02-09 04:22:58.641 W/system_server(  543): Long monitor contention with owner ActivityManager (582) at void com.android.server.am.BroadcastQueueModernImpl.checkPendingColdStartValidity()(BroadcastQueueModernImpl.java:559) waiters=8 in android.content.Intent com.android.server.am.ActivityManagerService.registerReceiverWithFeature(android.app.IApplicationThread, java.lang.String, java.lang.String, java.lang.String, android.content.IIntentReceiver, android.content.IntentFilter, java.lang.String, int, int) for 481ms
02-09 04:22:58.676 D/CompatibilityChangeReporter(  543): Compat change id reported: 161145287; UID 10137; state: ENABLED
02-09 04:22:58.754 I/gedprovisioning( 1840): Using CollectorTypeCC GC.
02-09 04:22:58.792 W/gedprovisioning( 1840): Unexpected CPU variant for x86: x86_64.
02-09 04:22:58.792 W/gedprovisioning( 1840): Known variants: atom, sandybridge, silvermont, goldmont, goldmont-plus, tremont, kabylake, default
02-09 04:22:58.829 E/gedprovisioning( 1840): Not starting debugger since process cannot load the jdwp agent.
02-09 04:22:58.842 I/InputReader(  543): Reconfiguring input devices, changes=KEYBOARD_LAYOUTS
02-09 04:22:58.869 W/WindowOnBackDispatcher( 1245): OnBackInvokedCallback is not enabled for the application.
02-09 04:22:58.869 W/WindowOnBackDispatcher( 1245): Set 'android:enableOnBackInvokedCallback="true"' in the application manifest.
02-09 04:22:58.899 W/system_server(  543): Long monitor contention with owner ActivityManager (582) at void com.android.server.am.AppProfiler$CachedAppsWatermarkData.updateCachedAppsSnapshot(long)(AppProfiler.java:550) waiters=0 in boolean com.android.server.am.OomAdjuster.updateOomAdjLocked(com.android.server.am.ProcessRecord, int) for 202ms
02-09 04:22:58.921 W/ActivityManager(  543): Slow operation: 1742ms so far, now at startProcess: done updating battery stats
02-09 04:22:58.922 W/ActivityManager(  543): Slow operation: 1742ms so far, now at startProcess: building log message
02-09 04:22:58.922 I/ActivityManager(  543): Start proc 1840:com.android.managedprovisioning/u0a69 for broadcast {com.android.managedprovisioning/com.android.managedprovisioning.ota.PreBootListener}
02-09 04:22:58.922 W/ActivityManager(  543): Slow operation: 1743ms so far, now at startProcess: starting to update pids map
02-09 04:22:58.932 W/ActivityManager(  543): Slow operation: 1753ms so far, now at startProcess: done updating pids map
02-09 04:22:58.944 W/Looper  (  543): Slow dispatch took 346ms android.fg h=com.android.server.DropBoxManagerService$DropBoxManagerBroadcastHandler c=null m=2
02-09 04:22:59.077 I/ActivityManager(  543): Flag disabled. Ignoring finishAttachApplication from uid: 10063. pid: 1791
02-09 04:22:59.217 W/PermissionManagerService(  543): Datasource AttributionSource { uid = 10063, packageName = com.android.cellbroadcastreceiver, attributionTag = null, token = android.os.BinderProxy@67d58ed, next = android.content.AttributionSourceState@9d45e1b } protecting data with platform defined runtime permission android.permission.READ_CELL_BROADCASTS while not having android.permission.UPDATE_APP_OPS_STATS
02-09 04:22:59.241 V/WindowManagerShell(  950): loadAnimation: anim=android.view.animation.AnimationSet@12ba373 animAttr=0xa type=CLOSE isEntrance=true
02-09 04:22:59.269 I/DropBoxManagerService(  543): add tag=system_server_strictmode isTagEnabled=true flags=0x2
02-09 04:22:59.298 E/Parcel  ( 1841): Reading a NULL string not supported here.
02-09 04:22:59.321 W/Looper  (  543): Slow dispatch took 722ms main h=com.android.providers.settings.SettingsProvider$SettingsRegistry$MyHandler c=null m=1
02-09 04:22:59.389 D/LegacyCellBroadcastContentProvider( 1791): query: uri=content://cellbroadcast-legacy values=[_id, slot_index, geo_scope, plmn, lac, cid, serial_number, service_category, language, body, date, read, format, priority, etws_warning_type, cmas_message_class, cmas_category, cmas_response_type, cmas_severity, cmas_urgency, cmas_certainty] selection=null selectionArgs=null
02-09 04:22:59.409 W/system_server(  543): Long monitor contention with owner binder:543_E (1548) at void com.android.server.appop.HistoricalRegistry.incrementOpAccessedCount(int, int, java.lang.String, java.lang.String, int, int, long, int, int)(HistoricalRegistry.java:508) waiters=0 in com.android.internal.app.MessageSamplingConfig com.android.server.appop.AppOpsService.reportRuntimeAppOpAccessMessageAndGetConfig(java.lang.String, android.app.SyncNotedAppOp, java.lang.String) for 162ms
02-09 04:22:59.425 V/Launcher( 1245): LauncherAppState initiated
02-09 04:22:59.450 D/CompatibilityChangeReporter( 1765): Compat change id reported: 194532703; UID 10108; state: DISABLED
02-09 04:22:59.451 D/CompatibilityChangeReporter( 1765): Compat change id reported: 253665015; UID 10108; state: DISABLED
02-09 04:22:59.463 W/system_server(  543): Long monitor contention with owner PackageManager (606) at int com.android.server.am.ActivityManagerService$LocalService.broadcastIntent(android.content.Intent, android.content.IIntentReceiver, java.lang.String[], boolean, int, int[], java.util.function.BiFunction, android.os.Bundle)(ActivityManagerService.java:18097) waiters=0 in boolean com.android.server.am.BroadcastQueueModernImpl.lambda$new$0(android.os.Message) for 255ms
02-09 04:22:59.605 V/WindowManagerShell(  950):  animated by com.android.wm.shell.transition.DefaultTransitionHandler@475f421
02-09 04:22:59.608 W/service ( 1841): type=1400 audit(0.0:42): avc:  denied  { call } for  scontext=u:r:shell:s0 tcontext=u:r:hal_authsecret_default:s0 tclass=binder permissive=0
02-09 04:22:59.629 I/binder  (    0): 1841:1841 transaction credentials failed
02-09 04:22:59.629 I/binder  (    0): 1841:1841 transaction call to 334:0 failed 38790/29201/-1, size 0-0 line 3228
02-09 04:22:59.614 E/IPCThreadState( 1841): Binder transaction failure: 38790/29201/-1
02-09 04:22:59.622 W/Looper  (  950): Slow delivery took 32ms wmshell.anim h=android.view.Choreographer$FrameHandler c=android.view.Choreographer$FrameDisplayEventReceiver@9815db8 m=0
02-09 04:22:59.624 W/service ( 1841): type=1400 audit(0.0:43): avc:  denied  { call } for  scontext=u:r:shell:s0 tcontext=u:r:hal_face_default:s0 tclass=binder permissive=0
02-09 04:22:59.657 I/binder  (    0): 1841:1841 transaction credentials failed
02-09 04:22:59.657 I/binder  (    0): 1841:1841 transaction call to 360:0 failed 38797/29201/-1, size 0-0 line 3228
02-09 04:22:59.641 E/IPCThreadState( 1841): Binder transaction failure: 38797/29201/-1
02-09 04:22:59.643 W/Looper  (  950): Slow dispatch took 30ms wmshell.anim h=android.view.Choreographer$FrameHandler c=android.view.Choreographer$FrameDisplayEventReceiver@9815db8 m=0
02-09 04:22:59.650 W/Looper  (  543): Slow dispatch took 182ms main h=com.android.server.alarm.AlarmManagerService$AlarmHandler c=null m=5
02-09 04:22:59.657 E/IPCThreadState( 1841): Binder transaction failure: 38805/29201/-1
02-09 04:22:59.648 W/service ( 1841): type=1400 audit(0.0:44): avc:  denied  { call } for  scontext=u:r:shell:s0 tcontext=u:r:hal_fingerprint_default:s0 tclass=binder permissive=0
02-09 04:22:59.672 I/binder  (    0): 1841:1841 transaction credentials failed
02-09 04:22:59.672 I/binder  (    0): 1841:1841 transaction call to 1241:0 failed 38805/29201/-1, size 0-0 line 3228
02-09 04:22:59.681 I/binder  (    0): 1841:1841 transaction credentials failed
02-09 04:22:59.682 I/binder  (    0): 1841:1841 transaction call to 356:0 failed 38809/29201/-1, size 0-0 line 3228
02-09 04:22:59.662 W/Looper  (  950): Slow dispatch took 1688ms wmshell.main h=android.os.Handler c=com.android.wm.shell.transition.Transitions$TransitionPlayerImpl$$ExternalSyntheticLambda0@75be15c m=0
02-09 04:22:59.663 W/Looper  (  950): Slow delivery took 694ms wmshell.main h=android.os.Handler c=null m=19
02-09 04:22:59.666 E/IPCThreadState( 1841): Binder transaction failure: 38809/29201/-1
02-09 04:22:59.670 V/WindowManagerShell(  950): Transition animation finished (aborted=false), notifying core (#3)android.os.BinderProxy@3268af7@0
02-09 04:22:59.674 E/IPCThreadState( 1841): Binder transaction failure: 38815/29201/-1
02-09 04:22:59.681 E/IPCThreadState( 1841): Binder transaction failure: 38820/29201/-1
