02-09 04:22:24.842 W/FileUtils(  543): 	at com.android.server.wifi.WifiConfigManager.handleUserUnlock(WifiConfigManager.java:3308)
02-09 04:22:24.842 W/FileUtils(  543): 	at com.android.server.wifi.WifiServiceImpl.lambda$handleUserUnlock$4(WifiServiceImpl.java:862)
02-09 04:22:24.842 W/FileUtils(  543): 	at com.android.server.wifi.WifiServiceImpl.$r8$lambda$iCwaHj3x8XNFAdDU5jx297GHjjE(WifiServiceImpl.java:0)
02-09 04:22:24.842 W/FileUtils(  543): 	at com.android.server.wifi.WifiServiceImpl$$ExternalSyntheticLambda124.run(R8$$SyntheticClass:0)
02-09 04:22:24.842 W/FileUtils(  543): 	at android.os.Handler.handleCallback(Handler.java:958)
02-09 04:22:24.842 W/FileUtils(  543): 	at android.os.Handler.dispatchMessage(Handler.java:99)
02-09 04:22:24.842 W/FileUtils(  543): 	at com.android.server.wifi.RunnerHandler.dispatchMessage(RunnerHandler.java:122)
02-09 04:22:24.842 W/FileUtils(  543): 	at android.os.Looper.loopOnce(Looper.java:205)
02-09 04:22:24.842 W/FileUtils(  543): 	at android.os.Looper.loop(Looper.java:294)
02-09 04:22:24.842 W/FileUtils(  543): 	at android.os.HandlerThread.run(HandlerThread.java:67)
02-09 04:22:24.893 I/servicemanager(    0): Found android.hardware.radio.ims.IRadioIms/slot1 in device VINTF manifest.
02-09 04:22:24.902 I/servicemanager(    0): Found android.hardware.radio.ims.IRadioIms/slot1 in device VINTF manifest.
02-09 04:22:24.973 D/WifiConfigStore(  543): Writing to stores completed in 1199 ms.
02-09 04:22:24.982 V/SystemUIBootTiming(  950): StartServices com.android.systemui.motiontool.MotionToolStartable took to complete: 395ms
02-09 04:22:25.217 I/ndroid.systemui(  950): Background concurrent copying GC freed 12009(1049KB) AllocSpace objects, 4(208KB) LOS objects, 49% free, 6125KB/11MB, paused 805us,8.153ms total 10.800s
02-09 04:22:25.954 I/binder  (    0): release 1608:1608 transaction 33888 out, still active
02-09 04:22:25.954 I/binder  (    0): undelivered TRANSACTION_COMPLETE
02-09 04:22:26.254 E/libunwindstack(  543): Timeout waiting for ucontext
02-09 04:22:26.609 I/crash_dump64( 1605): obtaining output fd from tombstoned, type: kDebuggerdNativeBacktrace
02-09 04:22:26.643 I/tombstoned(  194): received crash request for pid 543
02-09 04:22:26.644 E/tombstoned(  194): failed to get crash output for type kDebuggerdNativeBacktrace
02-09 04:22:26.646 E/libc    ( 1605): failed to read response to DumpRequest packet: No message of desired type
02-09 04:22:26.647 I/crash_dump64( 1605): performing dump of process 543 (target tid = 543)
02-09 04:22:26.695 W/system_server(  543): Suspending all threads took: 110.702ms
02-09 04:22:26.733 W/system_server(  543): Suspending all threads took: 13.541ms
02-09 04:22:26.813 I/tombstoned(  194): received crash request for pid 543
02-09 04:22:27.060 I/system_server(  543): Wrote stack traces to tombstoned
02-09 04:22:27.103 E/tombstoned(  194): Traces for pid 543 written to: trace_00
02-09 04:22:27.202 I/init    (    0): Untracked pid 1608 received signal 1
02-09 04:22:27.203 I/init    (    0): Untracked pid 1608 did not have an associated service entry and will not be reaped
02-09 04:22:27.481 D/BufferPoolAccessor2.0(  458): bufferpool2 0x7bdef9c24bf8 : 0(0 size) total buffers - 0(0 size) used buffers - 7/10 (recycle/alloc) - 3/9 (fetch/transfer)
02-09 04:22:27.493 D/BufferPoolAccessor2.0(  458): evictor expired: 1, evicted: 1
02-09 04:22:27.575 D/BufferPoolAccessor2.0(  543): bufferpool2 0x7463396a2df8 : 0(0 size) total buffers - 0(0 size) used buffers - 2/7 (recycle/alloc) - 6/24 (fetch/transfer)
02-09 04:22:27.575 D/BufferPoolAccessor2.0(  543): evictor expired: 1, evicted: 1
02-09 04:22:27.931 D/CompatibilityChangeReporter(  543): Compat change id reported: 168419799; UID 1000; state: DISABLED
02-09 04:22:27.962 D/CompatibilityChangeReporter(  543): Compat change id reported: 273564678; UID 1000; state: DISABLED
02-09 04:22:28.023 D/CompatibilityChangeReporter(  543): Compat change id reported: 184838306; UID 1000; state: DISABLED
02-09 04:22:28.041 D/CompatibilityChangeReporter(  543): Compat change id reported: 185004937; UID 1000; state: DISABLED
02-09 04:22:28.263 W/system_server(  543): Long monitor contention with owner android.fg (568) at void com.android.server.wm.AnrController.lambda$dumpAnrStateAsync$0(com.android.server.wm.ActivityRecord, com.android.server.wm.WindowState, java.lang.String)(AnrController.java:371) waiters=0 in boolean com.android.server.wm.AnrController.notifyWindowResponsive(android.os.IBinder) for 9.616s
02-09 04:22:28.299 W/Looper  (  543): Drained
02-09 04:22:28.317 W/Looper  (  543): Slow dispatch took 9677ms android.fg h=android.os.Handler c=com.android.server.wm.AnrController$$ExternalSyntheticLambda2@dc5136 m=0
02-09 04:22:28.378 W/system_server(  543): Long monitor contention with owner android.fg (568) at void com.android.server.wm.AnrController.lambda$dumpAnrStateAsync$0(com.android.server.wm.ActivityRecord, com.android.server.wm.WindowState, java.lang.String)(AnrController.java:371) waiters=1 in android.content.res.CompatibilityInfo com.android.server.wm.ActivityTaskManagerService$LocalService.compatibilityInfoForPackage(android.content.pm.ApplicationInfo) for 9.288s
02-09 04:22:28.448 D/CompatibilityChangeReporter(  543): Compat change id reported: 168419799; UID 1002; state: DISABLED
02-09 04:22:28.471 D/CompatibilityChangeReporter(  543): Compat change id reported: 273564678; UID 1002; state: DISABLED
02-09 04:22:28.491 W/ActivityManager(  543): Slow operation: 9716ms so far, now at attachApplicationLocked: immediately before bindApplication
02-09 04:22:28.595 W/ActivityManager(  543): Slow operation: 9820ms so far, now at attachApplicationLocked: immediately after bindApplication
02-09 04:22:28.633 W/ActivityManager(  543): Slow operation: 9858ms so far, now at attachApplicationLocked: after updateLruProcessLocked
02-09 04:22:28.992 I/UsageStatsDatabase(  543): Upgrading from version 0 to 5
02-09 04:22:29.030 I/UsageStatsDatabase(  543): Deleting all usage stats files
02-09 04:22:29.150 W/ActivityManager(  543): Slow operation: 479ms so far, now at finishAttachApplicationInner: after mServices.attachApplicationLocked
02-09 04:22:29.190 W/ActivityManager(  543): Slow operation: 536ms so far, now at finishAttachApplicationInner: after dispatching broadcasts
02-09 04:22:29.243 W/system_server(  543): Long monitor contention with owner binder:543_9 (1022) at void com.android.server.am.ActivityManagerService.finishAttachApplicationInner(long, int, int)(ActivityManagerService.java:4940) waiters=6 in int com.android.server.am.ActivityManagerService.broadcastIntentWithFeature(android.app.IApplicationThread, java.lang.String, android.content.Intent, java.lang.String, android.content.IIntentReceiver, int, java.lang.String, android.os.Bundle, java.lang.String[], java.lang.String[], java.lang.String[], int, android.os.Bundle, boolean, boolean, int) for 5.059s
02-09 04:22:29.267 D/CompatibilityChangeReporter( 1552): Compat change id reported: 171979766; UID 1002; state: ENABLED
02-09 04:22:29.292 D/CompatibilityChangeReporter( 1552): Compat change id reported: 242716250; UID 1002; state: ENABLED
02-09 04:22:29.449 W/system_server(  543): Long monitor contention with owner binder:543_9 (1022) at void com.android.server.am.ActivityManagerService.finishAttachApplicationInner(long, int, int)(ActivityManagerService.java:4940) waiters=3 in android.content.Intent com.android.server.am.ActivityManagerService.registerReceiverWithFeature(android.app.IApplicationThread, java.lang.String, java.lang.String, java.lang.String, android.content.IIntentReceiver, android.content.IntentFilter, java.lang.String, int, int) for 8.851s
02-09 04:22:29.491 I/ActivityManager(  543): Enqueued broadcast Intent { act=com.android.emulator.multidisplay.START flg=0x400000 cmp=com.android.emulator.multidisplay/.MultiDisplayServiceReceiver }: 0
02-09 04:22:29.565 W/system_server(  543): Long monitor contention with owner binder:543_9 (1022) at void com.android.server.am.ActivityManagerService.finishAttachApplicationInner(long, int, int)(ActivityManagerService.java:4940) waiters=7 in int com.android.server.am.ActivityManagerService.broadcastIntentWithFeature(android.app.IApplicationThread, java.lang.String, android.content.Intent, java.lang.String, android.content.IIntentReceiver, int, java.lang.String, android.os.Bundle, java.lang.String[], java.lang.String[], java.lang.String[], int, android.os.Bundle, boolean, boolean, int) for 4.454s
02-09 04:22:29.626 W/system_server(  543): Long monitor contention with owner binder:543_9 (1022) at void com.android.server.am.ActivityManagerService.finishAttachApplicationInner(long, int, int)(ActivityManagerService.java:4940) waiters=9 in android.content.Intent com.android.server.am.ActivityManagerService.registerReceiverWithFeature(android.app.IApplicationThread, java.lang.String, java.lang.String, java.lang.String, android.content.IIntentReceiver, android.content.IntentFilter, java.lang.String, int, int) for 3.940s
02-09 04:22:29.667 W/system_server(  543): Long monitor contention with owner binder:543_9 (1022) at void com.android.server.am.ActivityManagerService.finishAttachApplicationInner(long, int, int)(ActivityManagerService.java:4940) waiters=1 in void com.android.server.am.ActivityManagerService.attachApplication(android.app.IApplicationThread, long) for 10.172s
02-09 04:22:29.776 I/ActivityManager(  543): Broadcasting: Intent { act=com.android.emulator.multidisplay.START flg=0x400000 cmp=com.android.emulator.multidisplay/.MultiDisplayServiceReceiver }
02-09 04:22:29.789 W/ActivityManager(  543): Slow operation: 93ms so far, now at attachApplicationLocked: before bindApplication
02-09 04:22:29.848 I/UsageStatsService(  543): User[0] Rollover scheduled @ 2026-02-10 04:22:26(1770697346319)
02-09 04:22:29.850 D/AppStandbyController(  543): Initializing defaults for system apps on user 0, appIdleEnabled=false
02-09 04:22:29.884 D/CompatibilityChangeReporter(  543): Compat change id reported: 168419799; UID 10057; state: DISABLED
02-09 04:22:29.886 D/CompatibilityChangeReporter(  543): Compat change id reported: 273564678; UID 10057; state: DISABLED
02-09 04:22:29.910 W/ActivityManager(  543): Slow operation: 213ms so far, now at attachApplicationLocked: immediately before bindApplication
02-09 04:22:30.049 W/ActivityManager(  543): Slow operation: 352ms so far, now at attachApplicationLocked: immediately after bindApplication
02-09 04:22:30.050 W/ActivityManager(  543): Slow operation: 353ms so far, now at attachApplicationLocked: after updateLruProcessLocked
02-09 04:22:30.127 W/Looper  (  543): Slow dispatch took 1263ms android.ui h=com.android.server.am.ActivityManagerService$UiHandler c=com.android.server.am.UidObserverController$$ExternalSyntheticLambda0@e0c1ea6 m=0
02-09 04:22:30.191 I/ActivityManager(  543): Enqueued broadcast Intent { act=com.android.emulator.multidisplay.START flg=0x400000 cmp=com.android.emulator.multidisplay/.MultiDisplayServiceReceiver }: 0
02-09 04:22:30.210 I/ActivityManager(  543): Enqueued broadcast Intent { act=com.android.emulator.multidisplay.START flg=0x400000 cmp=com.android.emulator.multidisplay/.MultiDisplayServiceReceiver }: 0
02-09 04:22:30.249 D/CompatibilityChangeReporter(  543): Compat change id reported: 265195908; UID 1002; state: ENABLED
02-09 04:22:30.276 D/CompatibilityChangeReporter( 1552): Compat change id reported: 3400644; UID 1002; state: ENABLED
02-09 04:22:30.364 W/SystemServiceManager(  543): Service com.android.server.midi.MidiService$Lifecycle took 9615 ms in onUnlockingUser-0
02-09 04:22:30.392 V/SystemServerTimingAsync(  543): ssm.onUnlockingUser-0_com.android.server.midi.MidiService$Lifecycle took to complete: 9769ms
02-09 04:22:30.393 D/SystemServerTimingAsync(  543): ssm.onUnlockingUser-0_com.android.server.adb.AdbService$Lifecycle
02-09 04:22:30.393 V/SystemServerTimingAsync(  543): ssm.onUnlockingUser-0_com.android.server.adb.AdbService$Lifecycle took to complete: 0ms
02-09 04:22:30.394 D/SystemServerTimingAsync(  543): ssm.onUnlockingUser-0_com.android.server.usb.UsbService$Lifecycle
02-09 04:22:30.461 D/CompatibilityChangeReporter( 1580): Compat change id reported: 171979766; UID 10057; state: ENABLED
02-09 04:22:30.498 D/CompatibilityChangeReporter( 1580): Compat change id reported: 242716250; UID 10057; state: ENABLED
02-09 04:22:30.574 D/CompatibilityChangeReporter(  543): Compat change id reported: 170503758; UID 10057; state: ENABLED
02-09 04:22:30.636 D/CompatibilityChangeReporter( 1580): Compat change id reported: 3400644; UID 10057; state: ENABLED
02-09 04:22:30.653 D/CompatibilityChangeReporter(  543): Compat change id reported: 265195908; UID 10057; state: ENABLED
02-09 04:22:30.707 W/SystemServiceManager(  543): Service com.android.server.usb.UsbService$Lifecycle took 313 ms in onUnlockingUser-0
02-09 04:22:30.844 V/SystemServerTimingAsync(  543): ssm.onUnlockingUser-0_com.android.server.usb.UsbService$Lifecycle took to complete: 449ms
02-09 04:22:30.861 D/SystemServerTimingAsync(  543): ssm.onUnlockingUser-0_com.android.server.twilight.TwilightService
02-09 04:22:30.861 V/SystemServerTimingAsync(  543): ssm.onUnlockingUser-0_com.android.server.twilight.TwilightService took to complete: 0ms
02-09 04:22:30.862 D/SystemServerTimingAsync(  543): ssm.onUnlockingUser-0_com.android.server.display.color.ColorDisplayService
02-09 04:22:30.862 V/SystemServerTimingAsync(  543): ssm.onUnlockingUser-0_com.android.server.display.color.ColorDisplayService took to complete: 0ms
02-09 04:22:30.862 D/SystemServerTimingAsync(  543): ssm.onUnlockingUser-0_com.android.server.job.JobSchedulerService
02-09 04:22:30.862 V/SystemServerTimingAsync(  543): ssm.onUnlockingUser-0_com.android.server.job.JobSchedulerService took to complete: 0ms
02-09 04:22:30.862 D/SystemServerTimingAsync(  543): ssm.onUnlockingUser-0_com.android.server.soundtrigger.SoundTriggerService
02-09 04:22:30.862 V/SystemServerTimingAsync(  543): ssm.onUnlockingUser-0_com.android.server.soundtrigger.SoundTriggerService took to complete: 0ms
02-09 04:22:30.863 D/SystemServerTimingAsync(  543): ssm.onUnlockingUser-0_com.android.server.trust.TrustManagerService
02-09 04:22:30.909 W/ActivityManager(  543): Slow operation: 72ms so far, now at startProcess: building args
02-09 04:22:30.931 W/SystemServiceManager(  543): Service com.android.server.trust.TrustManagerService took 69 ms in onUnlockingUser-0
02-09 04:22:30.931 V/SystemServerTimingAsync(  543): ssm.onUnlockingUser-0_com.android.server.trust.TrustManagerService took to complete: 69ms
02-09 04:22:30.944 D/SystemServerTimingAsync(  543): ssm.onUnlockingUser-0_com.android.server.backup.BackupManagerService$Lifecycle
02-09 04:22:30.945 V/SystemServerTimingAsync(  543): ssm.onUnlockingUser-0_com.android.server.backup.BackupManagerService$Lifecycle took to complete: 1ms
02-09 04:22:30.945 D/SystemServerTimingAsync(  543): ssm.onUnlockingUser-0_com.android.server.appwidget.AppWidgetService
02-09 04:22:30.945 V/SystemServerTimingAsync(  543): ssm.onUnlockingUser-0_com.android.server.appwidget.AppWidgetService took to complete: 0ms
02-09 04:22:30.946 D/SystemServerTimingAsync(  543): ssm.onUnlockingUser-0_com.android.server.voiceinteraction.VoiceInteractionManagerService
02-09 04:22:30.970 D/CompatibilityChangeReporter(  543): Compat change id reported: 135634846; UID 10137; state: DISABLED
02-09 04:22:30.982 W/ActivityManager(  543): Slow operation: 162ms so far, now at startProcess: done starting proc!
02-09 04:22:30.996 W/ActivityManager(  543): Slow operation: 152ms so far, now at startProcess: asking zygote to start proc
02-09 04:22:31.002 D/CompatibilityChangeReporter(  543): Compat change id reported: 143937733; UID 10137; state: ENABLED
02-09 04:22:31.148 D/nativeloader( 1580): Configuring clns-shared-6 for other apk /system/priv-app/UserDictionaryProvider/UserDictionaryProvider.apk. target_sdk_version=34, uses_libraries=, library_path=/system/priv-app/UserDictionaryProvider/lib/x86_64:/system/lib64:/system_ext/lib64, permitted_path=/data:/mnt/expand:/data/user/0/com.android.providers.userdictionary:/system/priv-app/UserDictionaryProvider:/system/lib64:/system_ext/lib64
02-09 04:22:31.228 W/VoiceInteractionManager(  543): no available voice recognition services found for user 0
02-09 04:22:31.234 W/SystemServiceManager(  543): Service com.android.server.voiceinteraction.VoiceInteractionManagerService took 288 ms in onUnlockingUser-0
02-09 04:22:31.237 V/SystemServerTimingAsync(  543): ssm.onUnlockingUser-0_com.android.server.voiceinteraction.VoiceInteractionManagerService took to complete: 292ms
02-09 04:22:31.237 D/SystemServerTimingAsync(  543): ssm.onUnlockingUser-0_com.android.server.GestureLauncherService
02-09 04:22:31.237 V/SystemServerTimingAsync(  543): ssm.onUnlockingUser-0_com.android.server.GestureLauncherService took to complete: 0ms
02-09 04:22:31.238 D/SystemServerTimingAsync(  543): ssm.onUnlockingUser-0_com.android.server.SensorNotificationService
02-09 04:22:31.238 V/SystemServerTimingAsync(  543): ssm.onUnlockingUser-0_com.android.server.SensorNotificationService took to complete: 0ms
02-09 04:22:31.238 D/SystemServerTimingAsync(  543): ssm.onUnlockingUser-0_com.android.server.emergency.EmergencyAffordanceService
02-09 04:22:31.238 V/SystemServerTimingAsync(  543): ssm.onUnlockingUser-0_com.android.server.emergency.EmergencyAffordanceService took to complete: 0ms
02-09 04:22:31.238 D/SystemServerTimingAsync(  543): ssm.onUnlockingUser-0_com.android.server.blob.BlobStoreManagerService
02-09 04:22:31.239 V/SystemServerTimingAsync(  543): ssm.onUnlockingUser-0_com.android.server.blob.BlobStoreManagerService took to complete: 0ms
02-09 04:22:31.239 D/SystemServerTimingAsync(  543): ssm.onUnlockingUser-0_com.android.server.dreams.DreamManagerService
02-09 04:22:31.239 V/SystemServerTimingAsync(  543): ssm.onUnlockingUser-0_com.android.server.dreams.DreamManagerService took to complete: 0ms
02-09 04:22:31.239 D/SystemServerTimingAsync(  543): ssm.onUnlockingUser-0_com.android.server.print.PrintManagerService
02-09 04:22:31.299 I/BackupManagerService(  543): Starting service for user: 0
02-09 04:22:31.317 I/StorageUserConnection(  543): Bound to the ExternalStorageService for user 0
02-09 04:22:31.327 W/SystemServiceManager(  543): Service com.android.server.print.PrintManagerService took 88 ms in onUnlockingUser-0
02-09 04:22:31.339 V/SystemServerTimingAsync(  543): ssm.onUnlockingUser-0_com.android.server.print.PrintManagerService took to complete: 100ms
02-09 04:22:31.357 D/SystemServerTimingAsync(  543): ssm.onUnlockingUser-0_com.android.server.security.AttestationVerificationManagerService
02-09 04:22:31.361 V/SystemServerTimingAsync(  543): ssm.onUnlockingUser-0_com.android.server.security.AttestationVerificationManagerService took to complete: 0ms
02-09 04:22:31.365 D/SystemServerTimingAsync(  543): ssm.onUnlockingUser-0_com.android.server.companion.CompanionDeviceManagerService
02-09 04:22:31.369 V/SystemServerTimingAsync(  543): ssm.onUnlockingUser-0_com.android.server.companion.CompanionDeviceManagerService took to complete: 1ms
02-09 04:22:31.373 D/SystemServerTimingAsync(  543): ssm.onUnlockingUser-0_com.android.server.companion.virtual.VirtualDeviceManagerService
02-09 04:22:31.377 V/SystemServerTimingAsync(  543): ssm.onUnlockingUser-0_com.android.server.companion.virtual.VirtualDeviceManagerService took to complete: 0ms
02-09 04:22:31.381 D/SystemServerTimingAsync(  543): ssm.onUnlockingUser-0_com.android.server.restrictions.RestrictionsManagerService
02-09 04:22:31.385 V/SystemServerTimingAsync(  543): ssm.onUnlockingUser-0_com.android.server.restrictions.RestrictionsManagerService took to complete: 0ms
02-09 04:22:31.388 D/SystemServerTimingAsync(  543): ssm.onUnlockingUser-0_com.android.server.media.MediaSessionService
02-09 04:22:31.396 V/SystemServerTimingAsync(  543): ssm.onUnlockingUser-0_com.android.server.media.MediaSessionService took to complete: 0ms
02-09 04:22:31.401 D/SystemServerTimingAsync(  543): ssm.onUnlockingUser-0_com.android.server.media.MediaResourceMonitorService
02-09 04:22:31.404 V/SystemServerTimingAsync(  543): ssm.onUnlockingUser-0_com.android.server.media.MediaResourceMonitorService took to complete: 0ms
02-09 04:22:31.408 D/SystemServerTimingAsync(  543): ssm.onUnlockingUser-0_com.android.server.biometrics.sensors.face.FaceService
02-09 04:22:31.413 V/SystemServerTimingAsync(  543): ssm.onUnlockingUser-0_com.android.server.biometrics.sensors.face.FaceService took to complete: 0ms
02-09 04:22:31.416 D/SystemServerTimingAsync(  543): ssm.onUnlockingUser-0_com.android.server.biometrics.sensors.fingerprint.FingerprintService
02-09 04:22:31.423 D/Zygote  (  328): Forked child process 1627
02-09 04:22:31.439 W/system_server(  543): Long monitor contention with owner StorageManagerService (676) at int com.android.server.am.ActivityManagerService.bindServiceInstance(android.app.IApplicationThread, android.os.IBinder, android.content.Intent, java.lang.String, android.app.IServiceConnection, long, java.lang.String, boolean, int, java.lang.String, android.app.IApplicationThread, java.lang.String, int)(ActivityManagerService.java:13404) waiters=1 in android.content.Intent com.android.server.am.ActivityManagerService.registerReceiverWithFeature(android.app.IApplicationThread, java.lang.String, java.lang.String, java.lang.String, android.content.IIntentReceiver, android.content.IntentFilter, java.lang.String, int, int) for 853ms
02-09 04:22:31.448 V/SystemServerTimingAsync(  543): ssm.onUnlockingUser-0_com.android.server.biometrics.sensors.fingerprint.FingerprintService took to complete: 0ms
02-09 04:22:31.449 D/SystemServerTimingAsync(  543): ssm.onUnlockingUser-0_com.android.server.biometrics.BiometricService
02-09 04:22:31.449 V/SystemServerTimingAsync(  543): ssm.onUnlockingUser-0_com.android.server.biometrics.BiometricService took to complete: 0ms
02-09 04:22:31.488 W/ActivityManager(  543): Slow operation: 617ms so far, now at startProcess: returned from zygote!
02-09 04:22:31.489 W/system_server(  543): Long monitor contention with owner StorageManagerService (676) at int com.android.server.am.ActivityManagerService.bindServiceInstance(android.app.IApplicationThread, android.os.IBinder, android.content.Intent, java.lang.String, android.app.IServiceConnection, long, java.lang.String, boolean, int, java.lang.String, android.app.IApplicationThread, java.lang.String, int)(ActivityManagerService.java:13404) waiters=3 in android.app.ActivityManagerInternal$ServiceNotificationPolicy com.android.server.am.ActivityManagerService$LocalService.applyForegroundServiceNotification(android.app.Notification, java.lang.String, int, java.lang.String, int) for 645ms
02-09 04:22:31.490 W/system_server(  543): Long monitor contention with owner StorageManagerService (676) at int com.android.server.am.ActivityManagerService.bindServiceInstance(android.app.IApplicationThread, android.os.IBinder, android.content.Intent, java.lang.String, android.app.IServiceConnection, long, java.lang.String, boolean, int, java.lang.String, android.app.IApplicationThread, java.lang.String, int)(ActivityManagerService.java:13404) waiters=4 in android.app.ContentProviderHolder com.android.server.am.ContentProviderHelper.getContentProviderImpl(android.app.IApplicationThread, java.lang.String, android.os.IBinder, int, java.lang.String, java.lang.String, boolean, int) for 420ms
02-09 04:22:31.512 D/SystemServerTimingAsync(  543): ssm.onUnlockingUser-0_com.android.server.biometrics.AuthService
02-09 04:22:31.512 V/SystemServerTimingAsync(  543): ssm.onUnlockingUser-0_com.android.server.biometrics.AuthService took to complete: 0ms
02-09 04:22:31.513 D/SystemServerTimingAsync(  543): ssm.onUnlockingUser-0_com.android.server.pm.ShortcutService$Lifecycle
02-09 04:22:31.538 W/Looper  (  950): Drained
02-09 04:22:31.545 V/SystemServerTimingAsync(  543): ssm.onUnlockingUser-0_com.android.server.pm.ShortcutService$Lifecycle took to complete: 32ms
02-09 04:22:31.545 D/SystemServerTimingAsync(  543): ssm.onUnlockingUser-0_com.android.server.pm.LauncherAppsService
02-09 04:22:31.545 V/SystemServerTimingAsync(  543): ssm.onUnlockingUser-0_com.android.server.pm.LauncherAppsService took to complete: 0ms
02-09 04:22:31.545 D/SystemServerTimingAsync(  543): ssm.onUnlockingUser-0_com.android.server.pm.CrossProfileAppsService
02-09 04:22:31.546 V/SystemServerTimingAsync(  543): ssm.onUnlockingUser-0_com.android.server.pm.CrossProfileAppsService took to complete: 0ms
02-09 04:22:31.546 D/SystemServerTimingAsync(  543): ssm.onUnlockingUser-0_com.android.server.people.PeopleService
02-09 04:22:31.546 V/SystemServerTimingAsync(  543): ssm.onUnlockingUser-0_com.android.server.people.PeopleService took to complete: 0ms
02-09 04:22:31.546 D/SystemServerTimingAsync(  543): ssm.onUnlockingUser-0_com.android.server.media.metrics.MediaMetricsManagerService
02-09 04:22:31.546 V/SystemServerTimingAsync(  543): ssm.onUnlockingUser-0_com.android.server.media.metrics.MediaMetricsManagerService took to complete: 0ms
02-09 04:22:31.546 D/SystemServerTimingAsync(  543): ssm.onUnlockingUser-0_com.android.server.pm.BackgroundInstallControlService
02-09 04:22:31.547 V/SystemServerTimingAsync(  543): ssm.onUnlockingUser-0_com.android.server.pm.BackgroundInstallControlService took to complete: 0ms
02-09 04:22:31.547 D/SystemServerTimingAsync(  543): ssm.onUnlockingUser-0_com.android.server.media.projection.MediaProjectionManagerService
02-09 04:22:31.547 V/SystemServerTimingAsync(  543): ssm.onUnlockingUser-0_com.android.server.media.projection.MediaProjectionManagerService took to complete: 0ms
02-09 04:22:31.547 D/SystemServerTimingAsync(  543): ssm.onUnlockingUser-0_com.android.server.slice.SliceManagerService$Lifecycle
02-09 04:22:31.547 V/SystemServerTimingAsync(  543): ssm.onUnlockingUser-0_com.android.server.slice.SliceManagerService$Lifecycle took to complete: 0ms
02-09 04:22:31.605 D/nativeloader( 1552): Configuring clns-shared-6 for other apk /apex/com.android.btservices/app/Bluetooth@UE1A.230829.036.A1/Bluetooth.apk. target_sdk_version=34, uses_libraries=, library_path=/apex/com.android.btservices/app/Bluetooth@UE1A.230829.036.A1/lib/x86_64:/system/lib64:/system_ext/lib64, permitted_path=/data:/mnt/expand:/data/user_de/0/com.android.bluetooth:/apex/com.android.btservices/app/Bluetooth@UE1A.230829.036.A1:/system/lib64:/system_ext/lib64
02-09 04:22:31.690 W/ContentProviderHelper(  543): Slow operation: 61ms so far, now at getContentProviderImpl: done!
02-09 04:22:31.691 D/SystemServerTimingAsync(  543): ssm.onUnlockingUser-0_com.android.server.stats.StatsCompanion$Lifecycle
02-09 04:22:31.740 D/OomAdjuster(  543): Not killing cached processes
02-09 04:22:31.759 D/nativeloader( 1552): InitApexLibraries:
02-09 04:22:31.759 D/nativeloader( 1552):   com_android_adservices: libhpke_jni.so:libtflite_support_classifiers_native.so
02-09 04:22:31.759 D/nativeloader( 1552):   com_android_appsearch: libicing.so
02-09 04:22:31.759 D/nativeloader( 1552):   com_android_art: libartservice.so
02-09 04:22:31.759 D/nativeloader( 1552):   com_android_btservices: libbluetooth_jni.so
02-09 04:22:31.759 D/nativeloader( 1552):   com_android_conscrypt: libjavacrypto.so
02-09 04:22:31.759 D/nativeloader( 1552):   com_android_extservices: libtflite_support_classifiers_native.so
02-09 04:22:31.759 D/nativeloader( 1552):   com_android_os_statsd: libstats_jni.so
02-09 04:22:31.759 D/nativeloader( 1552):   com_android_tethering: libandroid_net_connectivity_com_android_net_module_util_jni.so:libcronet.114.0.5735.84.so:libframework-connectivity-jni.so:libframework-connectivity-tiramisu-jni.so:libservice-connectivity.so
02-09 04:22:31.759 D/nativeloader( 1552):   com_android_uwb: libuwb_uci_jni_rust.so
02-09 04:22:31.759 D/nativeloader( 1552):   com_android_virt: libvirtualizationservice_jni.so:libvirtualmachine_jni.so
02-09 04:22:31.766 V/SystemServerTimingAsync(  543): ssm.onUnlockingUser-0_com.android.server.stats.StatsCompanion$Lifecycle took to complete: 0ms
02-09 04:22:31.812 D/SystemServerTimingAsync(  543): ssm.onUnlockingUser-0_com.android.server.scheduling.RebootReadinessManagerService$Lifecycle
02-09 04:22:31.813 V/SystemServerTimingAsync(  543): ssm.onUnlockingUser-0_com.android.server.scheduling.RebootReadinessManagerService$Lifecycle took to complete: 0ms
02-09 04:22:31.813 D/SystemServerTimingAsync(  543): ssm.onUnlockingUser-0_com.android.server.stats.pull.StatsPullAtomService
02-09 04:22:31.813 V/SystemServerTimingAsync(  543): ssm.onUnlockingUser-0_com.android.server.stats.pull.StatsPullAtomService took to complete: 0ms
02-09 04:22:31.813 D/SystemServerTimingAsync(  543): ssm.onUnlockingUser-0_com.android.server.stats.bootstrap.StatsBootstrapAtomService$Lifecycle
02-09 04:22:31.813 V/SystemServerTimingAsync(  543): ssm.onUnlockingUser-0_com.android.server.stats.bootstrap.StatsBootstrapAtomService$Lifecycle took to complete: 0ms
02-09 04:22:31.814 D/SystemServerTimingAsync(  543): ssm.onUnlockingUser-0_com.android.server.incident.IncidentCompanionService
02-09 04:22:31.814 V/SystemServerTimingAsync(  543): ssm.onUnlockingUser-0_com.android.server.incident.IncidentCompanionService took to complete: 0ms
02-09 04:22:31.814 D/SystemServerTimingAsync(  543): ssm.onUnlockingUser-0_com.android.server.sdksandbox.SdkSandboxManagerService$Lifecycle
02-09 04:22:31.815 I/SdkSandboxManager(  543): onUserUnlocking 0
02-09 04:22:31.884 W/SystemServiceManager(  543): Service com.android.server.sdksandbox.SdkSandboxManagerService$Lifecycle took 70 ms in onUnlockingUser-0
02-09 04:22:31.890 V/SystemServerTimingAsync(  543): ssm.onUnlockingUser-0_com.android.server.sdksandbox.SdkSandboxManagerService$Lifecycle took to complete: 76ms
02-09 04:22:31.903 D/SystemServerTimingAsync(  543): ssm.onUnlockingUser-0_com.android.server.adservices.AdServicesManagerService$Lifecycle
02-09 04:22:31.911 V/SystemServerTimingAsync(  543): ssm.onUnlockingUser-0_com.android.server.adservices.AdServicesManagerService$Lifecycle took to complete: 0ms
02-09 04:22:31.925 D/SystemServerTimingAsync(  543): ssm.onUnlockingUser-0_com.android.server.ondevicepersonalization.OnDevicePersonalizationSystemService$Lifecycle
02-09 04:22:31.937 V/SystemServerTimingAsync(  543): ssm.onUnlockingUser-0_com.android.server.ondevicepersonalization.OnDevicePersonalizationSystemService$Lifecycle took to complete: 0ms
02-09 04:22:31.943 D/SystemServerTimingAsync(  543): ssm.onUnlockingUser-0_com.android.server.MmsServiceBroker
02-09 04:22:31.960 I/binder  (    0): release 1620:1620 transaction 34028 out, still active
02-09 04:22:31.960 I/binder  (    0): undelivered TRANSACTION_COMPLETE
02-09 04:22:31.955 I/rs.media.module( 1627): Using CollectorTypeCC GC.
02-09 04:22:31.969 V/SystemServerTimingAsync(  543): ssm.onUnlockingUser-0_com.android.server.MmsServiceBroker took to complete: 0ms
02-09 04:22:31.969 D/SystemServerTimingAsync(  543): ssm.onUnlockingUser-0_com.android.server.autofill.AutofillManagerService
02-09 04:22:31.971 D/AutofillManagerServiceImpl(  543): Reset component for user 0:null
02-09 04:22:31.971 D/FieldClassificationStrategy(  543): reset(): service is not bound. Do nothing.
02-09 04:22:32.021 W/SystemServiceManager(  543): Service com.android.server.autofill.AutofillManagerService took 52 ms in onUnlockingUser-0
02-09 04:22:32.026 W/rs.media.module( 1627): Unexpected CPU variant for x86: x86_64.
02-09 04:22:32.026 W/rs.media.module( 1627): Known variants: atom, sandybridge, silvermont, goldmont, goldmont-plus, tremont, kabylake, default
02-09 04:22:32.038 V/SystemServerTimingAsync(  543): ssm.onUnlockingUser-0_com.android.server.autofill.AutofillManagerService took to complete: 69ms
02-09 04:22:32.053 D/SystemServerTimingAsync(  543): ssm.onUnlockingUser-0_com.android.server.credentials.CredentialManagerService
02-09 04:22:32.098 E/rs.media.module( 1627): Not starting debugger since process cannot load the jdwp agent.
02-09 04:22:32.170 W/SystemServiceManager(  543): Service com.android.server.credentials.CredentialManagerService took 113 ms in onUnlockingUser-0
02-09 04:22:32.197 W/ActivityManager(  543): Slow operation: 1336ms so far, now at startProcess: done updating battery stats
02-09 04:22:32.198 I/Watchdog(  543): Interesting Java process com.android.providers.media.module started. Pid 1627
02-09 04:22:32.198 W/ActivityManager(  543): Slow operation: 1361ms so far, now at startProcess: building log message
02-09 04:22:32.199 I/ActivityManager(  543): Start proc 1627:com.android.providers.media.module/u0a137 for service {com.android.providers.media.module/com.android.providers.media.fuse.ExternalStorageServiceImpl}
02-09 04:22:32.199 W/ActivityManager(  543): Slow operation: 1362ms so far, now at startProcess: starting to update pids map
02-09 04:22:32.210 V/SystemServerTimingAsync(  543): ssm.onUnlockingUser-0_com.android.server.credentials.CredentialManagerService took to complete: 154ms
02-09 04:22:32.211 D/SystemServerTimingAsync(  543): ssm.onUnlockingUser-0_com.android.server.selectiontoolbar.SelectionToolbarManagerService
02-09 04:22:32.225 W/ActivityManager(  543): Slow operation: 1387ms so far, now at startProcess: done updating pids map
02-09 04:22:32.226 W/BroadcastLoopers(  543): Found previously unknown looper Thread[appscheduling.default,5,main]
02-09 04:22:32.231 W/Looper  (  543): Slow dispatch took 290ms android.ui h=com.android.server.am.ActivityManagerService$UiHandler c=com.android.server.am.UidObserverController$$ExternalSyntheticLambda0@e0c1ea6 m=0
02-09 04:22:32.237 W/Looper  (  543): Slow delivery took 273ms android.ui h=com.android.server.am.ActivityManagerService$UiHandler c=com.android.server.am.UidObserverController$$ExternalSyntheticLambda0@e0c1ea6 m=0
02-09 04:22:32.237 D/AutofillUI(  543): destroySaveUiUiThread(): already destroyed
02-09 04:22:32.239 W/system_server(  543): Long monitor contention with owner binder:543_C (1546) at android.app.ContentProviderHolder com.android.server.am.ContentProviderHelper.getContentProviderImpl(android.app.IApplicationThread, java.lang.String, android.os.IBinder, int, java.lang.String, java.lang.String, boolean, int)(ContentProviderHelper.java:614) waiters=3 in android.content.Intent com.android.server.am.ActivityManagerService.registerReceiverWithFeature(android.app.IApplicationThread, java.lang.String, java.lang.String, java.lang.String, android.content.IIntentReceiver, android.content.IntentFilter, java.lang.String, int, int) for 705ms
02-09 04:22:32.307 W/SystemServiceManager(  543): Service com.android.server.selectiontoolbar.SelectionToolbarManagerService took 97 ms in onUnlockingUser-0
02-09 04:22:32.307 V/SystemServerTimingAsync(  543): ssm.onUnlockingUser-0_com.android.server.selectiontoolbar.SelectionToolbarManagerService took to complete: 97ms
02-09 04:22:32.359 D/SystemServerTimingAsync(  543): ssm.onUnlockingUser-0_com.android.server.clipboard.ClipboardService
02-09 04:22:32.359 V/SystemServerTimingAsync(  543): ssm.onUnlockingUser-0_com.android.server.clipboard.ClipboardService took to complete: 0ms
02-09 04:22:32.359 D/SystemServerTimingAsync(  543): ssm.onUnlockingUser-0_com.android.server.appbinding.AppBindingService$Lifecycle
02-09 04:22:32.422 W/SystemServiceManager(  543): Service com.android.server.appbinding.AppBindingService$Lifecycle took 63 ms in onUnlockingUser-0
02-09 04:22:32.422 V/SystemServerTimingAsync(  543): ssm.onUnlockingUser-0_com.android.server.appbinding.AppBindingService$Lifecycle took to complete: 63ms
02-09 04:22:32.423 D/SystemServerTimingAsync(  543): ssm.onUnlockingUser-0_com.android.server.tracing.TracingServiceProxy
02-09 04:22:32.423 V/SystemServerTimingAsync(  543): ssm.onUnlockingUser-0_com.android.server.tracing.TracingServiceProxy took to complete: 0ms
02-09 04:22:32.423 D/SystemServerTimingAsync(  543): ssm.onUnlockingUser-0_com.android.server.policy.PermissionPolicyService
02-09 04:22:32.423 V/SystemServerTimingAsync(  543): ssm.onUnlockingUser-0_com.android.server.policy.PermissionPolicyService took to complete: 0ms
02-09 04:22:32.423 D/SystemServerTimingAsync(  543): ssm.onUnlockingUser-0_com.android.server.pm.StagingManager$Lifecycle
02-09 04:22:32.490 W/ActivityManager(  543): Slow operation: 132ms so far, now at attachApplicationLocked: before bindApplication
02-09 04:22:32.530 D/CompatibilityChangeReporter(  543): Compat change id reported: 168419799; UID 10137; state: DISABLED
02-09 04:22:32.534 D/CompatibilityChangeReporter(  543): Compat change id reported: 265195908; UID 10137; state: ENABLED
02-09 04:22:32.561 V/SystemServerTimingAsync(  543): ssm.onUnlockingUser-0_com.android.server.pm.StagingManager$Lifecycle took to complete: 138ms
02-09 04:22:32.561 D/SystemServerTimingAsync(  543): ssm.onUnlockingUser-0_com.android.server.app.GameManagerService$Lifecycle
02-09 04:22:32.574 V/SystemServerTimingAsync(  543): ssm.onUnlockingUser-0_com.android.server.app.GameManagerService$Lifecycle took to complete: 13ms
02-09 04:22:32.575 D/SystemServerTimingAsync(  543): ssm.onUnlockingUser-0_com.android.safetycenter.SafetyCenterService
02-09 04:22:32.575 V/SystemServerTimingAsync(  543): ssm.onUnlockingUser-0_com.android.safetycenter.SafetyCenterService took to complete: 0ms
02-09 04:22:32.575 D/SystemServerTimingAsync(  543): ssm.onUnlockingUser-0_com.android.server.appsearch.AppSearchModule$Lifecycle
02-09 04:22:32.605 D/BluetoothHeadset(  543): Binding service...
02-09 04:22:32.606 D/BluetoothManagerService(  543): Trying to bind to profile: 1, while Bluetooth was disabled
02-09 04:22:32.607 D/CompatibilityChangeReporter(  543): Compat change id reported: 273564678; UID 10137; state: DISABLED
02-09 04:22:32.650 W/ActivityManager(  543): Slow operation: 293ms so far, now at attachApplicationLocked: immediately before bindApplication
02-09 04:22:32.653 E/system_server(  543): No package ID 7f found for resource ID 0x7f08025b.
02-09 04:22:32.661 E/system_server(  543): No package ID 7f found for resource ID 0x7f1315be.
02-09 04:22:32.665 D/BluetoothHearingAid(  543): Binding service...
02-09 04:22:32.666 D/BluetoothManagerService(  543): Trying to bind to profile: 21, while Bluetooth was disabled
02-09 04:22:32.667 D/BluetoothLeAudio(  543): Binding service...
02-09 04:22:32.667 D/BluetoothManagerService(  543): Trying to bind to profile: 22, while Bluetooth was disabled
02-09 04:22:32.682 W/ActivityManager(  543): Slow operation: 324ms so far, now at attachApplicationLocked: immediately after bindApplication
02-09 04:22:32.682 W/ActivityManager(  543): Slow operation: 325ms so far, now at attachApplicationLocked: after updateLruProcessLocked
02-09 04:22:32.828 E/system_server(  543): No package ID 7f found for resource ID 0x7f08025a.
02-09 04:22:32.829 E/system_server(  543): No package ID 7f found for resource ID 0x7f13067c.
02-09 04:22:32.829 E/system_server(  543): No package ID 7f found for resource ID 0x7f080259.
02-09 04:22:32.830 E/system_server(  543): No package ID 7f found for resource ID 0x7f130e50.
02-09 04:22:32.395 W/Looper  (  950): Slow dispatch took 2588ms SysUiBg h=android.os.Handler c=android.net.wifi.WifiManager$ScanResultsCallback$ScanResultsCallbackProxy$$ExternalSyntheticLambda0@eab9899 m=0
02-09 04:22:32.874 V/GraphicsEnvironment( 1580): Currently set values for:
02-09 04:22:32.901 V/GraphicsEnvironment( 1580):   angle_gl_driver_selection_pkgs=[]
02-09 04:22:32.902 V/GraphicsEnvironment( 1580):   angle_gl_driver_selection_values=[]
02-09 04:22:32.979 V/BackupManagerService(  543): [UserID:0] Starting with transport com.android.localtransport/.LocalTransport
02-09 04:22:32.999 I/init    (    0): Untracked pid 1620 received signal 1
02-09 04:22:32.999 I/init    (    0): Untracked pid 1620 did not have an associated service entry and will not be reaped
02-09 04:22:33.021 V/GraphicsEnvironment( 1580): ANGLE GameManagerService for com.android.providers.userdictionary: false
02-09 04:22:33.073 V/GraphicsEnvironment( 1552): Currently set values for:
02-09 04:22:33.108 V/SystemUIBootTiming(  950): StartServices com.android.systemui.power.PowerUI took to complete: 8111ms
02-09 04:22:33.110 W/SystemUIService(  950): Initialization of com.android.systemui.power.PowerUI took 8113 ms
02-09 04:22:33.124 V/SystemUIBootTiming(  950): StartServices com.android.systemui.qs.QSFragmentStartable took to complete: 10ms
02-09 04:22:33.142 V/GraphicsEnvironment( 1552):   angle_gl_driver_selection_pkgs=[]
02-09 04:22:33.027 V/GraphicsEnvironment( 1580): com.android.providers.userdictionary is not listed in per-application setting
02-09 04:22:33.182 V/GraphicsEnvironment( 1580): Neither updatable production driver nor prerelease driver is supported.
02-09 04:22:33.189 W/system_server(  543): Long monitor contention with owner binder:543_C (1546) at boolean com.android.server.am.OomAdjuster.updateOomAdjLocked(com.android.server.am.ProcessRecord, int)(OomAdjuster.java:609) waiters=0 in void com.android.server.am.ActivityManagerService$LocalService.notifyNetworkPolicyRulesUpdated(int, long) for 201ms
02-09 04:22:33.191 I/Telecom (  543): BluetoothRouteManager: getBluetoothAudioConnectedDevice: no service available.
02-09 04:22:33.198 W/ActivityManager(  543): Slow operation: 379ms so far, now at finishAttachApplicationInner: after mServices.attachApplicationLocked
02-09 04:22:33.199 W/ActivityManager(  543): Slow operation: 517ms so far, now at finishAttachApplicationInner: after dispatching broadcasts
02-09 04:22:33.211 D/BackupManagerService(  543): [UserID:0] Started thread backup-0
02-09 04:22:33.227 W/system_server(  543): Long monitor contention with owner binder:543_C (1546) at void com.android.server.am.ActivityManagerService.finishAttachApplicationInner(long, int, int)(ActivityManagerService.java:4940) waiters=0 in java.lang.String com.android.server.am.ActivityManagerService.getTagForIntentSender(android.content.IIntentSender, java.lang.String) for 420ms
02-09 04:22:33.246 I/AppSearchUserInstanceMa(  543): Creating new AppSearch instance at: /data/system_ce/0/appsearch/icing
02-09 04:22:33.264 W/system_server(  543): Long monitor contention with owner binder:543_C (1546) at void com.android.server.am.ActivityManagerService.finishAttachApplicationInner(long, int, int)(ActivityManagerService.java:4940) waiters=1 in void com.android.server.am.BroadcastQueueModernImpl$1.onUidStateChanged(int, int, long, int) for 453ms
02-09 04:22:33.266 W/Looper  (  543): Drained
02-09 04:22:33.266 W/Looper  (  543): Slow dispatch took 476ms android.ui h=com.android.server.am.ActivityManagerService$UiHandler c=com.android.server.am.UidObserverController$$ExternalSyntheticLambda0@e0c1ea6 m=0
02-09 04:22:33.285 W/system_server(  543): Long monitor contention with owner binder:543_C (1546) at void com.android.server.am.ActivityManagerService.finishAttachApplicationInner(long, int, int)(ActivityManagerService.java:4940) waiters=2 in android.content.Intent com.android.server.am.ActivityManagerService.registerReceiverWithFeature(android.app.IApplicationThread, java.lang.String, java.lang.String, java.lang.String, android.content.IIntentReceiver, android.content.IntentFilter, java.lang.String, int, int) for 384ms
02-09 04:22:33.144 V/GraphicsEnvironment( 1552):   angle_gl_driver_selection_values=[]
02-09 04:22:33.334 V/GraphicsEnvironment( 1552): ANGLE GameManagerService for com.android.bluetooth: false
02-09 04:22:33.335 V/GraphicsEnvironment( 1552): com.android.bluetooth is not listed in per-application setting
02-09 04:22:33.335 V/GraphicsEnvironment( 1552): Neither updatable production driver nor prerelease driver is supported.
02-09 04:22:33.367 I/Telecom (  543): SystemStateHelper: Registering broadcast receiver: android.content.IntentFilter@e2bc931: TS.init@AAA
02-09 04:22:33.367 I/Telecom (  543): SystemStateHelper: Registering broadcast receiver: android.content.IntentFilter@cd7c816: TS.init@AAA
02-09 04:22:33.512 D/CompatibilityChangeReporter( 1627): Compat change id reported: 171979766; UID 10137; state: ENABLED
02-09 04:22:33.534 D/CompatibilityChangeReporter(  543): Compat change id reported: 161145287; UID 10124; state: ENABLED
02-09 04:22:33.552 W/SystemServiceManager(  543): Service com.android.server.appsearch.AppSearchModule$Lifecycle took 916 ms in onUnlockingUser-0
02-09 04:22:33.552 V/SystemServerTimingAsync(  543): ssm.onUnlockingUser-0_com.android.server.appsearch.AppSearchModule$Lifecycle took to complete: 977ms
02-09 04:22:33.552 D/SystemServerTimingAsync(  543): ssm.onUnlockingUser-0_com.android.server.media.MediaCommunicationService
02-09 04:22:33.553 V/SystemServerTimingAsync(  543): ssm.onUnlockingUser-0_com.android.server.media.MediaCommunicationService took to complete: 0ms
02-09 04:22:33.553 D/SystemServerTimingAsync(  543): ssm.onUnlockingUser-0_com.android.server.compat.overrides.AppCompatOverridesService$Lifecycle
02-09 04:22:33.553 V/SystemServerTimingAsync(  543): ssm.onUnlockingUser-0_com.android.server.compat.overrides.AppCompatOverridesService$Lifecycle took to complete: 0ms
02-09 04:22:33.553 D/SystemServerTimingAsync(  543): ssm.onUnlockingUser-0_com.android.server.healthconnect.HealthConnectManagerService
02-09 04:22:33.553 V/SystemServerTimingAsync(  543): ssm.onUnlockingUser-0_com.android.server.healthconnect.HealthConnectManagerService took to complete: 0ms
02-09 04:22:33.554 D/SystemServerTimingAsync(  543): ssm.onUnlockingUser-0_com.android.server.devicelock.DeviceLockService
02-09 04:22:33.554 D/DeviceLockService(  543): onUserUnlocking
02-09 04:22:33.554 V/SystemServerTimingAsync(  543): ssm.onUnlockingUser-0_com.android.server.devicelock.DeviceLockService took to complete: 1ms
02-09 04:22:33.555 V/SystemServerTimingAsync(  543): ssm.UnlockingUser-0 took to complete: 19770ms
02-09 04:22:33.567 I/ActivityTaskManager(  543): Loading recents for user 0 into memory.
02-09 04:22:33.609 D/CompatibilityChangeReporter( 1627): Compat change id reported: 242716250; UID 10137; state: ENABLED
02-09 04:22:33.640 W/healthd (    0): battery l=100 v=5000 t=25.0 h=2 st=2 c=900000 fc=3000000 cc=10 chg=a
02-09 04:22:33.703 E/TaskPersister(  543): restoreTasksForUserLocked: Unable to list files from /data/system_ce/0/recent_tasks
02-09 04:22:33.728 V/PackageConfigPersister(  543): loadPackages: empty list files from /data/system_ce/0/package_configs
02-09 04:22:33.732 W/Looper  (  543): Slow dispatch took 166ms android.fg h=android.os.Handler c=com.android.server.am.UserController$$ExternalSyntheticLambda7@f7a9108 m=0
02-09 04:22:33.762 V/SystemUIBootTiming(  950): StartServices com.android.systemui.qs.pipeline.prototyping.PrototypeCoreStartable took to complete: 636ms
02-09 04:22:33.787 V/SystemUIBootTiming(  950): StartServices com.android.systemui.reardisplay.RearDisplayDialogController took to complete: 1ms
02-09 04:22:33.881 V/SystemUIBootTiming(  950): StartServices com.android.systemui.recents.Recents took to complete: 0ms
02-09 04:22:33.883 V/SystemUIBootTiming(  950): StartServices com.android.systemui.settings.UserFileManagerImpl took to complete: 1ms
02-09 04:22:33.956 E/WifiHealthMonitor(  543):  Hit PackageManager exception
02-09 04:22:33.956 E/WifiHealthMonitor(  543): android.content.pm.PackageManager$NameNotFoundException: No module info for package: com.android.wifi
02-09 04:22:33.956 E/WifiHealthMonitor(  543): 	at android.app.ApplicationPackageManager.getModuleInfo(ApplicationPackageManager.java:1190)
02-09 04:22:33.956 E/WifiHealthMonitor(  543): 	at com.android.server.wifi.WifiHealthMonitor.getWifiStackVersion(WifiHealthMonitor.java:367)
02-09 04:22:33.956 E/WifiHealthMonitor(  543): 	at com.android.server.wifi.WifiHealthMonitor.extractCurrentSoftwareBuildInfo(WifiHealthMonitor.java:588)
02-09 04:22:33.956 E/WifiHealthMonitor(  543): 	at com.android.server.wifi.WifiHealthMonitor.postBootSwBuildCheck(WifiHealthMonitor.java:523)
02-09 04:22:33.956 E/WifiHealthMonitor(  543): 	at com.android.server.wifi.WifiHealthMonitor.postBootDetectionHandler(WifiHealthMonitor.java:514)
02-09 04:22:33.956 E/WifiHealthMonitor(  543): 	at com.android.server.wifi.WifiHealthMonitor.-$$Nest$mpostBootDetectionHandler(WifiHealthMonitor.java:0)
02-09 04:22:33.956 E/WifiHealthMonitor(  543): 	at com.android.server.wifi.WifiHealthMonitor$2.onAlarm(WifiHealthMonitor.java:190)
02-09 04:22:33.956 E/WifiHealthMonitor(  543): 	at android.app.AlarmManager$ListenerWrapper.run(AlarmManager.java:375)
02-09 04:22:33.956 E/WifiHealthMonitor(  543): 	at android.os.Handler.handleCallback(Handler.java:958)
02-09 04:22:33.956 E/WifiHealthMonitor(  543): 	at android.os.Handler.dispatchMessage(Handler.java:99)
02-09 04:22:33.956 E/WifiHealthMonitor(  543): 	at com.android.server.wifi.RunnerHandler.dispatchMessage(RunnerHandler.java:122)
02-09 04:22:33.956 E/WifiHealthMonitor(  543): 	at android.os.Looper.loopOnce(Looper.java:205)
02-09 04:22:33.956 E/WifiHealthMonitor(  543): 	at android.os.Looper.loop(Looper.java:294)
02-09 04:22:33.956 E/WifiHealthMonitor(  543): 	at android.os.HandlerThread.run(HandlerThread.java:67)
02-09 04:22:33.966 W/system_server(  543): Long monitor contention with owner AlarmManager (656) at void com.android.server.alarm.AlarmManagerService$AlarmThread.run()(AlarmManagerService.java:4891) waiters=0 in void com.android.server.alarm.AlarmManagerService$9.handleUidCachedChanged(int, boolean) for 551ms
02-09 04:22:34.072 D/SystemServerTiming(  543): finishUserUnlocked-0
02-09 04:22:34.152 I/ActivityManager(  543): User 0 state changed from RUNNING_UNLOCKING to RUNNING_UNLOCKED
02-09 04:22:34.153 D/CompatibilityChangeReporter(  543): Compat change id reported: 170503758; UID 10137; state: ENABLED
02-09 04:22:34.214 W/system_server(  543): Core platform API violation: Llibcore/io/Memory;->pokeByte(JB)V from Lcom/android/server/appsearch/protobuf/UnsafeUtil; using reflection
02-09 04:22:34.215 W/system_server(  543): Core platform API violation: Llibcore/io/Memory;->peekByte(J)B from Lcom/android/server/appsearch/protobuf/UnsafeUtil; using reflection
